<html>
<body>
<pre>
<h1>µVision Build Log</h1>
<h2>Project:</h2>
N:\2B\MTE 241\FinalProject\Dungeon.uvproj
Project File Date:  06/28/2018

<h2>Output:</h2>
Build target 'Target 1'
compiling main.c...
linking...
Program Size: Code=12516 RO-data=6556 RW-data=4152 ZI-data=13072  
"Dungeon.axf" - 0 Error(s), 0 Warning(s).
Load "N:\\2B\\MTE 241\\FinalProject\\Dungeon.AXF" 
Erase Done.
Programming Done.
Verify OK.
Build target 'Target 1'
compiling main.c...
src\main.c(41): error:  #20: identifier "OBJ_U16" is undefined
Target not created
Build target 'Target 1'
compiling main.c...
linking...
Program Size: Code=12552 RO-data=6556 RW-data=4152 ZI-data=13096  
"Dungeon.axf" - 0 Error(s), 0 Warning(s).
Load "N:\\2B\\MTE 241\\FinalProject\\Dungeon.AXF" 
Erase Done.
Programming Done.
Verify OK.
Build target 'Target 1'
compiling main.c...
linking...
Program Size: Code=12552 RO-data=6556 RW-data=4152 ZI-data=13096  
"Dungeon.axf" - 0 Error(s), 0 Warning(s).
Load "N:\\2B\\MTE 241\\FinalProject\\Dungeon.AXF" 
Erase Done.
Programming Done.
Verify OK.
Build target 'Target 1'
compiling main.c...
linking...
Program Size: Code=12552 RO-data=6556 RW-data=4152 ZI-data=13096  
"Dungeon.axf" - 0 Error(s), 0 Warning(s).
Load "N:\\2B\\MTE 241\\FinalProject\\Dungeon.AXF" 
Erase Done.
Programming Done.
Verify OK.
Build target 'Target 1'
compiling main.c...
linking...
Program Size: Code=12552 RO-data=6556 RW-data=4152 ZI-data=13096  
"Dungeon.axf" - 0 Error(s), 0 Warning(s).
Load "N:\\2B\\MTE 241\\FinalProject\\Dungeon.AXF" 
Erase Done.
Programming Done.
Verify OK.
Build target 'Target 1'
compiling main.c...
src\main.c(64): warning:  #174-D: expression has no effect
src\main.c(66): error:  #268: declaration may not appear after executable statement in block
Target not created
Load "N:\\2B\\MTE 241\\FinalProject\\Dungeon.AXF" 
_____^
*** error 56: cannot open file
Build target 'Target 1'
compiling main.c...
src\main.c(66): error:  #268: declaration may not appear after executable statement in block
Target not created
Build target 'Target 1'
compiling main.c...
linking...
Program Size: Code=12448 RO-data=6556 RW-data=4152 ZI-data=13096  
"Dungeon.axf" - 0 Error(s), 0 Warning(s).
Load "N:\\2B\\MTE 241\\FinalProject\\Dungeon.AXF" 
Erase Done.
Programming Done.
Verify OK.
Rebuild target 'Target 1'
assembling startup_LPC17xx.s...
compiling system_LPC17xx.c...
compiling main.c...
compiling led.c...
compiling Retarget.c...
compiling RTX_config.c...
compiling timer.c...
compiling uart.c...
compiling Controller.c...
src\Controller.c(107): warning:  #61-D: integer operation result is out of range
src\Controller.c(107): warning:  #68-D: integer conversion resulted in a change of sign
compiling GLCD_Scroll.c...
compiling GLCD_SPI_LPC1700.c...
compiling GLCDRenderLIB.c...
linking...
Program Size: Code=12456 RO-data=6556 RW-data=4152 ZI-data=13096  
"Dungeon.axf" - 0 Error(s), 2 Warning(s).
Load "N:\\2B\\MTE 241\\FinalProject\\Dungeon.AXF" 
Erase Done.
Programming Done.
Verify OK.
Build target 'Target 1'
compiling main.c...
linking...
Program Size: Code=12432 RO-data=6556 RW-data=4152 ZI-data=13096  
"Dungeon.axf" - 0 Error(s), 0 Warning(s).
Load "N:\\2B\\MTE 241\\FinalProject\\Dungeon.AXF" 
Erase Done.
Programming Done.
Verify OK.
Build target 'Target 1'
compiling main.c...
linking...
Program Size: Code=12432 RO-data=6556 RW-data=4152 ZI-data=13096  
"Dungeon.axf" - 0 Error(s), 0 Warning(s).
Load "N:\\2B\\MTE 241\\FinalProject\\Dungeon.AXF" 
Erase Done.
Programming Done.
Verify OK.
Build target 'Target 1'
compiling main.c...
linking...
Program Size: Code=12492 RO-data=6556 RW-data=4152 ZI-data=13096  
"Dungeon.axf" - 0 Error(s), 0 Warning(s).
Load "N:\\2B\\MTE 241\\FinalProject\\Dungeon.AXF" 
Erase Done.
Programming Done.
Verify OK.
Build target 'Target 1'
compiling main.c...
linking...
Program Size: Code=12496 RO-data=6556 RW-data=4152 ZI-data=13096  
"Dungeon.axf" - 0 Error(s), 0 Warning(s).
Load "N:\\2B\\MTE 241\\FinalProject\\Dungeon.AXF" 
Erase Done.
Programming Done.
Verify OK.
Build target 'Target 1'
compiling main.c...
linking...
Program Size: Code=12432 RO-data=6556 RW-data=4152 ZI-data=13096  
"Dungeon.axf" - 0 Error(s), 0 Warning(s).
Load "N:\\2B\\MTE 241\\FinalProject\\Dungeon.AXF" 
Erase Done.
Programming Done.
Verify OK.
Build target 'Target 1'
compiling main.c...
linking...
Program Size: Code=12432 RO-data=6556 RW-data=4152 ZI-data=13096  
"Dungeon.axf" - 0 Error(s), 0 Warning(s).
Load "N:\\2B\\MTE 241\\FinalProject\\Dungeon.AXF" 
Erase Done.
Programming Done.
Verify OK.
Build target 'Target 1'
compiling main.c...
linking...
Program Size: Code=12424 RO-data=6556 RW-data=4152 ZI-data=13096  
"Dungeon.axf" - 0 Error(s), 0 Warning(s).
Load "N:\\2B\\MTE 241\\FinalProject\\Dungeon.AXF" 
Erase Done.
Programming Done.
Verify OK.
Build target 'Target 1'
compiling main.c...
linking...
Program Size: Code=12424 RO-data=6556 RW-data=4152 ZI-data=13096  
"Dungeon.axf" - 0 Error(s), 0 Warning(s).
Load "N:\\2B\\MTE 241\\FinalProject\\Dungeon.AXF" 
Erase Done.
Programming Done.
Verify OK.
Build target 'Target 1'
compiling main.c...
linking...
Program Size: Code=12452 RO-data=6556 RW-data=4152 ZI-data=13096  
"Dungeon.axf" - 0 Error(s), 0 Warning(s).
Load "N:\\2B\\MTE 241\\FinalProject\\Dungeon.AXF" 
Erase Done.
Programming Done.
Verify OK.
Build target 'Target 1'
compiling main.c...
src\main.c(87): warning:  #177-D: variable "zx" was declared but never referenced
src\main.c(87): warning:  #177-D: variable "zy" was declared but never referenced
linking...
Program Size: Code=12452 RO-data=6556 RW-data=4160 ZI-data=13504  
"Dungeon.axf" - 0 Error(s), 2 Warning(s).
compiling main.c...
src\main.c - 0 Error(s), 0 Warning(s).
Build target 'Target 1'
compiling main.c...
src\main.c(73): error:  #20: identifier "map" is undefined
src\main.c(367): error:  #20: identifier "i" is undefined
src\main.c(369): error:  #20: identifier "j" is undefined
src\main.c(371): error:  #20: identifier "isWall" is undefined
compiling GLCDRenderLIB.c...
Target not created
Build target 'Target 1'
compiling main.c...
src\main.c(73): error:  #20: identifier "map" is undefined
Target not created
Build target 'Target 1'
compiling main.c...
src\main.c(72): error:  #20: identifier "mutex_map" is undefined
src\main.c(76): warning:  #188-D: enumerated type mixed with another type
src\main.c(81): warning:  #223-D: function "PathExist_TEXEL_Space" declared implicitly
src\main.c(109): error:  #20: identifier "PLAYER" is undefined
src\main.c(202): warning:  #223-D: function "PathExist_TEXEL_Space" declared implicitly
src\main.c(338): error:  #20: identifier "mutex_map" is undefined
src\main.c(370): warning:  #223-D: function "PathExist_TEXEL_Space" declared implicitly
compiling GLCDRenderLIB.c...
Target not created
Build target 'Target 1'
compiling main.c...
src\main.c(74): error:  #20: identifier "mutex_map" is undefined
src\main.c(76): warning:  #188-D: enumerated type mixed with another type
src\main.c(81): warning:  #223-D: function "PathExist_TEXEL_Space" declared implicitly
src\main.c(109): error:  #20: identifier "PLAYER" is undefined
src\main.c(202): warning:  #223-D: function "PathExist_TEXEL_Space" declared implicitly
src\main.c(338): error:  #20: identifier "mutex_map" is undefined
src\main.c(370): warning:  #223-D: function "PathExist_TEXEL_Space" declared implicitly
Target not created
Build target 'Target 1'
compiling main.c...
src\main.c(76): warning:  #188-D: enumerated type mixed with another type
src\main.c(81): warning:  #223-D: function "PathExist_TEXEL_Space" declared implicitly
src\main.c(109): error:  #20: identifier "PLAYER" is undefined
src\main.c(202): warning:  #223-D: function "PathExist_TEXEL_Space" declared implicitly
src\main.c(338): error:  #20: identifier "mutex_map" is undefined
src\main.c(370): warning:  #223-D: function "PathExist_TEXEL_Space" declared implicitly
Target not created
Build target 'Target 1'
compiling main.c...
src\main.c(76): warning:  #188-D: enumerated type mixed with another type
src\main.c(81): warning:  #223-D: function "PathExist_TEXEL_Space" declared implicitly
src\main.c(217): error:  #20: identifier "isWalkable" is undefined
src\main.c(334): error:  #20: identifier "mutex_map" is undefined
src\main.c(366): warning:  #223-D: function "PathExist_TEXEL_Space" declared implicitly
Target not created
Build target 'Target 1'
compiling main.c...
src\main.c(76): warning:  #188-D: enumerated type mixed with another type
src\main.c(81): warning:  #223-D: function "PathExist_TEXEL_Space" declared implicitly
src\main.c(366): warning:  #223-D: function "PathExist_TEXEL_Space" declared implicitly
linking...
Dungeon.axf: Error: L6218E: Undefined symbol PathExist_TEXEL_Space (referred from main.o).
Target not created
Build target 'Target 1'
compiling main.c...
src\main.c(76): warning:  #188-D: enumerated type mixed with another type
src\main.c(81): warning:  #223-D: function "PathExist_TEXEL_Space" declared implicitly
src\main.c(367): warning:  #223-D: function "PathExist_TEXEL_Space" declared implicitly
linking...
Dungeon.axf: Error: L6218E: Undefined symbol PathExist_TEXEL_Space (referred from main.o).
Target not created
compiling main.c...
src\main.c(76): warning:  #188-D: enumerated type mixed with another type
src\main.c(81): warning:  #223-D: function "PathExist_TEXEL_Space" declared implicitly
src\main.c(367): warning:  #223-D: function "PathExist_TEXEL_Space" declared implicitly
src\main.c - 0 Error(s), 3 Warning(s).
Rebuild target 'Target 1'
assembling startup_LPC17xx.s...
compiling system_LPC17xx.c...
compiling main.c...
src\main.c(76): warning:  #188-D: enumerated type mixed with another type
src\main.c(81): warning:  #223-D: function "PathExist_TEXEL_Space" declared implicitly
src\main.c(367): warning:  #223-D: function "PathExist_TEXEL_Space" declared implicitly
compiling led.c...
compiling Retarget.c...
compiling RTX_config.c...
compiling timer.c...
compiling uart.c...
compiling Controller.c...
src\Controller.c(107): warning:  #61-D: integer operation result is out of range
src\Controller.c(107): warning:  #68-D: integer conversion resulted in a change of sign
compiling GLCD_Scroll.c...
compiling GLCD_SPI_LPC1700.c...
compiling GLCDRenderLIB.c...
linking...
Dungeon.axf: Error: L6218E: Undefined symbol PathExist_TEXEL_Space (referred from main.o).
Target not created
Clean started: Project: 'Dungeon'
   deleting intermediate output files for target 'Target 1'
Build target 'Target 1'
assembling startup_LPC17xx.s...
compiling system_LPC17xx.c...
compiling main.c...
src\main.c(76): warning:  #188-D: enumerated type mixed with another type
src\main.c(81): warning:  #223-D: function "PathExist_TEXEL_Space" declared implicitly
src\main.c(367): warning:  #223-D: function "PathExist_TEXEL_Space" declared implicitly
compiling led.c...
compiling Retarget.c...
compiling RTX_config.c...
compiling timer.c...
compiling uart.c...
compiling Controller.c...
src\Controller.c(107): warning:  #61-D: integer operation result is out of range
src\Controller.c(107): warning:  #68-D: integer conversion resulted in a change of sign
compiling GLCD_Scroll.c...
compiling GLCD_SPI_LPC1700.c...
compiling GLCDRenderLIB.c...
linking...
Dungeon.axf: Error: L6218E: Undefined symbol PathExist_TEXEL_Space (referred from main.o).
Target not created
Build target 'Target 1'
compiling main.c...
src\main.c(76): warning:  #188-D: enumerated type mixed with another type
linking...
Program Size: Code=12524 RO-data=6580 RW-data=4136 ZI-data=13896  
"Dungeon.axf" - 0 Error(s), 1 Warning(s).
Rebuild target 'Target 1'
assembling startup_LPC17xx.s...
compiling system_LPC17xx.c...
compiling main.c...
src\main.c(76): warning:  #188-D: enumerated type mixed with another type
compiling led.c...
compiling Retarget.c...
compiling RTX_config.c...
compiling timer.c...
compiling uart.c...
compiling Controller.c...
src\Controller.c(107): warning:  #61-D: integer operation result is out of range
src\Controller.c(107): warning:  #68-D: integer conversion resulted in a change of sign
compiling GLCD_Scroll.c...
compiling GLCD_SPI_LPC1700.c...
compiling GLCDRenderLIB.c...
linking...
Program Size: Code=12524 RO-data=6580 RW-data=4136 ZI-data=13896  
"Dungeon.axf" - 0 Error(s), 3 Warning(s).
Load "N:\\2B\\MTE 241\\FinalProject\\Dungeon.AXF" 
Erase Done.
Programming Done.
Verify OK.
Build target 'Target 1'
compiling main.c...
src\main.c(76): warning:  #188-D: enumerated type mixed with another type
linking...
Program Size: Code=12684 RO-data=6580 RW-data=4136 ZI-data=13896  
"Dungeon.axf" - 0 Error(s), 1 Warning(s).
Load "N:\\2B\\MTE 241\\FinalProject\\Dungeon.AXF" 
Erase Done.
Programming Done.
Verify OK.
Build target 'Target 1'
compiling main.c...
src\main.c(76): warning:  #188-D: enumerated type mixed with another type
linking...
Program Size: Code=12684 RO-data=6580 RW-data=4136 ZI-data=13896  
"Dungeon.axf" - 0 Error(s), 1 Warning(s).
Load "N:\\2B\\MTE 241\\FinalProject\\Dungeon.AXF" 
Erase Done.
Programming Done.
Verify OK.
Build target 'Target 1'
compiling main.c...
src\main.c(76): warning:  #188-D: enumerated type mixed with another type
linking...
Program Size: Code=12692 RO-data=6580 RW-data=4136 ZI-data=13896  
"Dungeon.axf" - 0 Error(s), 1 Warning(s).
Load "N:\\2B\\MTE 241\\FinalProject\\Dungeon.AXF" 
Erase Done.
Programming Done.
Verify OK.
Load "N:\\2B\\MTE 241\\FinalProject\\Dungeon.AXF" 
Erase Done.
Programming Done.
Verify OK.
Build target 'Target 1'
compiling main.c...
src\main.c(76): warning:  #188-D: enumerated type mixed with another type
compiling GLCDRenderLIB.c...
linking...
Program Size: Code=12688 RO-data=6580 RW-data=4136 ZI-data=13896  
"Dungeon.axf" - 0 Error(s), 1 Warning(s).
Load "N:\\2B\\MTE 241\\FinalProject\\Dungeon.AXF" 
Erase Done.
Programming Done.
Verify OK.
Build target 'Target 1'
compiling main.c...
src\main.c(69): warning:  #69-D: integer conversion resulted in truncation
src\main.c(76): warning:  #188-D: enumerated type mixed with another type
compiling GLCDRenderLIB.c...
linking...
Program Size: Code=12688 RO-data=6580 RW-data=4136 ZI-data=13896  
"Dungeon.axf" - 0 Error(s), 2 Warning(s).
Load "N:\\2B\\MTE 241\\FinalProject\\Dungeon.AXF" 
Erase Done.
Programming Done.
Verify OK.
Build target 'Target 1'
compiling main.c...
src\main.c(76): warning:  #188-D: enumerated type mixed with another type
compiling GLCDRenderLIB.c...
linking...
Program Size: Code=12688 RO-data=6580 RW-data=4136 ZI-data=13896  
"Dungeon.axf" - 0 Error(s), 1 Warning(s).
Load "N:\\2B\\MTE 241\\FinalProject\\Dungeon.AXF" 
Erase Done.
Programming Done.
Verify OK.
Build target 'Target 1'
compiling main.c...
src\main.c(76): warning:  #188-D: enumerated type mixed with another type
src\main.c(136): error:  #20: identifier "zp" is undefined
compiling GLCDRenderLIB.c...
Target not created
Build target 'Target 1'
compiling main.c...
src\main.c(78): warning:  #188-D: enumerated type mixed with another type
src\main.c(112): error:  #18: expected a ")"
src\main.c(114): error:  #118: a void function may not return a value
src\main.c(118): error:  #118: a void function may not return a value
src\main.c(153): error:  #513: a value of type "void" cannot be assigned to an entity of type "uint8_t"
src\main.c(158): error:  #513: a value of type "void" cannot be assigned to an entity of type "uint8_t"
src\main.c(163): error:  #513: a value of type "void" cannot be assigned to an entity of type "uint8_t"
Target not created
Build target 'Target 1'
compiling main.c...
src\main.c(78): warning:  #188-D: enumerated type mixed with another type
src\main.c(112): error:  #18: expected a ")"
src\main.c(114): error:  #118: a void function may not return a value
src\main.c(118): error:  #118: a void function may not return a value
src\main.c(153): error:  #513: a value of type "void" cannot be assigned to an entity of type "uint8_t"
src\main.c(158): error:  #513: a value of type "void" cannot be assigned to an entity of type "uint8_t"
src\main.c(163): error:  #513: a value of type "void" cannot be assigned to an entity of type "uint8_t"
Target not created
Build target 'Target 1'
compiling main.c...
src\main.c(78): warning:  #188-D: enumerated type mixed with another type
src\main.c(114): error:  #118: a void function may not return a value
src\main.c(118): error:  #118: a void function may not return a value
src\main.c(153): error:  #513: a value of type "void" cannot be assigned to an entity of type "uint8_t"
src\main.c(158): error:  #513: a value of type "void" cannot be assigned to an entity of type "uint8_t"
src\main.c(163): error:  #513: a value of type "void" cannot be assigned to an entity of type "uint8_t"
Target not created
Build target 'Target 1'
compiling main.c...
src\main.c(78): warning:  #188-D: enumerated type mixed with another type
src\main.c(114): warning:  #188-D: enumerated type mixed with another type
src\main.c(118): warning:  #188-D: enumerated type mixed with another type
linking...
Program Size: Code=12876 RO-data=6580 RW-data=4136 ZI-data=13904  
"Dungeon.axf" - 0 Error(s), 3 Warning(s).
Load "N:\\2B\\MTE 241\\FinalProject\\Dungeon.AXF" 
Erase Done.
Programming Done.
Verify OK.
Load "N:\\2B\\MTE 241\\FinalProject\\Dungeon.AXF" 
Erase Done.
Programming Done.
Verify OK.
Build target 'Target 1'
compiling main.c...
src\main.c(78): warning:  #188-D: enumerated type mixed with another type
src\main.c(114): warning:  #188-D: enumerated type mixed with another type
src\main.c(118): warning:  #188-D: enumerated type mixed with another type
linking...
Program Size: Code=12872 RO-data=6580 RW-data=4136 ZI-data=13904  
"Dungeon.axf" - 0 Error(s), 3 Warning(s).
Build target 'Target 1'
compiling main.c...
src\main.c(78): warning:  #188-D: enumerated type mixed with another type
src\main.c(114): warning:  #188-D: enumerated type mixed with another type
src\main.c(118): warning:  #188-D: enumerated type mixed with another type
linking...
Program Size: Code=12880 RO-data=6580 RW-data=4136 ZI-data=13904  
"Dungeon.axf" - 0 Error(s), 3 Warning(s).
Load "N:\\2B\\MTE 241\\FinalProject\\Dungeon.AXF" 
Erase Done.
Programming Done.
Verify OK.
Build target 'Target 1'
compiling main.c...
src\main.c(78): warning:  #188-D: enumerated type mixed with another type
src\main.c(114): warning:  #188-D: enumerated type mixed with another type
src\main.c(118): warning:  #188-D: enumerated type mixed with another type
src\main.c(430): warning:  #223-D: function "rand" declared implicitly
linking...
Program Size: Code=13008 RO-data=6580 RW-data=4140 ZI-data=13908  
"Dungeon.axf" - 0 Error(s), 4 Warning(s).
Load "N:\\2B\\MTE 241\\FinalProject\\Dungeon.AXF" 
Erase Done.
Programming Done.
Verify OK.
Build target 'Target 1'
compiling main.c...
src\main.c(78): warning:  #188-D: enumerated type mixed with another type
src\main.c(114): warning:  #188-D: enumerated type mixed with another type
src\main.c(118): warning:  #188-D: enumerated type mixed with another type
src\main.c(430): warning:  #223-D: function "rand" declared implicitly
linking...
Program Size: Code=13040 RO-data=6580 RW-data=4140 ZI-data=13908  
"Dungeon.axf" - 0 Error(s), 4 Warning(s).
Load "N:\\2B\\MTE 241\\FinalProject\\Dungeon.AXF" 
Erase Done.
Programming Done.
Verify OK.
Build target 'Target 1'
compiling main.c...
src\main.c(78): warning:  #188-D: enumerated type mixed with another type
src\main.c(114): warning:  #188-D: enumerated type mixed with another type
src\main.c(118): warning:  #188-D: enumerated type mixed with another type
src\main.c(430): warning:  #223-D: function "rand" declared implicitly
src\main.c(408): warning:  #550-D: variable "random" was set but never used
linking...
Program Size: Code=13024 RO-data=6580 RW-data=4140 ZI-data=13908  
"Dungeon.axf" - 0 Error(s), 5 Warning(s).
Load "N:\\2B\\MTE 241\\FinalProject\\Dungeon.AXF" 
Erase Done.
Programming Done.
Verify OK.
Build target 'Target 1'
compiling main.c...
src\main.c(78): warning:  #188-D: enumerated type mixed with another type
src\main.c(114): warning:  #188-D: enumerated type mixed with another type
src\main.c(118): warning:  #188-D: enumerated type mixed with another type
src\main.c(432): warning:  #223-D: function "rand" declared implicitly
linking...
Program Size: Code=13092 RO-data=6580 RW-data=4140 ZI-data=13908  
"Dungeon.axf" - 0 Error(s), 4 Warning(s).
Load "N:\\2B\\MTE 241\\FinalProject\\Dungeon.AXF" 
Erase Done.
Programming Done.
Verify OK.
Build target 'Target 1'
compiling main.c...
src\main.c(78): warning:  #188-D: enumerated type mixed with another type
src\main.c(114): warning:  #188-D: enumerated type mixed with another type
src\main.c(118): warning:  #188-D: enumerated type mixed with another type
src\main.c(432): warning:  #223-D: function "rand" declared implicitly
linking...
Program Size: Code=13092 RO-data=6580 RW-data=4140 ZI-data=13908  
"Dungeon.axf" - 0 Error(s), 4 Warning(s).
Load "N:\\2B\\MTE 241\\FinalProject\\Dungeon.AXF" 
Erase Done.
Programming Done.
Verify OK.
Build target 'Target 1'
compiling main.c...
src\main.c(78): warning:  #188-D: enumerated type mixed with another type
src\main.c(114): warning:  #188-D: enumerated type mixed with another type
src\main.c(118): warning:  #188-D: enumerated type mixed with another type
src\main.c(432): warning:  #223-D: function "rand" declared implicitly
linking...
Program Size: Code=13088 RO-data=6580 RW-data=4140 ZI-data=13908  
"Dungeon.axf" - 0 Error(s), 4 Warning(s).
Load "N:\\2B\\MTE 241\\FinalProject\\Dungeon.AXF" 
Erase Done.
Programming Done.
Verify OK.
Build target 'Target 1'
compiling main.c...
src\main.c(78): warning:  #188-D: enumerated type mixed with another type
src\main.c(114): warning:  #188-D: enumerated type mixed with another type
src\main.c(118): warning:  #188-D: enumerated type mixed with another type
src\main.c(432): warning:  #223-D: function "rand" declared implicitly
linking...
Program Size: Code=13088 RO-data=6580 RW-data=4132 ZI-data=13916  
"Dungeon.axf" - 0 Error(s), 4 Warning(s).
Load "N:\\2B\\MTE 241\\FinalProject\\Dungeon.AXF" 
Erase Done.
Programming Done.
Verify OK.
Build target 'Target 1'
compiling main.c...
src\main.c(78): warning:  #188-D: enumerated type mixed with another type
src\main.c(114): warning:  #188-D: enumerated type mixed with another type
src\main.c(118): warning:  #188-D: enumerated type mixed with another type
src\main.c(432): warning:  #223-D: function "rand" declared implicitly
linking...
Program Size: Code=13092 RO-data=6580 RW-data=4132 ZI-data=13916  
"Dungeon.axf" - 0 Error(s), 4 Warning(s).
Load "N:\\2B\\MTE 241\\FinalProject\\Dungeon.AXF" 
Erase Done.
Programming Done.
Verify OK.
Build target 'Target 1'
compiling main.c...
src\main.c(78): warning:  #188-D: enumerated type mixed with another type
src\main.c(114): warning:  #188-D: enumerated type mixed with another type
src\main.c(118): warning:  #188-D: enumerated type mixed with another type
src\main.c(432): warning:  #223-D: function "rand" declared implicitly
linking...
Program Size: Code=13092 RO-data=6580 RW-data=4132 ZI-data=13916  
"Dungeon.axf" - 0 Error(s), 4 Warning(s).
Load "N:\\2B\\MTE 241\\FinalProject\\Dungeon.AXF" 
Erase Done.
Programming Done.
Verify OK.
Build target 'Target 1'
compiling main.c...
src\main.c(78): warning:  #188-D: enumerated type mixed with another type
src\main.c(114): warning:  #188-D: enumerated type mixed with another type
src\main.c(118): warning:  #188-D: enumerated type mixed with another type
src\main.c(432): warning:  #223-D: function "rand" declared implicitly
linking...
Program Size: Code=13112 RO-data=6580 RW-data=4132 ZI-data=13916  
"Dungeon.axf" - 0 Error(s), 4 Warning(s).
Build target 'Target 1'
compiling main.c...
src\main.c(78): warning:  #188-D: enumerated type mixed with another type
src\main.c(114): warning:  #188-D: enumerated type mixed with another type
src\main.c(118): warning:  #188-D: enumerated type mixed with another type
src\main.c(432): warning:  #223-D: function "rand" declared implicitly
linking...
Program Size: Code=13112 RO-data=6580 RW-data=4132 ZI-data=13916  
"Dungeon.axf" - 0 Error(s), 4 Warning(s).
Load "N:\\2B\\MTE 241\\FinalProject\\Dungeon.AXF" 
Erase Done.
Programming Done.
Verify OK.
Build target 'Target 1'
compiling main.c...
src\main.c(78): warning:  #188-D: enumerated type mixed with another type
src\main.c(114): warning:  #188-D: enumerated type mixed with another type
src\main.c(118): warning:  #188-D: enumerated type mixed with another type
src\main.c(428): warning:  #223-D: function "rand" declared implicitly
src\main.c(408): warning:  #177-D: variable "random" was declared but never referenced
linking...
Program Size: Code=13044 RO-data=6580 RW-data=4132 ZI-data=13916  
"Dungeon.axf" - 0 Error(s), 5 Warning(s).
Load "N:\\2B\\MTE 241\\FinalProject\\Dungeon.AXF" 
Erase Done.
Programming Done.
Verify OK.
Build target 'Target 1'
compiling main.c...
src\main.c(78): warning:  #188-D: enumerated type mixed with another type
src\main.c(114): warning:  #188-D: enumerated type mixed with another type
src\main.c(118): warning:  #188-D: enumerated type mixed with another type
src\main.c(408): warning:  #177-D: variable "random" was declared but never referenced
linking...
Program Size: Code=12968 RO-data=6580 RW-data=4128 ZI-data=13920  
"Dungeon.axf" - 0 Error(s), 4 Warning(s).
Load "N:\\2B\\MTE 241\\FinalProject\\Dungeon.AXF" 
Erase Done.
Programming Done.
Verify OK.
Build target 'Target 1'
compiling main.c...
src\main.c(78): warning:  #188-D: enumerated type mixed with another type
src\main.c(114): warning:  #188-D: enumerated type mixed with another type
src\main.c(118): warning:  #188-D: enumerated type mixed with another type
src\main.c(433): warning:  #223-D: function "rand" declared implicitly
linking...
Program Size: Code=13092 RO-data=6580 RW-data=4132 ZI-data=13916  
"Dungeon.axf" - 0 Error(s), 4 Warning(s).
Load "N:\\2B\\MTE 241\\FinalProject\\Dungeon.AXF" 
Erase Done.
Programming Done.
Verify OK.
Build target 'Target 1'
compiling main.c...
src\main.c(79): warning:  #188-D: enumerated type mixed with another type
src\main.c(115): warning:  #188-D: enumerated type mixed with another type
src\main.c(119): warning:  #188-D: enumerated type mixed with another type
linking...
Program Size: Code=13092 RO-data=6580 RW-data=4132 ZI-data=13916  
"Dungeon.axf" - 0 Error(s), 3 Warning(s).
Load "N:\\2B\\MTE 241\\FinalProject\\Dungeon.AXF" 
Erase Done.
Programming Done.
Verify OK.
Build target 'Target 1'
compiling main.c...
src\main.c(79): warning:  #188-D: enumerated type mixed with another type
src\main.c(115): warning:  #188-D: enumerated type mixed with another type
src\main.c(119): warning:  #188-D: enumerated type mixed with another type
linking...
Program Size: Code=13076 RO-data=6580 RW-data=4132 ZI-data=13916  
"Dungeon.axf" - 0 Error(s), 3 Warning(s).
Load "N:\\2B\\MTE 241\\FinalProject\\Dungeon.AXF" 
Erase Done.
Programming Done.
Verify OK.
Build target 'Target 1'
compiling main.c...
src\main.c(79): warning:  #188-D: enumerated type mixed with another type
src\main.c(115): warning:  #188-D: enumerated type mixed with another type
src\main.c(119): warning:  #188-D: enumerated type mixed with another type
linking...
Program Size: Code=13080 RO-data=6580 RW-data=4132 ZI-data=13916  
"Dungeon.axf" - 0 Error(s), 3 Warning(s).
Load "N:\\2B\\MTE 241\\FinalProject\\Dungeon.AXF" 
Erase Done.
Programming Done.
Verify OK.
Build target 'Target 1'
compiling main.c...
src\main.c(79): warning:  #188-D: enumerated type mixed with another type
src\main.c(115): warning:  #188-D: enumerated type mixed with another type
src\main.c(119): warning:  #188-D: enumerated type mixed with another type
linking...
Program Size: Code=13084 RO-data=6580 RW-data=4132 ZI-data=13916  
"Dungeon.axf" - 0 Error(s), 3 Warning(s).
Load "N:\\2B\\MTE 241\\FinalProject\\Dungeon.AXF" 
Erase Done.
Programming Done.
Verify OK.
Build target 'Target 1'
compiling main.c...
src\main.c(79): warning:  #188-D: enumerated type mixed with another type
src\main.c(115): warning:  #188-D: enumerated type mixed with another type
src\main.c(119): warning:  #188-D: enumerated type mixed with another type
linking...
Program Size: Code=13096 RO-data=6580 RW-data=4132 ZI-data=13916  
"Dungeon.axf" - 0 Error(s), 3 Warning(s).
Load "N:\\2B\\MTE 241\\FinalProject\\Dungeon.AXF" 
Erase Done.
Programming Done.
Verify OK.
Rebuild target 'Target 1'
assembling startup_LPC17xx.s...
compiling system_LPC17xx.c...
compiling main.c...
src\main.c(79): warning:  #188-D: enumerated type mixed with another type
src\main.c(115): warning:  #188-D: enumerated type mixed with another type
src\main.c(119): warning:  #188-D: enumerated type mixed with another type
compiling led.c...
compiling Retarget.c...
compiling RTX_config.c...
compiling timer.c...
compiling uart.c...
compiling Controller.c...
src\Controller.c(107): warning:  #61-D: integer operation result is out of range
src\Controller.c(107): warning:  #68-D: integer conversion resulted in a change of sign
compiling GLCD_Scroll.c...
Project build/rebuild aborted.
Target not created
Rebuild target 'Target 1'
assembling startup_LPC17xx.s...
compiling system_LPC17xx.c...
compiling main.c...
src\main.c(79): warning:  #188-D: enumerated type mixed with another type
src\main.c(115): warning:  #188-D: enumerated type mixed with another type
src\main.c(119): warning:  #188-D: enumerated type mixed with another type
compiling led.c...
compiling Retarget.c...
compiling RTX_config.c...
compiling timer.c...
compiling uart.c...
compiling Controller.c...
src\Controller.c(107): warning:  #61-D: integer operation result is out of range
src\Controller.c(107): warning:  #68-D: integer conversion resulted in a change of sign
compiling GLCD_Scroll.c...
compiling GLCD_SPI_LPC1700.c...
compiling GLCDRenderLIB.c...
linking...
Program Size: Code=13096 RO-data=6580 RW-data=4132 ZI-data=13916  
"Dungeon.axf" - 0 Error(s), 5 Warning(s).
Load "N:\\2B\\MTE 241\\FinalProject\\Dungeon.AXF" 
Erase Done.
Programming Done.
Verify OK.
Build target 'Target 1'
compiling main.c...
src\main.c(79): warning:  #188-D: enumerated type mixed with another type
src\main.c(115): warning:  #188-D: enumerated type mixed with another type
src\main.c(119): warning:  #188-D: enumerated type mixed with another type
src\main.c(434): error:  #140: too many arguments in function call
src\main.c(437): error:  #140: too many arguments in function call
Target not created
Load "N:\\2B\\MTE 241\\FinalProject\\Dungeon.AXF" 
_____^
*** error 56: cannot open file
Build target 'Target 1'
compiling main.c...
src\main.c(79): warning:  #188-D: enumerated type mixed with another type
src\main.c(115): warning:  #188-D: enumerated type mixed with another type
src\main.c(119): warning:  #188-D: enumerated type mixed with another type
linking...
Program Size: Code=13096 RO-data=6580 RW-data=4132 ZI-data=13916  
"Dungeon.axf" - 0 Error(s), 3 Warning(s).
Build target 'Target 1'
compiling main.c...
src\main.c(79): warning:  #188-D: enumerated type mixed with another type
src\main.c(115): warning:  #188-D: enumerated type mixed with another type
src\main.c(119): warning:  #188-D: enumerated type mixed with another type
linking...
Program Size: Code=13100 RO-data=6580 RW-data=4132 ZI-data=13916  
"Dungeon.axf" - 0 Error(s), 3 Warning(s).
Load "N:\\2B\\MTE 241\\FinalProject\\Dungeon.AXF" 
Erase Done.
Programming Done.
Verify OK.
Build target 'Target 1'
compiling main.c...
src\main.c(79): warning:  #188-D: enumerated type mixed with another type
src\main.c(115): warning:  #188-D: enumerated type mixed with another type
src\main.c(119): warning:  #188-D: enumerated type mixed with another type
linking...
Program Size: Code=13052 RO-data=6580 RW-data=4128 ZI-data=13920  
"Dungeon.axf" - 0 Error(s), 3 Warning(s).
Build target 'Target 1'
compiling main.c...
src\main.c(79): warning:  #188-D: enumerated type mixed with another type
src\main.c(115): warning:  #188-D: enumerated type mixed with another type
src\main.c(119): warning:  #188-D: enumerated type mixed with another type
linking...
Program Size: Code=13052 RO-data=6580 RW-data=4128 ZI-data=13920  
"Dungeon.axf" - 0 Error(s), 3 Warning(s).
Load "N:\\2B\\MTE 241\\FinalProject\\Dungeon.AXF" 
Erase Done.
Programming Done.
Verify OK.
Build target 'Target 1'
compiling main.c...
src\main.c(79): warning:  #188-D: enumerated type mixed with another type
src\main.c(115): warning:  #188-D: enumerated type mixed with another type
src\main.c(119): warning:  #188-D: enumerated type mixed with another type
src\main.c(423): warning:  #223-D: function "time" declared implicitly
linking...
Dungeon.axf: Error: L6218E: Undefined symbol time (referred from main.o).
Target not created
Load "N:\\2B\\MTE 241\\FinalProject\\Dungeon.AXF" 
_____^
*** error 56: cannot open file
Build target 'Target 1'
compiling main.c...
src\main.c(79): warning:  #188-D: enumerated type mixed with another type
src\main.c(115): warning:  #188-D: enumerated type mixed with another type
src\main.c(119): warning:  #188-D: enumerated type mixed with another type
src\main.c(423): error:  #65: expected a ";"
Target not created
Build target 'Target 1'
compiling main.c...
src\main.c(79): warning:  #188-D: enumerated type mixed with another type
src\main.c(115): warning:  #188-D: enumerated type mixed with another type
src\main.c(119): warning:  #188-D: enumerated type mixed with another type
linking...
Program Size: Code=13136 RO-data=6580 RW-data=4132 ZI-data=13916  
"Dungeon.axf" - 0 Error(s), 3 Warning(s).
Load "N:\\2B\\MTE 241\\FinalProject\\Dungeon.AXF" 
Erase Done.
Programming Done.
Verify OK.
Build target 'Target 1'
compiling main.c...
src\main.c(79): warning:  #188-D: enumerated type mixed with another type
src\main.c(115): warning:  #188-D: enumerated type mixed with another type
src\main.c(119): warning:  #188-D: enumerated type mixed with another type
linking...
Program Size: Code=13136 RO-data=6580 RW-data=4132 ZI-data=13916  
"Dungeon.axf" - 0 Error(s), 3 Warning(s).
Load "N:\\2B\\MTE 241\\FinalProject\\Dungeon.AXF" 
Erase Done.
Programming Done.
Verify OK.
Build target 'Target 1'
compiling main.c...
src\main.c(79): warning:  #188-D: enumerated type mixed with another type
src\main.c(115): warning:  #188-D: enumerated type mixed with another type
src\main.c(119): warning:  #188-D: enumerated type mixed with another type
src\main.c(430): error:  #140: too many arguments in function call
Target not created
Build target 'Target 1'
compiling main.c...
src\main.c(79): warning:  #188-D: enumerated type mixed with another type
src\main.c(115): warning:  #188-D: enumerated type mixed with another type
src\main.c(119): warning:  #188-D: enumerated type mixed with another type
src\main.c(430): error:  #31: expression must have integral type
Target not created
Build target 'Target 1'
compiling main.c...
src\main.c(79): warning:  #188-D: enumerated type mixed with another type
src\main.c(115): warning:  #188-D: enumerated type mixed with another type
src\main.c(119): warning:  #188-D: enumerated type mixed with another type
linking...
Program Size: Code=13088 RO-data=6580 RW-data=4128 ZI-data=13920  
"Dungeon.axf" - 0 Error(s), 3 Warning(s).
Load "N:\\2B\\MTE 241\\FinalProject\\Dungeon.AXF" 
Erase Done.
Programming Done.
Verify OK.
Build target 'Target 1'
compiling main.c...
src\main.c(79): warning:  #188-D: enumerated type mixed with another type
src\main.c(115): warning:  #188-D: enumerated type mixed with another type
src\main.c(119): warning:  #188-D: enumerated type mixed with another type
linking...
Program Size: Code=13084 RO-data=6580 RW-data=4128 ZI-data=13920  
"Dungeon.axf" - 0 Error(s), 3 Warning(s).
Load "N:\\2B\\MTE 241\\FinalProject\\Dungeon.AXF" 
Erase Done.
Programming Done.
Verify OK.
Build target 'Target 1'
compiling main.c...
src\main.c(79): warning:  #188-D: enumerated type mixed with another type
src\main.c(115): warning:  #188-D: enumerated type mixed with another type
src\main.c(119): warning:  #188-D: enumerated type mixed with another type
linking...
Program Size: Code=13080 RO-data=6592 RW-data=4128 ZI-data=13920  
"Dungeon.axf" - 0 Error(s), 3 Warning(s).
Load "N:\\2B\\MTE 241\\FinalProject\\Dungeon.AXF" 
Erase Done.
Programming Done.
Verify OK.
Build target 'Target 1'
compiling main.c...
src\main.c(79): warning:  #188-D: enumerated type mixed with another type
src\main.c(115): warning:  #188-D: enumerated type mixed with another type
src\main.c(119): warning:  #188-D: enumerated type mixed with another type
linking...
Program Size: Code=13084 RO-data=6592 RW-data=4128 ZI-data=13920  
"Dungeon.axf" - 0 Error(s), 3 Warning(s).
Build target 'Target 1'
compiling main.c...
src\main.c(79): warning:  #188-D: enumerated type mixed with another type
src\main.c(115): warning:  #188-D: enumerated type mixed with another type
src\main.c(119): warning:  #188-D: enumerated type mixed with another type
linking...
Program Size: Code=13084 RO-data=6592 RW-data=4128 ZI-data=13920  
"Dungeon.axf" - 0 Error(s), 3 Warning(s).
Load "N:\\2B\\MTE 241\\FinalProject\\Dungeon.AXF" 
Erase Done.
Programming Done.
Verify OK.
Build target 'Target 1'
compiling main.c...
src\main.c(79): warning:  #188-D: enumerated type mixed with another type
src\main.c(115): warning:  #188-D: enumerated type mixed with another type
src\main.c(119): warning:  #188-D: enumerated type mixed with another type
linking...
Program Size: Code=13076 RO-data=6592 RW-data=4128 ZI-data=13920  
"Dungeon.axf" - 0 Error(s), 3 Warning(s).
Load "N:\\2B\\MTE 241\\FinalProject\\Dungeon.AXF" 
Erase Done.
Programming Done.
Verify OK.
Build target 'Target 1'
compiling main.c...
src\main.c(79): warning:  #188-D: enumerated type mixed with another type
src\main.c(115): warning:  #188-D: enumerated type mixed with another type
src\main.c(119): warning:  #188-D: enumerated type mixed with another type
linking...
Program Size: Code=13076 RO-data=6592 RW-data=4128 ZI-data=13920  
"Dungeon.axf" - 0 Error(s), 3 Warning(s).
Rebuild target 'Target 1'
assembling startup_LPC17xx.s...
compiling system_LPC17xx.c...
compiling main.c...
src\main.c(79): warning:  #188-D: enumerated type mixed with another type
src\main.c(115): warning:  #188-D: enumerated type mixed with another type
src\main.c(119): warning:  #188-D: enumerated type mixed with another type
compiling led.c...
compiling Retarget.c...
compiling RTX_config.c...
compiling timer.c...
compiling uart.c...
compiling Controller.c...
src\Controller.c(107): warning:  #61-D: integer operation result is out of range
src\Controller.c(107): warning:  #68-D: integer conversion resulted in a change of sign
compiling GLCD_Scroll.c...
compiling GLCD_SPI_LPC1700.c...
compiling GLCDRenderLIB.c...
linking...
Program Size: Code=13076 RO-data=6592 RW-data=4128 ZI-data=13920  
"Dungeon.axf" - 0 Error(s), 5 Warning(s).
Load "N:\\2B\\MTE 241\\FinalProject\\Dungeon.AXF" 
Erase Done.
Programming Done.
Verify OK.
Build target 'Target 1'
compiling main.c...
src\main.c(79): warning:  #188-D: enumerated type mixed with another type
src\main.c(115): warning:  #188-D: enumerated type mixed with another type
src\main.c(119): warning:  #188-D: enumerated type mixed with another type
linking...
Program Size: Code=13076 RO-data=6592 RW-data=4128 ZI-data=13920  
"Dungeon.axf" - 0 Error(s), 3 Warning(s).
Load "N:\\2B\\MTE 241\\FinalProject\\Dungeon.AXF" 
Erase Done.
Programming Done.
Verify OK.
Build target 'Target 1'
compiling main.c...
src\main.c(79): warning:  #188-D: enumerated type mixed with another type
src\main.c(115): warning:  #188-D: enumerated type mixed with another type
src\main.c(119): warning:  #188-D: enumerated type mixed with another type
linking...
Program Size: Code=13080 RO-data=6592 RW-data=4128 ZI-data=13920  
"Dungeon.axf" - 0 Error(s), 3 Warning(s).
Build target 'Target 1'
compiling main.c...
src\main.c(79): warning:  #188-D: enumerated type mixed with another type
src\main.c(115): warning:  #188-D: enumerated type mixed with another type
src\main.c(119): warning:  #188-D: enumerated type mixed with another type
linking...
Program Size: Code=13084 RO-data=6592 RW-data=4128 ZI-data=13920  
"Dungeon.axf" - 0 Error(s), 3 Warning(s).
Load "N:\\2B\\MTE 241\\FinalProject\\Dungeon.AXF" 
Erase Done.
Programming Done.
Verify OK.
Build target 'Target 1'
compiling main.c...
src\main.c(79): warning:  #188-D: enumerated type mixed with another type
src\main.c(115): warning:  #188-D: enumerated type mixed with another type
src\main.c(119): warning:  #188-D: enumerated type mixed with another type
linking...
Program Size: Code=13076 RO-data=6592 RW-data=4128 ZI-data=13920  
"Dungeon.axf" - 0 Error(s), 3 Warning(s).
Build target 'Target 1'
linking...
Program Size: Code=13076 RO-data=6592 RW-data=4128 ZI-data=13920  
"Dungeon.axf" - 0 Error(s), 0 Warning(s).
Load "N:\\2B\\MTE 241\\FinalProject\\Dungeon.AXF" 
Erase Done.
Programming Done.
Verify OK.
Build target 'Target 1'
compiling main.c...
src\main.c(79): warning:  #188-D: enumerated type mixed with another type
src\main.c(115): warning:  #188-D: enumerated type mixed with another type
src\main.c(119): warning:  #188-D: enumerated type mixed with another type
linking...
Program Size: Code=13076 RO-data=6592 RW-data=4128 ZI-data=13920  
"Dungeon.axf" - 0 Error(s), 3 Warning(s).
Load "N:\\2B\\MTE 241\\FinalProject\\Dungeon.AXF" 
Erase Done.
Programming Done.
Verify OK.
Build target 'Target 1'
compiling main.c...
src\main.c(79): warning:  #188-D: enumerated type mixed with another type
src\main.c(115): warning:  #188-D: enumerated type mixed with another type
src\main.c(119): warning:  #188-D: enumerated type mixed with another type
linking...
Program Size: Code=13076 RO-data=6592 RW-data=4128 ZI-data=13920  
"Dungeon.axf" - 0 Error(s), 3 Warning(s).
Build target 'Target 1'
compiling main.c...
src\main.c(79): warning:  #188-D: enumerated type mixed with another type
src\main.c(115): warning:  #188-D: enumerated type mixed with another type
src\main.c(119): warning:  #188-D: enumerated type mixed with another type
linking...
Program Size: Code=13080 RO-data=6592 RW-data=4128 ZI-data=13920  
"Dungeon.axf" - 0 Error(s), 3 Warning(s).
Load "N:\\2B\\MTE 241\\FinalProject\\Dungeon.AXF" 
Erase Done.
Programming Done.
Verify OK.
Build target 'Target 1'
compiling main.c...
src\main.c(79): warning:  #188-D: enumerated type mixed with another type
src\main.c(115): warning:  #188-D: enumerated type mixed with another type
src\main.c(119): warning:  #188-D: enumerated type mixed with another type
linking...
Program Size: Code=13080 RO-data=6592 RW-data=4128 ZI-data=13920  
"Dungeon.axf" - 0 Error(s), 3 Warning(s).
Load "N:\\2B\\MTE 241\\FinalProject\\Dungeon.AXF" 
Erase Done.
Programming Done.
Verify OK.
Build target 'Target 1'
compiling main.c...
src\main.c(79): warning:  #188-D: enumerated type mixed with another type
src\main.c(115): warning:  #188-D: enumerated type mixed with another type
src\main.c(119): warning:  #188-D: enumerated type mixed with another type
linking...
Program Size: Code=13080 RO-data=6592 RW-data=4128 ZI-data=13920  
"Dungeon.axf" - 0 Error(s), 3 Warning(s).
Load "N:\\2B\\MTE 241\\FinalProject\\Dungeon.AXF" 
Erase Done.
Programming Done.
Verify OK.
Build target 'Target 1'
compiling main.c...
src\main.c(79): warning:  #188-D: enumerated type mixed with another type
src\main.c(115): warning:  #188-D: enumerated type mixed with another type
src\main.c(119): warning:  #188-D: enumerated type mixed with another type
linking...
Program Size: Code=13080 RO-data=6592 RW-data=4128 ZI-data=13920  
"Dungeon.axf" - 0 Error(s), 3 Warning(s).
Load "N:\\2B\\MTE 241\\FinalProject\\Dungeon.AXF" 
Erase Done.
Programming Done.
Verify OK.
Build target 'Target 1'
compiling main.c...
src\main.c(79): warning:  #188-D: enumerated type mixed with another type
src\main.c(115): warning:  #188-D: enumerated type mixed with another type
src\main.c(119): warning:  #188-D: enumerated type mixed with another type
linking...
Program Size: Code=13080 RO-data=6592 RW-data=4128 ZI-data=13920  
"Dungeon.axf" - 0 Error(s), 3 Warning(s).
Load "N:\\2B\\MTE 241\\FinalProject\\Dungeon.AXF" 
Erase Done.
Programming Done.
Verify OK.
Rebuild target 'Target 1'
assembling startup_LPC17xx.s...
compiling system_LPC17xx.c...
compiling main.c...
src\main.c(79): warning:  #188-D: enumerated type mixed with another type
src\main.c(115): warning:  #188-D: enumerated type mixed with another type
src\main.c(119): warning:  #188-D: enumerated type mixed with another type
compiling led.c...
compiling Retarget.c...
compiling RTX_config.c...
compiling timer.c...
compiling uart.c...
compiling Controller.c...
src\Controller.c(107): warning:  #61-D: integer operation result is out of range
src\Controller.c(107): warning:  #68-D: integer conversion resulted in a change of sign
compiling GLCD_Scroll.c...
compiling GLCD_SPI_LPC1700.c...
compiling GLCDRenderLIB.c...
linking...
Program Size: Code=13080 RO-data=6592 RW-data=4128 ZI-data=13920  
"Dungeon.axf" - 0 Error(s), 5 Warning(s).
Load "N:\\2B\\MTE 241\\FinalProject\\Dungeon.AXF" 
Erase Done.
Programming Done.
Verify OK.
Build target 'Target 1'
compiling main.c...
src\main.c(79): warning:  #188-D: enumerated type mixed with another type
src\main.c(115): warning:  #188-D: enumerated type mixed with another type
src\main.c(119): warning:  #188-D: enumerated type mixed with another type
linking...
Program Size: Code=13080 RO-data=6592 RW-data=4128 ZI-data=13920  
"Dungeon.axf" - 0 Error(s), 3 Warning(s).
Load "N:\\2B\\MTE 241\\FinalProject\\Dungeon.AXF" 
Erase Done.
Programming Done.
Verify OK.
Build target 'Target 1'
compiling main.c...
src\main.c(79): warning:  #188-D: enumerated type mixed with another type
src\main.c(115): warning:  #188-D: enumerated type mixed with another type
src\main.c(119): warning:  #188-D: enumerated type mixed with another type
linking...
Program Size: Code=13080 RO-data=6588 RW-data=4128 ZI-data=13920  
"Dungeon.axf" - 0 Error(s), 3 Warning(s).
Load "N:\\2B\\MTE 241\\FinalProject\\Dungeon.AXF" 
Erase Done.
Programming Done.
Verify OK.
Build target 'Target 1'
compiling main.c...
src\main.c(79): warning:  #188-D: enumerated type mixed with another type
src\main.c(115): warning:  #188-D: enumerated type mixed with another type
src\main.c(119): warning:  #188-D: enumerated type mixed with another type
linking...
Program Size: Code=13080 RO-data=6588 RW-data=4128 ZI-data=13920  
"Dungeon.axf" - 0 Error(s), 3 Warning(s).
Load "N:\\2B\\MTE 241\\FinalProject\\Dungeon.AXF" 
Erase Done.
Programming Done.
Verify OK.
Build target 'Target 1'
compiling main.c...
src\main.c(79): warning:  #188-D: enumerated type mixed with another type
src\main.c(115): warning:  #188-D: enumerated type mixed with another type
src\main.c(119): warning:  #188-D: enumerated type mixed with another type
linking...
Program Size: Code=13076 RO-data=6588 RW-data=4128 ZI-data=13920  
"Dungeon.axf" - 0 Error(s), 3 Warning(s).
Load "N:\\2B\\MTE 241\\FinalProject\\Dungeon.AXF" 
Erase Done.
Programming Done.
Verify OK.
Build target 'Target 1'
compiling main.c...
src\main.c(79): warning:  #188-D: enumerated type mixed with another type
src\main.c(115): warning:  #188-D: enumerated type mixed with another type
src\main.c(119): warning:  #188-D: enumerated type mixed with another type
linking...
Program Size: Code=13076 RO-data=6588 RW-data=4128 ZI-data=13920  
"Dungeon.axf" - 0 Error(s), 3 Warning(s).
Load "N:\\2B\\MTE 241\\FinalProject\\Dungeon.AXF" 
Erase Done.
Programming Done.
Verify OK.
Build target 'Target 1'
compiling main.c...
src\main.c(79): warning:  #188-D: enumerated type mixed with another type
src\main.c(115): warning:  #188-D: enumerated type mixed with another type
src\main.c(119): warning:  #188-D: enumerated type mixed with another type
linking...
Program Size: Code=13076 RO-data=6588 RW-data=4128 ZI-data=13920  
"Dungeon.axf" - 0 Error(s), 3 Warning(s).
Load "N:\\2B\\MTE 241\\FinalProject\\Dungeon.AXF" 
Erase Done.
Programming Done.
Verify OK.
Build target 'Target 1'
compiling main.c...
src\main.c(79): warning:  #188-D: enumerated type mixed with another type
src\main.c(115): warning:  #188-D: enumerated type mixed with another type
src\main.c(119): warning:  #188-D: enumerated type mixed with another type
linking...
Program Size: Code=13076 RO-data=6588 RW-data=4128 ZI-data=13920  
"Dungeon.axf" - 0 Error(s), 3 Warning(s).
Load "N:\\2B\\MTE 241\\FinalProject\\Dungeon.AXF" 
Erase Done.
Programming Done.
Verify OK.
Build target 'Target 1'
compiling main.c...
src\main.c(79): warning:  #188-D: enumerated type mixed with another type
src\main.c(115): warning:  #188-D: enumerated type mixed with another type
src\main.c(119): warning:  #188-D: enumerated type mixed with another type
linking...
Program Size: Code=13076 RO-data=6588 RW-data=4128 ZI-data=13920  
"Dungeon.axf" - 0 Error(s), 3 Warning(s).
Load "N:\\2B\\MTE 241\\FinalProject\\Dungeon.AXF" 
Erase Done.
Programming Done.
Verify OK.
Build target 'Target 1'
compiling main.c...
src\main.c(79): warning:  #188-D: enumerated type mixed with another type
src\main.c(115): warning:  #188-D: enumerated type mixed with another type
src\main.c(119): warning:  #188-D: enumerated type mixed with another type
linking...
Program Size: Code=13076 RO-data=6588 RW-data=4128 ZI-data=13920  
"Dungeon.axf" - 0 Error(s), 3 Warning(s).
Load "N:\\2B\\MTE 241\\FinalProject\\Dungeon.AXF" 
Erase Done.
Programming Done.
Verify OK.
Build target 'Target 1'
compiling main.c...
src\main.c(79): warning:  #188-D: enumerated type mixed with another type
src\main.c(115): warning:  #188-D: enumerated type mixed with another type
src\main.c(119): warning:  #188-D: enumerated type mixed with another type
linking...
Program Size: Code=13080 RO-data=6588 RW-data=4128 ZI-data=13920  
"Dungeon.axf" - 0 Error(s), 3 Warning(s).
Load "N:\\2B\\MTE 241\\FinalProject\\Dungeon.AXF" 
Erase Done.
Programming Done.
Verify OK.
Build target 'Target 1'
compiling main.c...
src\main.c(79): warning:  #188-D: enumerated type mixed with another type
src\main.c(115): warning:  #188-D: enumerated type mixed with another type
src\main.c(119): warning:  #188-D: enumerated type mixed with another type
linking...
Program Size: Code=13076 RO-data=6588 RW-data=4128 ZI-data=13920  
"Dungeon.axf" - 0 Error(s), 3 Warning(s).
Load "N:\\2B\\MTE 241\\FinalProject\\Dungeon.AXF" 
Erase Done.
Programming Done.
Verify OK.
Build target 'Target 1'
compiling main.c...
src\main.c(79): warning:  #188-D: enumerated type mixed with another type
src\main.c(115): warning:  #188-D: enumerated type mixed with another type
src\main.c(119): warning:  #188-D: enumerated type mixed with another type
linking...
Program Size: Code=13076 RO-data=6588 RW-data=4128 ZI-data=13920  
"Dungeon.axf" - 0 Error(s), 3 Warning(s).
Load "N:\\2B\\MTE 241\\FinalProject\\Dungeon.AXF" 
Erase Done.
Programming Done.
Verify OK.
Build target 'Target 1'
compiling main.c...
src\main.c(79): warning:  #188-D: enumerated type mixed with another type
src\main.c(115): warning:  #188-D: enumerated type mixed with another type
src\main.c(119): warning:  #188-D: enumerated type mixed with another type
linking...
Program Size: Code=13076 RO-data=6588 RW-data=4128 ZI-data=13920  
"Dungeon.axf" - 0 Error(s), 3 Warning(s).
Load "N:\\2B\\MTE 241\\FinalProject\\Dungeon.AXF" 
Erase Done.
Programming Done.
Verify OK.
Build target 'Target 1'
compiling main.c...
src\main.c(79): warning:  #188-D: enumerated type mixed with another type
src\main.c(115): warning:  #188-D: enumerated type mixed with another type
src\main.c(119): warning:  #188-D: enumerated type mixed with another type
linking...
Program Size: Code=13100 RO-data=6588 RW-data=4128 ZI-data=13920  
"Dungeon.axf" - 0 Error(s), 3 Warning(s).
Load "N:\\2B\\MTE 241\\FinalProject\\Dungeon.AXF" 
Erase Done.
Programming Done.
Verify OK.
Build target 'Target 1'
compiling main.c...
src\main.c(79): warning:  #188-D: enumerated type mixed with another type
src\main.c(115): warning:  #188-D: enumerated type mixed with another type
src\main.c(119): warning:  #188-D: enumerated type mixed with another type
linking...
Program Size: Code=13080 RO-data=6588 RW-data=4128 ZI-data=13920  
"Dungeon.axf" - 0 Error(s), 3 Warning(s).
Build target 'Target 1'
compiling main.c...
src\main.c(79): warning:  #188-D: enumerated type mixed with another type
src\main.c(115): warning:  #188-D: enumerated type mixed with another type
src\main.c(119): warning:  #188-D: enumerated type mixed with another type
compiling GLCDRenderLIB.c...
linking...
Program Size: Code=13116 RO-data=6588 RW-data=4128 ZI-data=13920  
"Dungeon.axf" - 0 Error(s), 3 Warning(s).
Load "N:\\2B\\MTE 241\\FinalProject\\Dungeon.AXF" 
Erase Done.
Programming Done.
Verify OK.
Build target 'Target 1'
compiling main.c...
src\main.c(79): warning:  #188-D: enumerated type mixed with another type
src\main.c(115): warning:  #188-D: enumerated type mixed with another type
src\main.c(119): warning:  #188-D: enumerated type mixed with another type
linking...
Program Size: Code=13136 RO-data=6588 RW-data=4128 ZI-data=13920  
"Dungeon.axf" - 0 Error(s), 3 Warning(s).
Load "N:\\2B\\MTE 241\\FinalProject\\Dungeon.AXF" 
Erase Done.
Programming Done.
Verify OK.
Build target 'Target 1'
compiling main.c...
src\main.c(79): warning:  #188-D: enumerated type mixed with another type
src\main.c(86): error:  #268: declaration may not appear after executable statement in block
src\main.c(93): warning:  #188-D: enumerated type mixed with another type
src\main.c(153): warning:  #188-D: enumerated type mixed with another type
src\main.c(157): warning:  #188-D: enumerated type mixed with another type
Target not created
Build target 'Target 1'
compiling main.c...
src\main.c(79): warning:  #188-D: enumerated type mixed with another type
src\main.c(86): error:  #268: declaration may not appear after executable statement in block
src\main.c(93): warning:  #188-D: enumerated type mixed with another type
src\main.c(153): warning:  #188-D: enumerated type mixed with another type
src\main.c(157): warning:  #188-D: enumerated type mixed with another type
Target not created
Build target 'Target 1'
compiling main.c...
src\main.c(79): warning:  #188-D: enumerated type mixed with another type
src\main.c(93): warning:  #188-D: enumerated type mixed with another type
src\main.c(153): warning:  #188-D: enumerated type mixed with another type
src\main.c(157): warning:  #188-D: enumerated type mixed with another type
linking...
Program Size: Code=13364 RO-data=6588 RW-data=4128 ZI-data=13920  
"Dungeon.axf" - 0 Error(s), 4 Warning(s).
Load "N:\\2B\\MTE 241\\FinalProject\\Dungeon.AXF" 
Erase Done.
Programming Done.
Verify OK.
Build target 'Target 1'
compiling main.c...
src\main.c(79): warning:  #188-D: enumerated type mixed with another type
src\main.c(93): warning:  #188-D: enumerated type mixed with another type
src\main.c(153): warning:  #188-D: enumerated type mixed with another type
src\main.c(157): warning:  #188-D: enumerated type mixed with another type
linking...
Program Size: Code=13332 RO-data=6588 RW-data=4128 ZI-data=13920  
"Dungeon.axf" - 0 Error(s), 4 Warning(s).
Load "N:\\2B\\MTE 241\\FinalProject\\Dungeon.AXF" 
Erase Done.
Programming Done.
Cannot access Memory
Load "N:\\2B\\MTE 241\\FinalProject\\Dungeon.AXF" 
Erase Done.
Programming Done.
Verify OK.
Build target 'Target 1'
compiling main.c...
src\main.c(79): warning:  #188-D: enumerated type mixed with another type
src\main.c(93): warning:  #188-D: enumerated type mixed with another type
src\main.c(153): warning:  #188-D: enumerated type mixed with another type
src\main.c(157): warning:  #188-D: enumerated type mixed with another type
linking...
Program Size: Code=13368 RO-data=6588 RW-data=4128 ZI-data=13920  
"Dungeon.axf" - 0 Error(s), 4 Warning(s).
Load "N:\\2B\\MTE 241\\FinalProject\\Dungeon.AXF" 
Erase Done.
Programming Done.
Verify OK.
Build target 'Target 1'
compiling main.c...
src\main.c(79): warning:  #188-D: enumerated type mixed with another type
src\main.c(93): warning:  #188-D: enumerated type mixed with another type
src\main.c(153): warning:  #188-D: enumerated type mixed with another type
src\main.c(157): warning:  #188-D: enumerated type mixed with another type
linking...
Program Size: Code=13440 RO-data=6588 RW-data=4128 ZI-data=13920  
"Dungeon.axf" - 0 Error(s), 4 Warning(s).
Load "N:\\2B\\MTE 241\\FinalProject\\Dungeon.AXF" 
Erase Done.
Programming Done.
Verify OK.
Build target 'Target 1'
compiling main.c...
src\main.c(79): warning:  #188-D: enumerated type mixed with another type
src\main.c(93): warning:  #188-D: enumerated type mixed with another type
src\main.c(153): warning:  #188-D: enumerated type mixed with another type
src\main.c(157): warning:  #188-D: enumerated type mixed with another type
linking...
Program Size: Code=13464 RO-data=6588 RW-data=4128 ZI-data=13920  
"Dungeon.axf" - 0 Error(s), 4 Warning(s).
Load "N:\\2B\\MTE 241\\FinalProject\\Dungeon.AXF" 
Erase Done.
Programming Done.
Verify OK.
Build target 'Target 1'
compiling main.c...
src\main.c(79): warning:  #188-D: enumerated type mixed with another type
src\main.c(93): warning:  #188-D: enumerated type mixed with another type
src\main.c(153): warning:  #188-D: enumerated type mixed with another type
src\main.c(157): warning:  #188-D: enumerated type mixed with another type
src\main.c(194): error:  #20: identifier "TC_14_15_SPECIAL" is undefined
Target not created
Build target 'Target 1'
compiling main.c...
src\main.c(79): warning:  #188-D: enumerated type mixed with another type
src\main.c(93): warning:  #188-D: enumerated type mixed with another type
src\main.c(153): warning:  #188-D: enumerated type mixed with another type
src\main.c(157): warning:  #188-D: enumerated type mixed with another type
src\main.c(413): error:  #20: identifier "TC_13_14_SPECIAL" is undefined
compiling GLCDRenderLIB.c...
Target not created
Build target 'Target 1'
compiling main.c...
src\main.c(79): warning:  #188-D: enumerated type mixed with another type
src\main.c(93): warning:  #188-D: enumerated type mixed with another type
src\main.c(153): warning:  #188-D: enumerated type mixed with another type
src\main.c(157): warning:  #188-D: enumerated type mixed with another type
linking...
Program Size: Code=13444 RO-data=6588 RW-data=4128 ZI-data=13920  
"Dungeon.axf" - 0 Error(s), 4 Warning(s).
Load "N:\\2B\\MTE 241\\FinalProject\\Dungeon.AXF" 
Erase Done.
Programming Done.
Verify OK.
Build target 'Target 1'
compiling main.c...
src\main.c(79): warning:  #188-D: enumerated type mixed with another type
src\main.c(93): warning:  #188-D: enumerated type mixed with another type
src\main.c(153): warning:  #188-D: enumerated type mixed with another type
src\main.c(157): warning:  #188-D: enumerated type mixed with another type
linking...
Program Size: Code=13448 RO-data=6588 RW-data=4128 ZI-data=13920  
"Dungeon.axf" - 0 Error(s), 4 Warning(s).
Build target 'Target 1'
compiling main.c...
src\main.c(79): warning:  #188-D: enumerated type mixed with another type
src\main.c(93): warning:  #188-D: enumerated type mixed with another type
src\main.c(153): warning:  #188-D: enumerated type mixed with another type
src\main.c(157): warning:  #188-D: enumerated type mixed with another type
linking...
Program Size: Code=13448 RO-data=6588 RW-data=4128 ZI-data=13920  
"Dungeon.axf" - 0 Error(s), 4 Warning(s).
Build target 'Target 1'
compiling main.c...
src\main.c(79): warning:  #188-D: enumerated type mixed with another type
src\main.c(93): warning:  #188-D: enumerated type mixed with another type
src\main.c(153): warning:  #188-D: enumerated type mixed with another type
src\main.c(157): warning:  #188-D: enumerated type mixed with another type
linking...
Program Size: Code=13448 RO-data=6588 RW-data=4128 ZI-data=13920  
"Dungeon.axf" - 0 Error(s), 4 Warning(s).
Load "N:\\2B\\MTE 241\\FinalProject\\Dungeon.AXF" 
Erase Done.
Programming Done.
Verify OK.
Build target 'Target 1'
linking...
Program Size: Code=13448 RO-data=6588 RW-data=4128 ZI-data=13920  
"Dungeon.axf" - 0 Error(s), 0 Warning(s).
Build target 'Target 1'
compiling main.c...
src\main.c(79): warning:  #188-D: enumerated type mixed with another type
src\main.c(93): warning:  #188-D: enumerated type mixed with another type
src\main.c(153): warning:  #188-D: enumerated type mixed with another type
src\main.c(157): warning:  #188-D: enumerated type mixed with another type
linking...
Program Size: Code=13444 RO-data=6588 RW-data=4128 ZI-data=13920  
"Dungeon.axf" - 0 Error(s), 4 Warning(s).
Load "N:\\2B\\MTE 241\\FinalProject\\Dungeon.AXF" 
Erase Done.
Programming Done.
Verify OK.
Build target 'Target 1'
compiling main.c...
src\main.c(79): warning:  #188-D: enumerated type mixed with another type
src\main.c(93): warning:  #188-D: enumerated type mixed with another type
src\main.c(153): warning:  #188-D: enumerated type mixed with another type
src\main.c(157): warning:  #188-D: enumerated type mixed with another type
linking...
Program Size: Code=13444 RO-data=6588 RW-data=4128 ZI-data=13920  
"Dungeon.axf" - 0 Error(s), 4 Warning(s).
Build target 'Target 1'
compiling main.c...
src\main.c(79): warning:  #188-D: enumerated type mixed with another type
src\main.c(93): warning:  #188-D: enumerated type mixed with another type
src\main.c(153): warning:  #188-D: enumerated type mixed with another type
src\main.c(157): warning:  #188-D: enumerated type mixed with another type
linking...
Program Size: Code=13444 RO-data=6588 RW-data=4128 ZI-data=13920  
"Dungeon.axf" - 0 Error(s), 4 Warning(s).
Build target 'Target 1'
compiling main.c...
src\main.c(79): warning:  #188-D: enumerated type mixed with another type
src\main.c(93): warning:  #188-D: enumerated type mixed with another type
src\main.c(153): warning:  #188-D: enumerated type mixed with another type
src\main.c(157): warning:  #188-D: enumerated type mixed with another type
linking...
Program Size: Code=13444 RO-data=6588 RW-data=4128 ZI-data=13920  
"Dungeon.axf" - 0 Error(s), 4 Warning(s).
Build target 'Target 1'
compiling main.c...
src\main.c(79): warning:  #188-D: enumerated type mixed with another type
src\main.c(93): warning:  #188-D: enumerated type mixed with another type
src\main.c(153): warning:  #188-D: enumerated type mixed with another type
src\main.c(157): warning:  #188-D: enumerated type mixed with another type
linking...
Program Size: Code=13452 RO-data=6588 RW-data=4128 ZI-data=13920  
"Dungeon.axf" - 0 Error(s), 4 Warning(s).
Load "N:\\2B\\MTE 241\\FinalProject\\Dungeon.AXF" 
Erase Done.
Programming Done.
Verify OK.
Rebuild target 'Target 1'
assembling startup_LPC17xx.s...
compiling system_LPC17xx.c...
compiling main.c...
src\main.c(79): warning:  #188-D: enumerated type mixed with another type
src\main.c(93): warning:  #188-D: enumerated type mixed with another type
src\main.c(153): warning:  #188-D: enumerated type mixed with another type
src\main.c(157): warning:  #188-D: enumerated type mixed with another type
compiling led.c...
compiling Retarget.c...
compiling RTX_config.c...
compiling timer.c...
compiling uart.c...
compiling Controller.c...
src\Controller.c(107): warning:  #61-D: integer operation result is out of range
src\Controller.c(107): warning:  #68-D: integer conversion resulted in a change of sign
compiling GLCD_Scroll.c...
compiling GLCD_SPI_LPC1700.c...
compiling GLCDRenderLIB.c...
linking...
Program Size: Code=13444 RO-data=6588 RW-data=4128 ZI-data=13920  
"Dungeon.axf" - 0 Error(s), 6 Warning(s).
Load "N:\\2B\\MTE 241\\FinalProject\\Dungeon.AXF" 
Erase Done.
Programming Done.
Verify OK.
Build target 'Target 1'
compiling main.c...
src\main.c(79): warning:  #188-D: enumerated type mixed with another type
src\main.c(93): warning:  #188-D: enumerated type mixed with another type
src\main.c(153): warning:  #188-D: enumerated type mixed with another type
src\main.c(157): warning:  #188-D: enumerated type mixed with another type
linking...
Program Size: Code=13456 RO-data=6588 RW-data=4128 ZI-data=13920  
"Dungeon.axf" - 0 Error(s), 4 Warning(s).
Build target 'Target 1'
compiling main.c...
src\main.c(79): warning:  #188-D: enumerated type mixed with another type
src\main.c(93): warning:  #188-D: enumerated type mixed with another type
src\main.c(153): warning:  #188-D: enumerated type mixed with another type
src\main.c(157): warning:  #188-D: enumerated type mixed with another type
linking...
Program Size: Code=13456 RO-data=6588 RW-data=4128 ZI-data=13920  
"Dungeon.axf" - 0 Error(s), 4 Warning(s).
Build target 'Target 1'
compiling main.c...
src\main.c(79): warning:  #188-D: enumerated type mixed with another type
src\main.c(93): warning:  #188-D: enumerated type mixed with another type
src\main.c(153): warning:  #188-D: enumerated type mixed with another type
src\main.c(157): warning:  #188-D: enumerated type mixed with another type
linking...
Program Size: Code=13456 RO-data=6588 RW-data=4128 ZI-data=13920  
"Dungeon.axf" - 0 Error(s), 4 Warning(s).
Load "N:\\2B\\MTE 241\\FinalProject\\Dungeon.AXF" 
Erase Done.
Programming Done.
Verify OK.
Build target 'Target 1'
compiling main.c...
src\main.c(79): warning:  #188-D: enumerated type mixed with another type
src\main.c(93): warning:  #188-D: enumerated type mixed with another type
src\main.c(153): warning:  #188-D: enumerated type mixed with another type
src\main.c(157): warning:  #188-D: enumerated type mixed with another type
linking...
Program Size: Code=13456 RO-data=6588 RW-data=4128 ZI-data=13920  
"Dungeon.axf" - 0 Error(s), 4 Warning(s).
Load "N:\\2B\\MTE 241\\FinalProject\\Dungeon.AXF" 
Erase Done.
Programming Done.
Verify OK.
Build target 'Target 1'
compiling main.c...
src\main.c(79): warning:  #188-D: enumerated type mixed with another type
src\main.c(93): warning:  #188-D: enumerated type mixed with another type
src\main.c(153): warning:  #188-D: enumerated type mixed with another type
src\main.c(157): warning:  #188-D: enumerated type mixed with another type
linking...
Program Size: Code=13456 RO-data=6588 RW-data=4128 ZI-data=13920  
"Dungeon.axf" - 0 Error(s), 4 Warning(s).
Build target 'Target 1'
compiling main.c...
src\main.c(79): warning:  #188-D: enumerated type mixed with another type
src\main.c(93): warning:  #188-D: enumerated type mixed with another type
src\main.c(153): warning:  #188-D: enumerated type mixed with another type
src\main.c(157): warning:  #188-D: enumerated type mixed with another type
linking...
Program Size: Code=13468 RO-data=6588 RW-data=4128 ZI-data=13920  
"Dungeon.axf" - 0 Error(s), 4 Warning(s).
Build target 'Target 1'
linking...
Program Size: Code=13468 RO-data=6588 RW-data=4128 ZI-data=13920  
"Dungeon.axf" - 0 Error(s), 0 Warning(s).
Load "N:\\2B\\MTE 241\\FinalProject\\Dungeon.AXF" 
Erase Done.
Programming Done.
Verify OK.
Build target 'Target 1'
compiling main.c...
src\main.c(79): warning:  #188-D: enumerated type mixed with another type
src\main.c(93): warning:  #188-D: enumerated type mixed with another type
src\main.c(153): warning:  #188-D: enumerated type mixed with another type
src\main.c(157): warning:  #188-D: enumerated type mixed with another type
linking...
Program Size: Code=13468 RO-data=6588 RW-data=4128 ZI-data=13920  
"Dungeon.axf" - 0 Error(s), 4 Warning(s).
Build target 'Target 1'
compiling main.c...
src\main.c(79): warning:  #188-D: enumerated type mixed with another type
src\main.c(93): warning:  #188-D: enumerated type mixed with another type
src\main.c(153): warning:  #188-D: enumerated type mixed with another type
src\main.c(157): warning:  #188-D: enumerated type mixed with another type
linking...
Program Size: Code=13456 RO-data=6588 RW-data=4128 ZI-data=13920  
"Dungeon.axf" - 0 Error(s), 4 Warning(s).
Load "N:\\2B\\MTE 241\\FinalProject\\Dungeon.AXF" 
Erase Done.
Programming Done.
Verify OK.
Build target 'Target 1'
compiling main.c...
src\main.c(79): warning:  #188-D: enumerated type mixed with another type
src\main.c(93): warning:  #188-D: enumerated type mixed with another type
src\main.c(153): warning:  #188-D: enumerated type mixed with another type
src\main.c(157): warning:  #188-D: enumerated type mixed with another type
linking...
Program Size: Code=13468 RO-data=6588 RW-data=4128 ZI-data=13920  
"Dungeon.axf" - 0 Error(s), 4 Warning(s).
Build target 'Target 1'
compiling main.c...
src\main.c(79): warning:  #188-D: enumerated type mixed with another type
src\main.c(93): warning:  #188-D: enumerated type mixed with another type
src\main.c(153): warning:  #188-D: enumerated type mixed with another type
src\main.c(157): warning:  #188-D: enumerated type mixed with another type
linking...
Program Size: Code=13468 RO-data=6588 RW-data=4128 ZI-data=13920  
"Dungeon.axf" - 0 Error(s), 4 Warning(s).
Load "N:\\2B\\MTE 241\\FinalProject\\Dungeon.AXF" 
Erase Done.
Programming Done.
Verify OK.
Build target 'Target 1'
compiling main.c...
src\main.c(79): warning:  #188-D: enumerated type mixed with another type
src\main.c(93): warning:  #188-D: enumerated type mixed with another type
src\main.c(153): warning:  #188-D: enumerated type mixed with another type
src\main.c(157): warning:  #188-D: enumerated type mixed with another type
linking...
Program Size: Code=13452 RO-data=6588 RW-data=4128 ZI-data=13920  
"Dungeon.axf" - 0 Error(s), 4 Warning(s).
Load "N:\\2B\\MTE 241\\FinalProject\\Dungeon.AXF" 
Erase Done.
Programming Done.
Verify OK.
Build target 'Target 1'
compiling main.c...
src\main.c(79): warning:  #188-D: enumerated type mixed with another type
src\main.c(93): warning:  #188-D: enumerated type mixed with another type
src\main.c(153): warning:  #188-D: enumerated type mixed with another type
src\main.c(157): warning:  #188-D: enumerated type mixed with another type
linking...
Program Size: Code=13456 RO-data=6588 RW-data=4128 ZI-data=13920  
"Dungeon.axf" - 0 Error(s), 4 Warning(s).
Load "N:\\2B\\MTE 241\\FinalProject\\Dungeon.AXF" 
Erase Done.
Programming Done.
Verify OK.
Build target 'Target 1'
compiling main.c...
src\main.c(79): warning:  #188-D: enumerated type mixed with another type
src\main.c(93): warning:  #188-D: enumerated type mixed with another type
src\main.c(153): warning:  #188-D: enumerated type mixed with another type
src\main.c(157): warning:  #188-D: enumerated type mixed with another type
linking...
Program Size: Code=13456 RO-data=6588 RW-data=4128 ZI-data=13920  
"Dungeon.axf" - 0 Error(s), 4 Warning(s).
Load "N:\\2B\\MTE 241\\FinalProject\\Dungeon.AXF" 
Erase Done.
Programming Done.
Verify OK.
Build target 'Target 1'
compiling main.c...
src\main.c(79): warning:  #188-D: enumerated type mixed with another type
src\main.c(93): warning:  #188-D: enumerated type mixed with another type
src\main.c(153): warning:  #188-D: enumerated type mixed with another type
src\main.c(157): warning:  #188-D: enumerated type mixed with another type
linking...
Program Size: Code=13456 RO-data=6588 RW-data=4128 ZI-data=13920  
"Dungeon.axf" - 0 Error(s), 4 Warning(s).
Load "N:\\2B\\MTE 241\\FinalProject\\Dungeon.AXF" 
Erase Done.
Programming Done.
Verify OK.
Build target 'Target 1'
compiling main.c...
src\main.c(79): warning:  #188-D: enumerated type mixed with another type
src\main.c(93): warning:  #188-D: enumerated type mixed with another type
src\main.c(153): warning:  #188-D: enumerated type mixed with another type
src\main.c(157): warning:  #188-D: enumerated type mixed with another type
linking...
Program Size: Code=13448 RO-data=6588 RW-data=4128 ZI-data=13920  
"Dungeon.axf" - 0 Error(s), 4 Warning(s).
Build target 'Target 1'
linking...
Program Size: Code=13448 RO-data=6588 RW-data=4128 ZI-data=13920  
"Dungeon.axf" - 0 Error(s), 0 Warning(s).
Load "N:\\2B\\MTE 241\\FinalProject\\Dungeon.AXF" 
Erase Done.
Programming Done.
Verify OK.
Build target 'Target 1'
compiling main.c...
src\main.c(79): warning:  #188-D: enumerated type mixed with another type
src\main.c(93): warning:  #188-D: enumerated type mixed with another type
src\main.c(153): warning:  #188-D: enumerated type mixed with another type
src\main.c(157): warning:  #188-D: enumerated type mixed with another type
linking...
Program Size: Code=13444 RO-data=6588 RW-data=4128 ZI-data=13920  
"Dungeon.axf" - 0 Error(s), 4 Warning(s).
Load "N:\\2B\\MTE 241\\FinalProject\\Dungeon.AXF" 
Erase Done.
Programming Done.
Verify OK.
Build target 'Target 1'
compiling main.c...
src\main.c(79): warning:  #188-D: enumerated type mixed with another type
src\main.c(93): warning:  #188-D: enumerated type mixed with another type
src\main.c(153): warning:  #188-D: enumerated type mixed with another type
src\main.c(157): warning:  #188-D: enumerated type mixed with another type
linking...
Program Size: Code=13428 RO-data=6588 RW-data=4128 ZI-data=13920  
"Dungeon.axf" - 0 Error(s), 4 Warning(s).
Load "N:\\2B\\MTE 241\\FinalProject\\Dungeon.AXF" 
Erase Done.
Programming Done.
Verify OK.
Build target 'Target 1'
compiling main.c...
src\main.c(79): warning:  #188-D: enumerated type mixed with another type
src\main.c(93): warning:  #188-D: enumerated type mixed with another type
src\main.c(153): warning:  #188-D: enumerated type mixed with another type
src\main.c(157): warning:  #188-D: enumerated type mixed with another type
linking...
Program Size: Code=13428 RO-data=6588 RW-data=4128 ZI-data=13920  
"Dungeon.axf" - 0 Error(s), 4 Warning(s).
Build target 'Target 1'
compiling main.c...
src\main.c(79): warning:  #188-D: enumerated type mixed with another type
src\main.c(93): warning:  #188-D: enumerated type mixed with another type
src\main.c(153): warning:  #188-D: enumerated type mixed with another type
src\main.c(157): warning:  #188-D: enumerated type mixed with another type
linking...
Program Size: Code=13428 RO-data=6588 RW-data=4128 ZI-data=13920  
"Dungeon.axf" - 0 Error(s), 4 Warning(s).
Load "N:\\2B\\MTE 241\\FinalProject\\Dungeon.AXF" 
Erase Done.
Programming Done.
Verify OK.
Build target 'Target 1'
compiling main.c...
src\main.c(79): warning:  #188-D: enumerated type mixed with another type
src\main.c(93): warning:  #188-D: enumerated type mixed with another type
src\main.c(153): warning:  #188-D: enumerated type mixed with another type
src\main.c(157): warning:  #188-D: enumerated type mixed with another type
linking...
Program Size: Code=13432 RO-data=6588 RW-data=4128 ZI-data=13920  
"Dungeon.axf" - 0 Error(s), 4 Warning(s).
Build target 'Target 1'
compiling main.c...
src\main.c(79): warning:  #188-D: enumerated type mixed with another type
src\main.c(93): warning:  #188-D: enumerated type mixed with another type
src\main.c(153): warning:  #188-D: enumerated type mixed with another type
src\main.c(157): warning:  #188-D: enumerated type mixed with another type
linking...
Program Size: Code=13432 RO-data=6588 RW-data=4128 ZI-data=13920  
"Dungeon.axf" - 0 Error(s), 4 Warning(s).
Load "N:\\2B\\MTE 241\\FinalProject\\Dungeon.AXF" 
Erase Done.
Programming Done.
Verify OK.
Build target 'Target 1'
compiling main.c...
linking...
Program Size: Code=13432 RO-data=6588 RW-data=4128 ZI-data=13920  
"Dungeon.axf" - 0 Error(s), 0 Warning(s).
Load "N:\\2B\\MTE 241\\FinalProject\\Dungeon.AXF" 
Erase Done.
Programming Done.
Verify OK.
Build target 'Target 1'
compiling main.c...
src\main.c(79): warning:  #188-D: enumerated type mixed with another type
src\main.c(93): warning:  #188-D: enumerated type mixed with another type
src\main.c(153): warning:  #188-D: enumerated type mixed with another type
src\main.c(157): warning:  #188-D: enumerated type mixed with another type
linking...
Program Size: Code=13432 RO-data=6588 RW-data=4128 ZI-data=13920  
"Dungeon.axf" - 0 Error(s), 4 Warning(s).
Build target 'Target 1'
compiling main.c...
src\main.c(79): warning:  #188-D: enumerated type mixed with another type
src\main.c(93): warning:  #188-D: enumerated type mixed with another type
src\main.c(153): warning:  #188-D: enumerated type mixed with another type
src\main.c(157): warning:  #188-D: enumerated type mixed with another type
linking...
Program Size: Code=13432 RO-data=6588 RW-data=4128 ZI-data=13920  
"Dungeon.axf" - 0 Error(s), 4 Warning(s).
Load "N:\\2B\\MTE 241\\FinalProject\\Dungeon.AXF" 
Erase Done.
Programming Done.
Verify OK.
Build target 'Target 1'
compiling main.c...
src\main.c(79): warning:  #188-D: enumerated type mixed with another type
src\main.c(93): warning:  #188-D: enumerated type mixed with another type
src\main.c(153): warning:  #188-D: enumerated type mixed with another type
src\main.c(157): warning:  #188-D: enumerated type mixed with another type
linking...
Program Size: Code=13428 RO-data=6588 RW-data=4128 ZI-data=13920  
"Dungeon.axf" - 0 Error(s), 4 Warning(s).
Build target 'Target 1'
compiling main.c...
src\main.c(79): warning:  #188-D: enumerated type mixed with another type
src\main.c(93): warning:  #188-D: enumerated type mixed with another type
src\main.c(153): warning:  #188-D: enumerated type mixed with another type
src\main.c(157): warning:  #188-D: enumerated type mixed with another type
linking...
Program Size: Code=13432 RO-data=6588 RW-data=4128 ZI-data=13920  
"Dungeon.axf" - 0 Error(s), 4 Warning(s).
Build target 'Target 1'
compiling main.c...
src\main.c(79): warning:  #188-D: enumerated type mixed with another type
src\main.c(93): warning:  #188-D: enumerated type mixed with another type
src\main.c(153): warning:  #188-D: enumerated type mixed with another type
src\main.c(157): warning:  #188-D: enumerated type mixed with another type
src\main.c(195): error:  #137: expression must be a modifiable lvalue
Target not created
Build target 'Target 1'
compiling main.c...
src\main.c(79): warning:  #188-D: enumerated type mixed with another type
src\main.c(93): warning:  #188-D: enumerated type mixed with another type
src\main.c(153): warning:  #188-D: enumerated type mixed with another type
src\main.c(157): warning:  #188-D: enumerated type mixed with another type
linking...
Program Size: Code=13448 RO-data=6588 RW-data=4128 ZI-data=13920  
"Dungeon.axf" - 0 Error(s), 4 Warning(s).
Build target 'Target 1'
compiling main.c...
src\main.c(79): warning:  #188-D: enumerated type mixed with another type
src\main.c(93): warning:  #188-D: enumerated type mixed with another type
src\main.c(153): warning:  #188-D: enumerated type mixed with another type
[...]
src\main.c(154): warning:  #188-D: enumerated type mixed with another type
src\main.c(158): warning:  #188-D: enumerated type mixed with another type
linking...
Program Size: Code=13776 RO-data=6588 RW-data=4128 ZI-data=13920  
"Dungeon.axf" - 0 Error(s), 4 Warning(s).
Load "N:\\2B\\MTE 241\\FinalProject\\Dungeon.AXF" 
Erase Done.
Programming Done.
Verify OK.
Build target 'Target 1'
compiling main.c...
src\main.c(80): warning:  #188-D: enumerated type mixed with another type
src\main.c(94): warning:  #188-D: enumerated type mixed with another type
src\main.c(154): warning:  #188-D: enumerated type mixed with another type
src\main.c(158): warning:  #188-D: enumerated type mixed with another type
linking...
Program Size: Code=13780 RO-data=6588 RW-data=4128 ZI-data=13920  
"Dungeon.axf" - 0 Error(s), 4 Warning(s).
Load "N:\\2B\\MTE 241\\FinalProject\\Dungeon.AXF" 
Erase Done.
Programming Done.
Verify OK.
Build target 'Target 1'
compiling main.c...
src\main.c(80): warning:  #188-D: enumerated type mixed with another type
src\main.c(94): warning:  #188-D: enumerated type mixed with another type
src\main.c(154): warning:  #188-D: enumerated type mixed with another type
src\main.c(158): warning:  #188-D: enumerated type mixed with another type
linking...
Program Size: Code=13780 RO-data=6588 RW-data=4128 ZI-data=13920  
"Dungeon.axf" - 0 Error(s), 4 Warning(s).
Load "N:\\2B\\MTE 241\\FinalProject\\Dungeon.AXF" 
Erase Done.
Programming Done.
Verify OK.
Build target 'Target 1'
compiling main.c...
src\main.c(80): warning:  #188-D: enumerated type mixed with another type
src\main.c(94): warning:  #188-D: enumerated type mixed with another type
src\main.c(154): warning:  #188-D: enumerated type mixed with another type
src\main.c(158): warning:  #188-D: enumerated type mixed with another type
linking...
Program Size: Code=13760 RO-data=6588 RW-data=4128 ZI-data=13920  
"Dungeon.axf" - 0 Error(s), 4 Warning(s).
Load "N:\\2B\\MTE 241\\FinalProject\\Dungeon.AXF" 
Erase Done.
Programming Done.
Verify OK.
Build target 'Target 1'
compiling main.c...
src\main.c(80): warning:  #188-D: enumerated type mixed with another type
src\main.c(94): warning:  #188-D: enumerated type mixed with another type
src\main.c(154): warning:  #188-D: enumerated type mixed with another type
src\main.c(158): warning:  #188-D: enumerated type mixed with another type
linking...
Program Size: Code=13748 RO-data=6588 RW-data=4128 ZI-data=13920  
"Dungeon.axf" - 0 Error(s), 4 Warning(s).
Load "N:\\2B\\MTE 241\\FinalProject\\Dungeon.AXF" 
Erase Done.
Programming Done.
Verify OK.
Build target 'Target 1'
compiling main.c...
src\main.c(80): warning:  #188-D: enumerated type mixed with another type
src\main.c(94): warning:  #188-D: enumerated type mixed with another type
src\main.c(154): warning:  #188-D: enumerated type mixed with another type
src\main.c(158): warning:  #188-D: enumerated type mixed with another type
linking...
Program Size: Code=13740 RO-data=6588 RW-data=4128 ZI-data=13920  
"Dungeon.axf" - 0 Error(s), 4 Warning(s).
Load "N:\\2B\\MTE 241\\FinalProject\\Dungeon.AXF" 
Erase Done.
Programming Done.
Verify OK.
Build target 'Target 1'
compiling main.c...
src\main.c(80): warning:  #188-D: enumerated type mixed with another type
src\main.c(94): warning:  #188-D: enumerated type mixed with another type
src\main.c(154): warning:  #188-D: enumerated type mixed with another type
src\main.c(158): warning:  #188-D: enumerated type mixed with another type
linking...
Program Size: Code=13688 RO-data=6588 RW-data=4128 ZI-data=13920  
"Dungeon.axf" - 0 Error(s), 4 Warning(s).
Load "N:\\2B\\MTE 241\\FinalProject\\Dungeon.AXF" 
Erase Done.
Programming Done.
Verify OK.
Build target 'Target 1'
compiling main.c...
src\main.c(80): warning:  #188-D: enumerated type mixed with another type
src\main.c(94): warning:  #188-D: enumerated type mixed with another type
src\main.c(154): warning:  #188-D: enumerated type mixed with another type
src\main.c(158): warning:  #188-D: enumerated type mixed with another type
src\main.c(451): warning:  #177-D: variable "texel_type" was declared but never referenced
linking...
Program Size: Code=13660 RO-data=6588 RW-data=4128 ZI-data=13920  
"Dungeon.axf" - 0 Error(s), 5 Warning(s).
Load "N:\\2B\\MTE 241\\FinalProject\\Dungeon.AXF" 
Erase Done.
Programming Done.
Verify OK.
Build target 'Target 1'
compiling main.c...
src\main.c(80): warning:  #188-D: enumerated type mixed with another type
src\main.c(94): warning:  #188-D: enumerated type mixed with another type
src\main.c(154): warning:  #188-D: enumerated type mixed with another type
src\main.c(158): warning:  #188-D: enumerated type mixed with another type
src\main.c(451): warning:  #177-D: variable "texel_type" was declared but never referenced
linking...
Program Size: Code=13624 RO-data=6588 RW-data=4128 ZI-data=13920  
"Dungeon.axf" - 0 Error(s), 5 Warning(s).
Load "N:\\2B\\MTE 241\\FinalProject\\Dungeon.AXF" 
Erase Done.
Programming Done.
Verify OK.
Build target 'Target 1'
compiling main.c...
src\main.c(80): warning:  #188-D: enumerated type mixed with another type
src\main.c(94): warning:  #188-D: enumerated type mixed with another type
src\main.c(154): warning:  #188-D: enumerated type mixed with another type
src\main.c(158): warning:  #188-D: enumerated type mixed with another type
src\main.c(451): warning:  #177-D: variable "texel_type" was declared but never referenced
src\main.c(530): warning:  #111-D: statement is unreachable
src\main.c(532): error:  #169: expected a declaration
src\main.c(575): warning:  #12-D: parsing restarts here after previous syntax error
src\main.c(577): error:  #169: expected a declaration
src\main.c(597): warning: At end of source:  #12-D: parsing restarts here after previous syntax error
Target not created
Load "N:\\2B\\MTE 241\\FinalProject\\Dungeon.AXF" 
_____^
*** error 56: cannot open file
Build target 'Target 1'
compiling main.c...
src\main.c(80): warning:  #188-D: enumerated type mixed with another type
src\main.c(94): warning:  #188-D: enumerated type mixed with another type
src\main.c(154): warning:  #188-D: enumerated type mixed with another type
src\main.c(158): warning:  #188-D: enumerated type mixed with another type
src\main.c(451): warning:  #177-D: variable "texel_type" was declared but never referenced
linking...
Program Size: Code=13660 RO-data=6588 RW-data=4128 ZI-data=13920  
"Dungeon.axf" - 0 Error(s), 5 Warning(s).
Load "N:\\2B\\MTE 241\\FinalProject\\Dungeon.AXF" 
Erase Done.
Programming Done.
Verify OK.
Build target 'Target 1'
compiling main.c...
src\main.c(80): warning:  #188-D: enumerated type mixed with another type
src\main.c(94): warning:  #188-D: enumerated type mixed with another type
src\main.c(154): warning:  #188-D: enumerated type mixed with another type
src\main.c(158): warning:  #188-D: enumerated type mixed with another type
src\main.c(450): warning:  #550-D: variable "valid" was set but never used
src\main.c(451): warning:  #177-D: variable "texel_type" was declared but never referenced
linking...
Program Size: Code=13632 RO-data=6588 RW-data=4128 ZI-data=13920  
"Dungeon.axf" - 0 Error(s), 6 Warning(s).
Load "N:\\2B\\MTE 241\\FinalProject\\Dungeon.AXF" 
Erase Done.
Programming Done.
Verify OK.
Build target 'Target 1'
compiling main.c...
src\main.c(80): warning:  #188-D: enumerated type mixed with another type
src\main.c(94): warning:  #188-D: enumerated type mixed with another type
src\main.c(154): warning:  #188-D: enumerated type mixed with another type
src\main.c(158): warning:  #188-D: enumerated type mixed with another type
linking...
Program Size: Code=13468 RO-data=6588 RW-data=4128 ZI-data=13920  
"Dungeon.axf" - 0 Error(s), 4 Warning(s).
Load "N:\\2B\\MTE 241\\FinalProject\\Dungeon.AXF" 
Erase Done.
Programming Done.
Verify OK.
Build target 'Target 1'
compiling main.c...
src\main.c(80): warning:  #188-D: enumerated type mixed with another type
src\main.c(94): warning:  #188-D: enumerated type mixed with another type
src\main.c(154): warning:  #188-D: enumerated type mixed with another type
src\main.c(158): warning:  #188-D: enumerated type mixed with another type
linking...
Program Size: Code=13472 RO-data=6588 RW-data=4128 ZI-data=13920  
"Dungeon.axf" - 0 Error(s), 4 Warning(s).
Load "N:\\2B\\MTE 241\\FinalProject\\Dungeon.AXF" 
Erase Done.
Programming Done.
Verify OK.
Build target 'Target 1'
compiling main.c...
src\main.c(80): warning:  #188-D: enumerated type mixed with another type
src\main.c(94): warning:  #188-D: enumerated type mixed with another type
src\main.c(154): warning:  #188-D: enumerated type mixed with another type
src\main.c(158): warning:  #188-D: enumerated type mixed with another type
src\main.c(450): warning:  #550-D: variable "valid" was set but never used
src\main.c(451): warning:  #177-D: variable "texel_type" was declared but never referenced
linking...
Program Size: Code=13632 RO-data=6588 RW-data=4128 ZI-data=13920  
"Dungeon.axf" - 0 Error(s), 6 Warning(s).
Build target 'Target 1'
compiling main.c...
src\main.c(80): warning:  #188-D: enumerated type mixed with another type
src\main.c(94): warning:  #188-D: enumerated type mixed with another type
src\main.c(154): warning:  #188-D: enumerated type mixed with another type
src\main.c(158): warning:  #188-D: enumerated type mixed with another type
src\main.c(450): warning:  #550-D: variable "valid" was set but never used
src\main.c(451): warning:  #177-D: variable "texel_type" was declared but never referenced
linking...
Program Size: Code=13608 RO-data=6588 RW-data=4128 ZI-data=13920  
"Dungeon.axf" - 0 Error(s), 6 Warning(s).
Load "N:\\2B\\MTE 241\\FinalProject\\Dungeon.AXF" 
Erase Done.
Programming Done.
Verify OK.
Build target 'Target 1'
compiling main.c...
src\main.c(80): warning:  #188-D: enumerated type mixed with another type
src\main.c(94): warning:  #188-D: enumerated type mixed with another type
src\main.c(154): warning:  #188-D: enumerated type mixed with another type
src\main.c(158): warning:  #188-D: enumerated type mixed with another type
src\main.c(450): warning:  #550-D: variable "valid" was set but never used
src\main.c(451): warning:  #177-D: variable "texel_type" was declared but never referenced
linking...
Program Size: Code=13632 RO-data=6588 RW-data=4128 ZI-data=13920  
"Dungeon.axf" - 0 Error(s), 6 Warning(s).
Load "N:\\2B\\MTE 241\\FinalProject\\Dungeon.AXF" 
Erase Done.
Programming Done.
Verify OK.
Build target 'Target 1'
compiling main.c...
src\main.c(80): warning:  #188-D: enumerated type mixed with another type
src\main.c(94): warning:  #188-D: enumerated type mixed with another type
src\main.c(154): warning:  #188-D: enumerated type mixed with another type
src\main.c(158): warning:  #188-D: enumerated type mixed with another type
src\main.c(450): warning:  #550-D: variable "valid" was set but never used
src\main.c(451): warning:  #177-D: variable "texel_type" was declared but never referenced
linking...
Program Size: Code=13632 RO-data=6588 RW-data=4128 ZI-data=13920  
"Dungeon.axf" - 0 Error(s), 6 Warning(s).
Load "N:\\2B\\MTE 241\\FinalProject\\Dungeon.AXF" 
Erase Done.
Programming Done.
Verify OK.
Build target 'Target 1'
compiling main.c...
src\main.c(80): warning:  #188-D: enumerated type mixed with another type
src\main.c(94): warning:  #188-D: enumerated type mixed with another type
src\main.c(154): warning:  #188-D: enumerated type mixed with another type
src\main.c(158): warning:  #188-D: enumerated type mixed with another type
src\main.c(450): warning:  #550-D: variable "valid" was set but never used
src\main.c(451): warning:  #177-D: variable "texel_type" was declared but never referenced
linking...
Program Size: Code=13640 RO-data=6588 RW-data=4128 ZI-data=13920  
"Dungeon.axf" - 0 Error(s), 6 Warning(s).
Load "N:\\2B\\MTE 241\\FinalProject\\Dungeon.AXF" 
Erase Done.
Programming Done.
Verify OK.
Build target 'Target 1'
compiling main.c...
src\main.c(80): warning:  #188-D: enumerated type mixed with another type
src\main.c(94): warning:  #188-D: enumerated type mixed with another type
src\main.c(154): warning:  #188-D: enumerated type mixed with another type
src\main.c(158): warning:  #188-D: enumerated type mixed with another type
src\main.c(450): warning:  #550-D: variable "valid" was set but never used
src\main.c(451): warning:  #177-D: variable "texel_type" was declared but never referenced
linking...
Program Size: Code=13640 RO-data=6588 RW-data=4128 ZI-data=13920  
"Dungeon.axf" - 0 Error(s), 6 Warning(s).
Load "N:\\2B\\MTE 241\\FinalProject\\Dungeon.AXF" 
Erase Done.
Programming Done.
Verify OK.
Build target 'Target 1'
compiling main.c...
src\main.c(80): warning:  #188-D: enumerated type mixed with another type
src\main.c(94): warning:  #188-D: enumerated type mixed with another type
src\main.c(154): warning:  #188-D: enumerated type mixed with another type
src\main.c(158): warning:  #188-D: enumerated type mixed with another type
src\main.c(450): warning:  #550-D: variable "valid" was set but never used
src\main.c(451): warning:  #177-D: variable "texel_type" was declared but never referenced
linking...
Program Size: Code=13640 RO-data=6588 RW-data=4128 ZI-data=13920  
"Dungeon.axf" - 0 Error(s), 6 Warning(s).
Build target 'Target 1'
compiling main.c...
src\main.c(80): warning:  #188-D: enumerated type mixed with another type
src\main.c(94): warning:  #188-D: enumerated type mixed with another type
src\main.c(154): warning:  #188-D: enumerated type mixed with another type
src\main.c(158): warning:  #188-D: enumerated type mixed with another type
src\main.c(450): warning:  #550-D: variable "valid" was set but never used
src\main.c(451): warning:  #177-D: variable "texel_type" was declared but never referenced
linking...
Program Size: Code=13640 RO-data=6588 RW-data=4128 ZI-data=13920  
"Dungeon.axf" - 0 Error(s), 6 Warning(s).
Load "N:\\2B\\MTE 241\\FinalProject\\Dungeon.AXF" 
Erase Done.
Programming Done.
Verify OK.
Build target 'Target 1'
linking...
Program Size: Code=13640 RO-data=6588 RW-data=4128 ZI-data=13920  
"Dungeon.axf" - 0 Error(s), 0 Warning(s).
Build target 'Target 1'
linking...
Program Size: Code=13640 RO-data=6588 RW-data=4128 ZI-data=13920  
"Dungeon.axf" - 0 Error(s), 0 Warning(s).
Load "N:\\2B\\MTE 241\\FinalProject\\Dungeon.AXF" 
Erase Done.
Programming Done.
Verify OK.
Build target 'Target 1'
assembling startup_LPC17xx.s...
linking...
Program Size: Code=13640 RO-data=6588 RW-data=4128 ZI-data=13920  
"Dungeon.axf" - 0 Error(s), 0 Warning(s).
Load "N:\\2B\\MTE 241\\FinalProject\\Dungeon.AXF" 
Erase Done.
Programming Done.
Verify OK.
Build target 'Target 1'
linking...
Program Size: Code=13640 RO-data=6588 RW-data=4128 ZI-data=13920  
"Dungeon.axf" - 0 Error(s), 0 Warning(s).
Load "N:\\2B\\MTE 241\\FinalProject\\Dungeon.AXF" 
Erase Done.
Programming Done.
Verify OK.
Build target 'Target 1'
assembling startup_LPC17xx.s...
linking...
Program Size: Code=13640 RO-data=6588 RW-data=4128 ZI-data=6240  
"Dungeon.axf" - 0 Error(s), 0 Warning(s).
Load "N:\\2B\\MTE 241\\FinalProject\\Dungeon.AXF" 
Erase Done.
Programming Done.
Verify OK.
Build target 'Target 1'
assembling startup_LPC17xx.s...
linking...
Program Size: Code=13640 RO-data=6588 RW-data=4128 ZI-data=13920  
"Dungeon.axf" - 0 Error(s), 0 Warning(s).
Build target 'Target 1'
compiling main.c...
src\main.c(80): warning:  #188-D: enumerated type mixed with another type
src\main.c(94): warning:  #188-D: enumerated type mixed with another type
src\main.c(154): warning:  #188-D: enumerated type mixed with another type
src\main.c(158): warning:  #188-D: enumerated type mixed with another type
linking...
Program Size: Code=13464 RO-data=6588 RW-data=4128 ZI-data=13920  
"Dungeon.axf" - 0 Error(s), 4 Warning(s).
Load "N:\\2B\\MTE 241\\FinalProject\\Dungeon.AXF" 
Erase Done.
Programming Done.
Verify OK.
Build target 'Target 1'
compiling main.c...
src\main.c(80): warning:  #188-D: enumerated type mixed with another type
src\main.c(94): warning:  #188-D: enumerated type mixed with another type
src\main.c(154): warning:  #188-D: enumerated type mixed with another type
src\main.c(158): warning:  #188-D: enumerated type mixed with another type
linking...
Program Size: Code=13392 RO-data=6588 RW-data=4128 ZI-data=13920  
"Dungeon.axf" - 0 Error(s), 4 Warning(s).
Load "N:\\2B\\MTE 241\\FinalProject\\Dungeon.AXF" 
Erase Done.
Programming Done.
Verify OK.
Build target 'Target 1'
compiling main.c...
src\main.c(80): warning:  #188-D: enumerated type mixed with another type
src\main.c(94): warning:  #188-D: enumerated type mixed with another type
src\main.c(154): warning:  #188-D: enumerated type mixed with another type
src\main.c(158): warning:  #188-D: enumerated type mixed with another type
linking...
Program Size: Code=13412 RO-data=6588 RW-data=4128 ZI-data=13920  
"Dungeon.axf" - 0 Error(s), 4 Warning(s).
Load "N:\\2B\\MTE 241\\FinalProject\\Dungeon.AXF" 
Erase Done.
Programming Done.
Verify OK.
Build target 'Target 1'
compiling main.c...
src\main.c(80): warning:  #188-D: enumerated type mixed with another type
src\main.c(94): warning:  #188-D: enumerated type mixed with another type
src\main.c(154): warning:  #188-D: enumerated type mixed with another type
src\main.c(158): warning:  #188-D: enumerated type mixed with another type
linking...
Program Size: Code=13428 RO-data=6588 RW-data=4128 ZI-data=13920  
"Dungeon.axf" - 0 Error(s), 4 Warning(s).
Load "N:\\2B\\MTE 241\\FinalProject\\Dungeon.AXF" 
Erase Done.
Programming Done.
Verify OK.
Build target 'Target 1'
compiling main.c...
src\main.c(80): warning:  #188-D: enumerated type mixed with another type
src\main.c(94): warning:  #188-D: enumerated type mixed with another type
src\main.c(154): warning:  #188-D: enumerated type mixed with another type
src\main.c(158): warning:  #188-D: enumerated type mixed with another type
src\main.c(453): error:  #20: identifier "i" is undefined
src\main.c(456): error:  #20: identifier "ex" is undefined
src\main.c(457): error:  #20: identifier "ey" is undefined
src\main.c(458): error:  #20: identifier "ep" is undefined
src\main.c(463): error:  #20: identifier "valid" is undefined
src\main.c(483): error:  #20: identifier "texel_type" is undefined
src\main.c(484): error:  #20: identifier "type" is undefined
Target not created
Build target 'Target 1'
compiling main.c...
src\main.c(80): warning:  #188-D: enumerated type mixed with another type
src\main.c(94): warning:  #188-D: enumerated type mixed with another type
src\main.c(154): warning:  #188-D: enumerated type mixed with another type
src\main.c(158): warning:  #188-D: enumerated type mixed with another type
src\main.c(450): warning:  #550-D: variable "valid" was set but never used
linking...
Program Size: Code=13672 RO-data=6588 RW-data=4128 ZI-data=13920  
"Dungeon.axf" - 0 Error(s), 5 Warning(s).
Load "N:\\2B\\MTE 241\\FinalProject\\Dungeon.AXF" 
Erase Done.
Programming Done.
Verify OK.
Build target 'Target 1'
compiling main.c...
src\main.c(80): warning:  #188-D: enumerated type mixed with another type
src\main.c(94): warning:  #188-D: enumerated type mixed with another type
src\main.c(154): warning:  #188-D: enumerated type mixed with another type
src\main.c(158): warning:  #188-D: enumerated type mixed with another type
src\main.c(450): warning:  #550-D: variable "valid" was set but never used
linking...
Program Size: Code=13676 RO-data=6588 RW-data=4128 ZI-data=13920  
"Dungeon.axf" - 0 Error(s), 5 Warning(s).
Load "N:\\2B\\MTE 241\\FinalProject\\Dungeon.AXF" 
Erase Done.
Programming Done.
Verify OK.
