ARM Linker, 5.02 [Build 28] [MDK-ARM Lite]

==============================================================================

Section Cross References

    startup_lpc17xx.o(RESET) refers to startup_lpc17xx.o(STACK) for __initial_sp
    startup_lpc17xx.o(RESET) refers to startup_lpc17xx.o(.text) for Reset_Handler
    startup_lpc17xx.o(RESET) refers to hal_cm3.o(.emb_text) for SVC_Handler
    startup_lpc17xx.o(RESET) refers to uart.o(.text) for UART0_IRQHandler
    startup_lpc17xx.o(.text) refers to system_lpc17xx.o(.text) for SystemInit
    startup_lpc17xx.o(.text) refers to entry.o(.ARM.Collect$$$$00000000) for __main
    system_lpc17xx.o(.text) refers to uldiv.o(.text) for __aeabi_uldivmod
    system_lpc17xx.o(.text) refers to system_lpc17xx.o(.data) for SystemCoreClock
    main.o(.text) refers to glcd_spi_lpc1700.o(.text) for GLCD_Bargraph
    main.o(.text) refers to glcdrenderlib.o(.text) for draw_TEXEL
    main.o(.text) refers to led.o(.text) for LED_set
    main.o(.text) refers to controller.o(.text) for readJoystick
    main.o(.text) refers to rt_task.o(i.rt_tsk_pass) for rt_tsk_pass
    main.o(.text) refers to main.o(.bss) for mutex_map
    main.o(.text) refers to rt_mutex.o(i.rt_mut_wait) for rt_mut_wait
    main.o(.text) refers to main.o(.data) for map
    main.o(.text) refers to rt_mutex.o(i.rt_mut_release) for rt_mut_release
    main.o(.text) refers to rt_time.o(i.rt_itv_set) for rt_itv_set
    main.o(.text) refers to rt_time.o(i.rt_itv_wait) for rt_itv_wait
    main.o(.text) refers to printf3.o(i.__0printf$3) for __2printf
    main.o(.text) refers to hal_cm3.o(.emb_text) for os_set_env
    main.o(.text) refers to rt_mutex.o(i.rt_mut_init) for rt_mut_init
    main.o(.text) refers to rt_task.o(i.rt_tsk_create) for rt_tsk_create
    main.o(.text) refers to rt_task.o(i.rt_tsk_delete) for rt_tsk_delete
    main.o(.text) refers to rt_task.o(i.rt_sys_init) for rt_sys_init
    led.o(.text) refers to led.o(.constdata) for led_pos
    retarget.o(.text) refers to glcd_scroll.o(.text) for append_char
    timer.o(.text) refers to system_lpc17xx.o(.data) for SystemCoreClock
    uart.o(.text) refers to uart.o(.data) for RcvLock0
    uart.o(.text) refers to uart.o(.bss) for UART0Buffer
    uart.o(.text) refers to system_lpc17xx.o(.data) for SystemCoreClock
    controller.o(.text) refers to printf3.o(i.__0printf$3) for __2printf
    controller.o(.text) refers to controller.o(.data) for g_prevVal_JoyStick
    glcd_scroll.o(.text) refers to glcd_spi_lpc1700.o(.text) for GLCD_Init
    glcd_scroll.o(.text) refers to glcd_scroll.o(i.last_line) for last_line
    glcd_scroll.o(.text) refers to glcd_scroll.o(i.last_window_line) for last_window_line
    glcd_scroll.o(.text) refers to glcd_scroll.o(.data) for cache_start
    glcd_scroll.o(.text) refers to glcd_scroll.o(.bss) for chache
    glcd_spi_lpc1700.o(.text) refers to glcd_spi_lpc1700.o(.data) for Himax
    glcd_spi_lpc1700.o(.text) refers to glcd_spi_lpc1700.o(.constdata) for Font_6x8_h
    glcdrenderlib.o(.text) refers to glcd_spi_lpc1700.o(.text) for GLCD_Bitmap_ROT
    glcdrenderlib.o(.text) refers to glcdrenderlib.o(.data) for bitmap_player
    rt_task.o(i.rt_block) refers to rt_list.o(i.rt_put_dly) for rt_put_dly
    rt_task.o(i.rt_block) refers to rt_list.o(i.rt_get_first) for rt_get_first
    rt_task.o(i.rt_block) refers to rt_task.o(i.rt_switch_req) for rt_switch_req
    rt_task.o(i.rt_block) refers to rt_task.o(.data) for .data
    rt_task.o(i.rt_block) refers to rt_list.o(.bss) for os_rdy
    rt_task.o(i.rt_dispatch) refers to rt_list.o(i.rt_put_rdy_first) for rt_put_rdy_first
    rt_task.o(i.rt_dispatch) refers to rt_task.o(i.rt_switch_req) for rt_switch_req
    rt_task.o(i.rt_dispatch) refers to rt_list.o(i.rt_get_first) for rt_get_first
    rt_task.o(i.rt_dispatch) refers to rt_list.o(i.rt_put_prio) for rt_put_prio
    rt_task.o(i.rt_dispatch) refers to rt_task.o(.data) for .data
    rt_task.o(i.rt_dispatch) refers to rt_list.o(.bss) for os_rdy
    rt_task.o(i.rt_init_context) refers to rt_membox.o(i.rt_alloc_box) for rt_alloc_box
    rt_task.o(i.rt_init_context) refers to hal_cm3.o(i.rt_init_stack) for rt_init_stack
    rt_task.o(i.rt_init_context) refers to rtx_config.o(.bss) for mp_stk
    rt_task.o(i.rt_switch_req) refers to hal_cm3.o(i.dbg_task_switch) for dbg_task_switch
    rt_task.o(i.rt_switch_req) refers to rt_task.o(.data) for .data
    rt_task.o(i.rt_switch_req) refers to hal_cm3.o(.data) for dbg_msg
    rt_task.o(i.rt_sys_init) refers to hal_cm3.o(i.dbg_init) for dbg_init
    rt_task.o(i.rt_sys_init) refers to rt_membox.o(i._init_box) for _init_box
    rt_task.o(i.rt_sys_init) refers to rt_task.o(i.rt_init_context) for rt_init_context
    rt_task.o(i.rt_sys_init) refers to hal_cm3.o(.emb_text) for rt_set_PSP
    rt_task.o(i.rt_sys_init) refers to rt_robin.o(i.rt_init_robin) for rt_init_robin
[...]
    rt_event.o(i.isr_evt_set) refers to rt_list.o(i.rt_psq_enq) for rt_psq_enq
    rt_event.o(i.isr_evt_set) refers to rt_system.o(i.rt_psh_req) for rt_psh_req
    rt_event.o(i.isr_evt_set) refers to rtx_config.o(.bss) for os_active_TCB
    rt_event.o(i.rt_evt_clr) refers to rtx_config.o(.bss) for os_active_TCB
    rt_event.o(i.rt_evt_get) refers to rt_task.o(.data) for os_tsk
    rt_event.o(i.rt_evt_psh) refers to rt_list.o(i.rt_rmv_dly) for rt_rmv_dly
    rt_event.o(i.rt_evt_psh) refers to rt_list.o(i.rt_put_prio) for rt_put_prio
    rt_event.o(i.rt_evt_psh) refers to rt_list.o(.bss) for os_rdy
    rt_event.o(i.rt_evt_set) refers to rt_list.o(i.rt_rmv_dly) for rt_rmv_dly
    rt_event.o(i.rt_evt_set) refers to rt_task.o(i.rt_dispatch) for rt_dispatch
    rt_event.o(i.rt_evt_set) refers to rtx_config.o(.bss) for os_active_TCB
    rt_event.o(i.rt_evt_wait) refers to rt_task.o(i.rt_block) for rt_block
    rt_event.o(i.rt_evt_wait) refers to rt_task.o(.data) for os_tsk
    rt_mailbox.o(i.isr_mbx_receive) refers to rt_list.o(i.rt_psq_enq) for rt_psq_enq
    rt_mailbox.o(i.isr_mbx_receive) refers to rt_system.o(i.rt_psh_req) for rt_psh_req
    rt_mailbox.o(i.isr_mbx_send) refers to rt_list.o(i.rt_psq_enq) for rt_psq_enq
    rt_mailbox.o(i.isr_mbx_send) refers to rt_system.o(i.rt_psh_req) for rt_psh_req
    rt_mailbox.o(i.rt_mbx_psh) refers to rt_list.o(i.rt_get_first) for rt_get_first
    rt_mailbox.o(i.rt_mbx_psh) refers to rt_list.o(i.rt_rmv_dly) for rt_rmv_dly
    rt_mailbox.o(i.rt_mbx_psh) refers to rt_list.o(i.rt_put_prio) for rt_put_prio
    rt_mailbox.o(i.rt_mbx_psh) refers to rtx_config.o(.text) for os_error
    rt_mailbox.o(i.rt_mbx_psh) refers to rt_list.o(.bss) for os_rdy
    rt_mailbox.o(i.rt_mbx_send) refers to rt_list.o(i.rt_put_prio) for rt_put_prio
    rt_mailbox.o(i.rt_mbx_send) refers to rt_list.o(i.rt_get_first) for rt_get_first
    rt_mailbox.o(i.rt_mbx_send) refers to rt_list.o(i.rt_rmv_dly) for rt_rmv_dly
    rt_mailbox.o(i.rt_mbx_send) refers to rt_task.o(i.rt_dispatch) for rt_dispatch
    rt_mailbox.o(i.rt_mbx_send) refers to rt_task.o(i.rt_block) for rt_block
    rt_mailbox.o(i.rt_mbx_send) refers to rt_task.o(.data) for os_tsk
    rt_mailbox.o(i.rt_mbx_wait) refers to rt_list.o(i.rt_get_first) for rt_get_first
    rt_mailbox.o(i.rt_mbx_wait) refers to rt_list.o(i.rt_rmv_dly) for rt_rmv_dly
    rt_mailbox.o(i.rt_mbx_wait) refers to rt_task.o(i.rt_dispatch) for rt_dispatch
    rt_mailbox.o(i.rt_mbx_wait) refers to rt_list.o(i.rt_put_prio) for rt_put_prio
    rt_mailbox.o(i.rt_mbx_wait) refers to rt_task.o(i.rt_block) for rt_block
    rt_mailbox.o(i.rt_mbx_wait) refers to rt_task.o(.data) for os_tsk
    rt_semaphore.o(i.isr_sem_send) refers to rt_list.o(i.rt_psq_enq) for rt_psq_enq
    rt_semaphore.o(i.isr_sem_send) refers to rt_system.o(i.rt_psh_req) for rt_psh_req
    rt_semaphore.o(i.rt_sem_psh) refers to rt_list.o(i.rt_get_first) for rt_get_first
    rt_semaphore.o(i.rt_sem_psh) refers to rt_list.o(i.rt_rmv_dly) for rt_rmv_dly
    rt_semaphore.o(i.rt_sem_psh) refers to rt_list.o(i.rt_put_prio) for rt_put_prio
    rt_semaphore.o(i.rt_sem_psh) refers to rt_list.o(.bss) for os_rdy
    rt_semaphore.o(i.rt_sem_send) refers to rt_list.o(i.rt_get_first) for rt_get_first
    rt_semaphore.o(i.rt_sem_send) refers to rt_list.o(i.rt_rmv_dly) for rt_rmv_dly
    rt_semaphore.o(i.rt_sem_send) refers to rt_task.o(i.rt_dispatch) for rt_dispatch
    rt_semaphore.o(i.rt_sem_send) refers to rt_task.o(.data) for os_tsk
    rt_semaphore.o(i.rt_sem_wait) refers to rt_list.o(i.rt_put_prio) for rt_put_prio
    rt_semaphore.o(i.rt_sem_wait) refers to rt_task.o(i.rt_block) for rt_block
    rt_semaphore.o(i.rt_sem_wait) refers to rt_task.o(.data) for os_tsk
    rt_timer.o(i.rt_tmr_create) refers to rt_membox.o(i.rt_alloc_box) for rt_alloc_box
    rt_timer.o(i.rt_tmr_create) refers to rtx_config.o(.data) for m_tmr
    rt_timer.o(i.rt_tmr_create) refers to rt_timer.o(.data) for .data
    rt_timer.o(i.rt_tmr_kill) refers to rt_membox.o(i.rt_free_box) for rt_free_box
    rt_timer.o(i.rt_tmr_kill) refers to rt_timer.o(.data) for .data
    rt_timer.o(i.rt_tmr_kill) refers to rtx_config.o(.data) for m_tmr
    rt_timer.o(i.rt_tmr_tick) refers to rtx_config.o(.text) for os_tmr_call
    rt_timer.o(i.rt_tmr_tick) refers to rt_membox.o(i.rt_free_box) for rt_free_box
    rt_timer.o(i.rt_tmr_tick) refers to rt_timer.o(.data) for .data
    rt_timer.o(i.rt_tmr_tick) refers to rtx_config.o(.data) for m_tmr
    entry.o(.ARM.Collect$$$$00000000) refers (Special) to entry7b.o(.ARM.Collect$$$$00000008) for _main_clock
    entry.o(.ARM.Collect$$$$00000000) refers (Special) to entry8.o(.ARM.Collect$$$$00000009) for _main_init
    entry.o(.ARM.Collect$$$$00000000) refers (Special) to entry5.o(.ARM.Collect$$$$00000004) for _main_scatterload
    entry.o(.ARM.Collect$$$$00000000) refers (Special) to entry2.o(.ARM.Collect$$$$00000001) for _main_stk
    uldiv.o(.text) refers to llushr.o(.text) for __aeabi_llsr
    uldiv.o(.text) refers to llshl.o(.text) for __aeabi_llsl
    printfb.o(i.__0fprintf$bare) refers to printfb.o(i._printf_core) for _printf_core
    printfb.o(i.__0fprintf$bare) refers to retarget.o(.text) for fputc
    printfb.o(i.__0printf$bare) refers to printfb.o(i._printf_core) for _printf_core
    printfb.o(i.__0printf$bare) refers to retarget.o(.text) for fputc
    printfb.o(i.__0printf$bare) refers to retarget.o(.data) for __stdout
    printfb.o(i.__0snprintf$bare) refers to printfb.o(i._printf_core) for _printf_core
    printfb.o(i.__0snprintf$bare) refers to printfb.o(i._snputc) for _snputc
    printfb.o(i.__0sprintf$bare) refers to printfb.o(i._printf_core) for _printf_core
    printfb.o(i.__0sprintf$bare) refers to printfb.o(i._sputc) for _sputc
    printfb.o(i.__0vfprintf$bare) refers to printfb.o(i._printf_core) for _printf_core
    printfb.o(i.__0vfprintf$bare) refers to retarget.o(.text) for fputc
    printfb.o(i.__0vprintf$bare) refers to printfb.o(i._printf_core) for _printf_core
    printfb.o(i.__0vprintf$bare) refers to retarget.o(.text) for fputc
    printfb.o(i.__0vprintf$bare) refers to retarget.o(.data) for __stdout
    printfb.o(i.__0vsnprintf$bare) refers to printfb.o(i._printf_core) for _printf_core
    printfb.o(i.__0vsnprintf$bare) refers to printfb.o(i._snputc) for _snputc
    printfb.o(i.__0vsprintf$bare) refers to printfb.o(i._printf_core) for _printf_core
    printfb.o(i.__0vsprintf$bare) refers to printfb.o(i._sputc) for _sputc
    printf0.o(i.__0fprintf$0) refers to printf0.o(i._printf_core) for _printf_core
    printf0.o(i.__0fprintf$0) refers to retarget.o(.text) for fputc
    printf0.o(i.__0printf$0) refers to printf0.o(i._printf_core) for _printf_core
    printf0.o(i.__0printf$0) refers to retarget.o(.text) for fputc
    printf0.o(i.__0printf$0) refers to retarget.o(.data) for __stdout
    printf0.o(i.__0snprintf$0) refers to printf0.o(i._printf_core) for _printf_core
    printf0.o(i.__0snprintf$0) refers to printf0.o(i._snputc) for _snputc
    printf0.o(i.__0sprintf$0) refers to printf0.o(i._printf_core) for _printf_core
    printf0.o(i.__0sprintf$0) refers to printf0.o(i._sputc) for _sputc
    printf0.o(i.__0vfprintf$0) refers to printf0.o(i._printf_core) for _printf_core
    printf0.o(i.__0vfprintf$0) refers to retarget.o(.text) for fputc
    printf0.o(i.__0vprintf$0) refers to printf0.o(i._printf_core) for _printf_core
    printf0.o(i.__0vprintf$0) refers to retarget.o(.text) for fputc
    printf0.o(i.__0vprintf$0) refers to retarget.o(.data) for __stdout
    printf0.o(i.__0vsnprintf$0) refers to printf0.o(i._printf_core) for _printf_core
    printf0.o(i.__0vsnprintf$0) refers to printf0.o(i._snputc) for _snputc
    printf0.o(i.__0vsprintf$0) refers to printf0.o(i._printf_core) for _printf_core
    printf0.o(i.__0vsprintf$0) refers to printf0.o(i._sputc) for _sputc
    printf1.o(i.__0fprintf$1) refers to printf1.o(i._printf_core) for _printf_core
    printf1.o(i.__0fprintf$1) refers to retarget.o(.text) for fputc
    printf1.o(i.__0printf$1) refers to printf1.o(i._printf_core) for _printf_core
    printf1.o(i.__0printf$1) refers to retarget.o(.text) for fputc
    printf1.o(i.__0printf$1) refers to retarget.o(.data) for __stdout
    printf1.o(i.__0snprintf$1) refers to printf1.o(i._printf_core) for _printf_core
    printf1.o(i.__0snprintf$1) refers to printf1.o(i._snputc) for _snputc
    printf1.o(i.__0sprintf$1) refers to printf1.o(i._printf_core) for _printf_core
    printf1.o(i.__0sprintf$1) refers to printf1.o(i._sputc) for _sputc
    printf1.o(i.__0vfprintf$1) refers to printf1.o(i._printf_core) for _printf_core
    printf1.o(i.__0vfprintf$1) refers to retarget.o(.text) for fputc
    printf1.o(i.__0vprintf$1) refers to printf1.o(i._printf_core) for _printf_core
    printf1.o(i.__0vprintf$1) refers to retarget.o(.text) for fputc
    printf1.o(i.__0vprintf$1) refers to retarget.o(.data) for __stdout
    printf1.o(i.__0vsnprintf$1) refers to printf1.o(i._printf_core) for _printf_core
    printf1.o(i.__0vsnprintf$1) refers to printf1.o(i._snputc) for _snputc
    printf1.o(i.__0vsprintf$1) refers to printf1.o(i._printf_core) for _printf_core
    printf1.o(i.__0vsprintf$1) refers to printf1.o(i._sputc) for _sputc
    printf1.o(i._printf_core) refers to uidiv.o(.text) for __aeabi_uidivmod
    printf2.o(i.__0fprintf$2) refers to printf2.o(i._printf_core) for _printf_core
    printf2.o(i.__0fprintf$2) refers to retarget.o(.text) for fputc
    printf2.o(i.__0printf$2) refers to printf2.o(i._printf_core) for _printf_core
    printf2.o(i.__0printf$2) refers to retarget.o(.text) for fputc
    printf2.o(i.__0printf$2) refers to retarget.o(.data) for __stdout
    printf2.o(i.__0snprintf$2) refers to printf2.o(i._printf_core) for _printf_core
    printf2.o(i.__0snprintf$2) refers to printf2.o(i._snputc) for _snputc
    printf2.o(i.__0sprintf$2) refers to printf2.o(i._printf_core) for _printf_core
    printf2.o(i.__0sprintf$2) refers to printf2.o(i._sputc) for _sputc
    printf2.o(i.__0vfprintf$2) refers to printf2.o(i._printf_core) for _printf_core
    printf2.o(i.__0vfprintf$2) refers to retarget.o(.text) for fputc
    printf2.o(i.__0vprintf$2) refers to printf2.o(i._printf_core) for _printf_core
    printf2.o(i.__0vprintf$2) refers to retarget.o(.text) for fputc
    printf2.o(i.__0vprintf$2) refers to retarget.o(.data) for __stdout
    printf2.o(i.__0vsnprintf$2) refers to printf2.o(i._printf_core) for _printf_core
    printf2.o(i.__0vsnprintf$2) refers to printf2.o(i._snputc) for _snputc
    printf2.o(i.__0vsprintf$2) refers to printf2.o(i._printf_core) for _printf_core
    printf2.o(i.__0vsprintf$2) refers to printf2.o(i._sputc) for _sputc
    printf3.o(i.__0fprintf$3) refers to printf3.o(i._printf_core) for _printf_core
    printf3.o(i.__0fprintf$3) refers to retarget.o(.text) for fputc
    printf3.o(i.__0printf$3) refers to printf3.o(i._printf_core) for _printf_core
    printf3.o(i.__0printf$3) refers to retarget.o(.text) for fputc
    printf3.o(i.__0printf$3) refers to retarget.o(.data) for __stdout
    printf3.o(i.__0snprintf$3) refers to printf3.o(i._printf_core) for _printf_core
    printf3.o(i.__0snprintf$3) refers to printf3.o(i._snputc) for _snputc
    printf3.o(i.__0sprintf$3) refers to printf3.o(i._printf_core) for _printf_core
    printf3.o(i.__0sprintf$3) refers to printf3.o(i._sputc) for _sputc
    printf3.o(i.__0vfprintf$3) refers to printf3.o(i._printf_core) for _printf_core
    printf3.o(i.__0vfprintf$3) refers to retarget.o(.text) for fputc
    printf3.o(i.__0vprintf$3) refers to printf3.o(i._printf_core) for _printf_core
    printf3.o(i.__0vprintf$3) refers to retarget.o(.text) for fputc
    printf3.o(i.__0vprintf$3) refers to retarget.o(.data) for __stdout
    printf3.o(i.__0vsnprintf$3) refers to printf3.o(i._printf_core) for _printf_core
    printf3.o(i.__0vsnprintf$3) refers to printf3.o(i._snputc) for _snputc
    printf3.o(i.__0vsprintf$3) refers to printf3.o(i._printf_core) for _printf_core
    printf3.o(i.__0vsprintf$3) refers to printf3.o(i._sputc) for _sputc
    printf3.o(i._printf_core) refers to uidiv.o(.text) for __aeabi_uidivmod
    printf4.o(i.__0fprintf$4) refers to printf4.o(i._printf_core) for _printf_core
    printf4.o(i.__0fprintf$4) refers to retarget.o(.text) for fputc
    printf4.o(i.__0printf$4) refers to printf4.o(i._printf_core) for _printf_core
    printf4.o(i.__0printf$4) refers to retarget.o(.text) for fputc
    printf4.o(i.__0printf$4) refers to retarget.o(.data) for __stdout
    printf4.o(i.__0snprintf$4) refers to printf4.o(i._printf_core) for _printf_core
    printf4.o(i.__0snprintf$4) refers to printf4.o(i._snputc) for _snputc
    printf4.o(i.__0sprintf$4) refers to printf4.o(i._printf_core) for _printf_core
    printf4.o(i.__0sprintf$4) refers to printf4.o(i._sputc) for _sputc
    printf4.o(i.__0vfprintf$4) refers to printf4.o(i._printf_core) for _printf_core
    printf4.o(i.__0vfprintf$4) refers to retarget.o(.text) for fputc
    printf4.o(i.__0vprintf$4) refers to printf4.o(i._printf_core) for _printf_core
    printf4.o(i.__0vprintf$4) refers to retarget.o(.text) for fputc
    printf4.o(i.__0vprintf$4) refers to retarget.o(.data) for __stdout
    printf4.o(i.__0vsnprintf$4) refers to printf4.o(i._printf_core) for _printf_core
    printf4.o(i.__0vsnprintf$4) refers to printf4.o(i._snputc) for _snputc
    printf4.o(i.__0vsprintf$4) refers to printf4.o(i._printf_core) for _printf_core
    printf4.o(i.__0vsprintf$4) refers to printf4.o(i._sputc) for _sputc
    printf4.o(i._printf_core) refers to uldiv.o(.text) for __aeabi_uldivmod
    printf5.o(i.__0fprintf$5) refers to printf5.o(i._printf_core) for _printf_core
    printf5.o(i.__0fprintf$5) refers to retarget.o(.text) for fputc
    printf5.o(i.__0printf$5) refers to printf5.o(i._printf_core) for _printf_core
    printf5.o(i.__0printf$5) refers to retarget.o(.text) for fputc
    printf5.o(i.__0printf$5) refers to retarget.o(.data) for __stdout
    printf5.o(i.__0snprintf$5) refers to printf5.o(i._printf_core) for _printf_core
    printf5.o(i.__0snprintf$5) refers to printf5.o(i._snputc) for _snputc
    printf5.o(i.__0sprintf$5) refers to printf5.o(i._printf_core) for _printf_core
    printf5.o(i.__0sprintf$5) refers to printf5.o(i._sputc) for _sputc
    printf5.o(i.__0vfprintf$5) refers to printf5.o(i._printf_core) for _printf_core
    printf5.o(i.__0vfprintf$5) refers to retarget.o(.text) for fputc
    printf5.o(i.__0vprintf$5) refers to printf5.o(i._printf_core) for _printf_core
    printf5.o(i.__0vprintf$5) refers to retarget.o(.text) for fputc
    printf5.o(i.__0vprintf$5) refers to retarget.o(.data) for __stdout
    printf5.o(i.__0vsnprintf$5) refers to printf5.o(i._printf_core) for _printf_core
    printf5.o(i.__0vsnprintf$5) refers to printf5.o(i._snputc) for _snputc
    printf5.o(i.__0vsprintf$5) refers to printf5.o(i._printf_core) for _printf_core
    printf5.o(i.__0vsprintf$5) refers to printf5.o(i._sputc) for _sputc
    printf5.o(i._printf_core) refers to uldiv.o(.text) for __aeabi_uldivmod
    printf6.o(i.__0fprintf$6) refers to printf6.o(i._printf_core) for _printf_core
    printf6.o(i.__0fprintf$6) refers to retarget.o(.text) for fputc
    printf6.o(i.__0printf$6) refers to printf6.o(i._printf_core) for _printf_core
    printf6.o(i.__0printf$6) refers to retarget.o(.text) for fputc
    printf6.o(i.__0printf$6) refers to retarget.o(.data) for __stdout
    printf6.o(i.__0snprintf$6) refers to printf6.o(i._printf_core) for _printf_core
    printf6.o(i.__0snprintf$6) refers to printf6.o(i._snputc) for _snputc
    printf6.o(i.__0sprintf$6) refers to printf6.o(i._printf_core) for _printf_core
    printf6.o(i.__0sprintf$6) refers to printf6.o(i._sputc) for _sputc
    printf6.o(i.__0vfprintf$6) refers to printf6.o(i._printf_core) for _printf_core
    printf6.o(i.__0vfprintf$6) refers to retarget.o(.text) for fputc
    printf6.o(i.__0vprintf$6) refers to printf6.o(i._printf_core) for _printf_core
    printf6.o(i.__0vprintf$6) refers to retarget.o(.text) for fputc
    printf6.o(i.__0vprintf$6) refers to retarget.o(.data) for __stdout
    printf6.o(i.__0vsnprintf$6) refers to printf6.o(i._printf_core) for _printf_core
    printf6.o(i.__0vsnprintf$6) refers to printf6.o(i._snputc) for _snputc
    printf6.o(i.__0vsprintf$6) refers to printf6.o(i._printf_core) for _printf_core
    printf6.o(i.__0vsprintf$6) refers to printf6.o(i._sputc) for _sputc
    printf6.o(i._printf_core) refers to printf6.o(i._printf_pre_padding) for _printf_pre_padding
    printf6.o(i._printf_core) refers to uidiv.o(.text) for __aeabi_uidivmod
    printf6.o(i._printf_core) refers to printf6.o(i._printf_post_padding) for _printf_post_padding
    printf7.o(i.__0fprintf$7) refers to printf7.o(i._printf_core) for _printf_core
    printf7.o(i.__0fprintf$7) refers to retarget.o(.text) for fputc
    printf7.o(i.__0printf$7) refers to printf7.o(i._printf_core) for _printf_core
    printf7.o(i.__0printf$7) refers to retarget.o(.text) for fputc
    printf7.o(i.__0printf$7) refers to retarget.o(.data) for __stdout
    printf7.o(i.__0snprintf$7) refers to printf7.o(i._printf_core) for _printf_core
    printf7.o(i.__0snprintf$7) refers to printf7.o(i._snputc) for _snputc
    printf7.o(i.__0sprintf$7) refers to printf7.o(i._printf_core) for _printf_core
    printf7.o(i.__0sprintf$7) refers to printf7.o(i._sputc) for _sputc
    printf7.o(i.__0vfprintf$7) refers to printf7.o(i._printf_core) for _printf_core
    printf7.o(i.__0vfprintf$7) refers to retarget.o(.text) for fputc
    printf7.o(i.__0vprintf$7) refers to printf7.o(i._printf_core) for _printf_core
    printf7.o(i.__0vprintf$7) refers to retarget.o(.text) for fputc
    printf7.o(i.__0vprintf$7) refers to retarget.o(.data) for __stdout
    printf7.o(i.__0vsnprintf$7) refers to printf7.o(i._printf_core) for _printf_core
    printf7.o(i.__0vsnprintf$7) refers to printf7.o(i._snputc) for _snputc
    printf7.o(i.__0vsprintf$7) refers to printf7.o(i._printf_core) for _printf_core
    printf7.o(i.__0vsprintf$7) refers to printf7.o(i._sputc) for _sputc
    printf7.o(i._printf_core) refers to printf7.o(i._printf_pre_padding) for _printf_pre_padding
    printf7.o(i._printf_core) refers to uldiv.o(.text) for __aeabi_uldivmod
    printf7.o(i._printf_core) refers to printf7.o(i._printf_post_padding) for _printf_post_padding
    printf8.o(i.__0fprintf$8) refers to printf8.o(i._printf_core) for _printf_core
    printf8.o(i.__0fprintf$8) refers to retarget.o(.text) for fputc
    printf8.o(i.__0printf$8) refers to printf8.o(i._printf_core) for _printf_core
    printf8.o(i.__0printf$8) refers to retarget.o(.text) for fputc
    printf8.o(i.__0printf$8) refers to retarget.o(.data) for __stdout
    printf8.o(i.__0snprintf$8) refers to printf8.o(i._printf_core) for _printf_core
    printf8.o(i.__0snprintf$8) refers to printf8.o(i._snputc) for _snputc
    printf8.o(i.__0sprintf$8) refers to printf8.o(i._printf_core) for _printf_core
    printf8.o(i.__0sprintf$8) refers to printf8.o(i._sputc) for _sputc
    printf8.o(i.__0vfprintf$8) refers to printf8.o(i._printf_core) for _printf_core
    printf8.o(i.__0vfprintf$8) refers to retarget.o(.text) for fputc
    printf8.o(i.__0vprintf$8) refers to printf8.o(i._printf_core) for _printf_core
    printf8.o(i.__0vprintf$8) refers to retarget.o(.text) for fputc
    printf8.o(i.__0vprintf$8) refers to retarget.o(.data) for __stdout
    printf8.o(i.__0vsnprintf$8) refers to printf8.o(i._printf_core) for _printf_core
    printf8.o(i.__0vsnprintf$8) refers to printf8.o(i._snputc) for _snputc
    printf8.o(i.__0vsprintf$8) refers to printf8.o(i._printf_core) for _printf_core
    printf8.o(i.__0vsprintf$8) refers to printf8.o(i._sputc) for _sputc
    printf8.o(i._printf_core) refers to printf8.o(i._printf_pre_padding) for _printf_pre_padding
    printf8.o(i._printf_core) refers to uldiv.o(.text) for __aeabi_uldivmod
    printf8.o(i._printf_core) refers to printf8.o(i._printf_post_padding) for _printf_post_padding
    printfa.o(i.__0fprintf) refers (Special) to iusefp.o(.text) for __I$use$fp
    printfa.o(i.__0fprintf) refers to printfa.o(i._printf_core) for _printf_core
    printfa.o(i.__0fprintf) refers to retarget.o(.text) for fputc
    printfa.o(i.__0printf) refers (Special) to iusefp.o(.text) for __I$use$fp
    printfa.o(i.__0printf) refers to printfa.o(i._printf_core) for _printf_core
    printfa.o(i.__0printf) refers to retarget.o(.text) for fputc
    printfa.o(i.__0printf) refers to retarget.o(.data) for __stdout
    printfa.o(i.__0snprintf) refers (Special) to iusefp.o(.text) for __I$use$fp
    printfa.o(i.__0snprintf) refers to printfa.o(i._printf_core) for _printf_core
    printfa.o(i.__0snprintf) refers to printfa.o(i._snputc) for _snputc
    printfa.o(i.__0sprintf) refers (Special) to iusefp.o(.text) for __I$use$fp
    printfa.o(i.__0sprintf) refers to printfa.o(i._printf_core) for _printf_core
    printfa.o(i.__0sprintf) refers to printfa.o(i._sputc) for _sputc
    printfa.o(i.__0vfprintf) refers (Special) to iusefp.o(.text) for __I$use$fp
    printfa.o(i.__0vfprintf) refers to printfa.o(i._printf_core) for _printf_core
    printfa.o(i.__0vfprintf) refers to retarget.o(.text) for fputc
    printfa.o(i.__0vprintf) refers (Special) to iusefp.o(.text) for __I$use$fp
    printfa.o(i.__0vprintf) refers to printfa.o(i._printf_core) for _printf_core
    printfa.o(i.__0vprintf) refers to retarget.o(.text) for fputc
    printfa.o(i.__0vprintf) refers to retarget.o(.data) for __stdout
    printfa.o(i.__0vsnprintf) refers (Special) to iusefp.o(.text) for __I$use$fp
    printfa.o(i.__0vsnprintf) refers to printfa.o(i._printf_core) for _printf_core
    printfa.o(i.__0vsnprintf) refers to printfa.o(i._snputc) for _snputc
    printfa.o(i.__0vsprintf) refers (Special) to iusefp.o(.text) for __I$use$fp
    printfa.o(i.__0vsprintf) refers to printfa.o(i._printf_core) for _printf_core
    printfa.o(i.__0vsprintf) refers to printfa.o(i._sputc) for _sputc
    printfa.o(i._fp_digits) refers (Special) to iusefp.o(.text) for __I$use$fp
    printfa.o(i._fp_digits) refers to dmul.o(.text) for __aeabi_dmul
    printfa.o(i._fp_digits) refers to ddiv.o(.text) for __aeabi_ddiv
    printfa.o(i._fp_digits) refers to cdrcmple.o(.text) for __aeabi_cdrcmple
    printfa.o(i._fp_digits) refers to dadd.o(.text) for __aeabi_dadd
    printfa.o(i._fp_digits) refers to dfixul.o(.text) for __aeabi_d2ulz
    printfa.o(i._fp_digits) refers to uldiv.o(.text) for __aeabi_uldivmod
    printfa.o(i._printf_core) refers (Special) to iusefp.o(.text) for __I$use$fp
    printfa.o(i._printf_core) refers to printfa.o(i._printf_pre_padding) for _printf_pre_padding
    printfa.o(i._printf_core) refers to uldiv.o(.text) for __aeabi_uldivmod
    printfa.o(i._printf_core) refers to printfa.o(i._printf_post_padding) for _printf_post_padding
    printfa.o(i._printf_core) refers to printfa.o(i._fp_digits) for _fp_digits
    printfa.o(i._printf_core) refers to uidiv.o(.text) for __aeabi_uidivmod
    printfa.o(i._printf_post_padding) refers (Special) to iusefp.o(.text) for __I$use$fp
    printfa.o(i._printf_pre_padding) refers (Special) to iusefp.o(.text) for __I$use$fp
    printfa.o(i._snputc) refers (Special) to iusefp.o(.text) for __I$use$fp
    printfa.o(i._sputc) refers (Special) to iusefp.o(.text) for __I$use$fp
    entry2.o(.ARM.Collect$$$$00000001) refers to entry2.o(.ARM.Collect$$$$00002712) for __lit__00000000
    entry2.o(.ARM.Collect$$$$00002712) refers to startup_lpc17xx.o(STACK) for __initial_sp
    entry2.o(__vectab_stack_and_reset_area) refers to startup_lpc17xx.o(STACK) for __initial_sp
    entry2.o(__vectab_stack_and_reset_area) refers to entry.o(.ARM.Collect$$$$00000000) for __main
    entry5.o(.ARM.Collect$$$$00000004) refers to init.o(.text) for __scatterload
    entry8.o(.ARM.Collect$$$$00000009) refers to main.o(.text) for main
    dadd.o(.text) refers to llshl.o(.text) for __aeabi_llsl
    dadd.o(.text) refers to llsshr.o(.text) for __aeabi_lasr
    dadd.o(.text) refers to depilogue.o(.text) for _double_epilogue
    dmul.o(.text) refers to depilogue.o(.text) for _double_epilogue
    ddiv.o(.text) refers to depilogue.o(.text) for _double_round
    dfixul.o(.text) refers to llushr.o(.text) for __aeabi_llsr
    dfixul.o(.text) refers to llshl.o(.text) for __aeabi_llsl
    init.o(.text) refers to entry5.o(.ARM.Collect$$$$00000004) for __main_after_scatterload
    depilogue.o(.text) refers to llshl.o(.text) for __aeabi_llsl
    depilogue.o(.text) refers to llushr.o(.text) for __aeabi_llsr
    glcd_scroll.o(i.last_line) refers to glcd_scroll.o(.data) for cache_start
    glcd_scroll.o(i.last_window_line) refers to glcd_scroll.o(.data) for window_start


==============================================================================

Removing Unused input sections from the image.

    Removing startup_lpc17xx.o(HEAP), (8192 bytes).
    Removing system_lpc17xx.o(.rev16_text), (4 bytes).
    Removing system_lpc17xx.o(.revsh_text), (4 bytes).
    Removing main.o(.rev16_text), (4 bytes).
    Removing main.o(.revsh_text), (4 bytes).
    Removing led.o(.rev16_text), (4 bytes).
    Removing led.o(.revsh_text), (4 bytes).
    Removing timer.o(.rev16_text), (4 bytes).
    Removing timer.o(.revsh_text), (4 bytes).
    Removing timer.o(.text), (72 bytes).
    Removing uart.o(.rev16_text), (4 bytes).
    Removing uart.o(.revsh_text), (4 bytes).
    Removing controller.o(.rev16_text), (4 bytes).
    Removing controller.o(.revsh_text), (4 bytes).
    Removing glcd_scroll.o(.rev16_text), (4 bytes).
    Removing glcd_scroll.o(.revsh_text), (4 bytes).
    Removing glcd_spi_lpc1700.o(.rev16_text), (4 bytes).
    Removing glcd_spi_lpc1700.o(.revsh_text), (4 bytes).
    Removing glcdrenderlib.o(.rev16_text), (4 bytes).
    Removing glcdrenderlib.o(.revsh_text), (4 bytes).
    Removing rt_task.o(i.rt_tsk_prio), (128 bytes).
    Removing rt_task.o(i.rt_tsk_self), (16 bytes).
    Removing rt_time.o(i.rt_dly_wait), (6 bytes).
    Removing rt_time.o(i.rt_time_get), (12 bytes).
    Removing rt_system.o(.emb_text), (0 bytes).
    Removing rt_system.o(i.rt_psh_req), (32 bytes).
    Removing rt_system.o(i.rt_resume), (176 bytes).
    Removing rt_system.o(i.rt_suspend), (44 bytes).
    Removing rt_system.o(i.rt_tsk_lock), (80 bytes).
    Removing rt_system.o(i.rt_tsk_unlock), (80 bytes).
    Removing rt_list.o(i.rt_psq_enq), (88 bytes).
    Removing rt_membox.o(i._calloc_box), (30 bytes).
    Removing rt_event.o(i.isr_evt_set), (40 bytes).
    Removing rt_event.o(i.rt_evt_clr), (28 bytes).
    Removing rt_event.o(i.rt_evt_get), (12 bytes).
    Removing rt_event.o(i.rt_evt_set), (96 bytes).
    Removing rt_event.o(i.rt_evt_wait), (64 bytes).
    Removing rt_mailbox.o(i.isr_mbx_receive), (84 bytes).
    Removing rt_mailbox.o(i.isr_mbx_send), (14 bytes).
    Removing rt_mailbox.o(i.rt_mbx_check), (8 bytes).
    Removing rt_mailbox.o(i.rt_mbx_init), (26 bytes).
    Removing rt_mailbox.o(i.rt_mbx_send), (160 bytes).
    Removing rt_mailbox.o(i.rt_mbx_wait), (184 bytes).
    Removing rt_semaphore.o(i.isr_sem_send), (16 bytes).
    Removing rt_semaphore.o(i.rt_sem_init), (12 bytes).
    Removing rt_semaphore.o(i.rt_sem_send), (56 bytes).
    Removing rt_semaphore.o(i.rt_sem_wait), (60 bytes).
    Removing rt_timer.o(i.rt_tmr_create), (80 bytes).
    Removing rt_timer.o(i.rt_tmr_kill), (52 bytes).
    Removing dadd.o(.text), (334 bytes).
    Removing dmul.o(.text), (228 bytes).
    Removing ddiv.o(.text), (222 bytes).
    Removing dfixul.o(.text), (48 bytes).
    Removing cdrcmple.o(.text), (40 bytes).
    Removing depilogue.o(.text), (190 bytes).

55 unused section(s) (total 11082 bytes) removed from the image.

==============================================================================

Image Symbol Table

    Local Symbols

    Symbol Name                              Value     Ov Type        Size  Object(Section)

    RESET                                    0x00000000   Section      204  startup_lpc17xx.o(RESET)
    ../clib/../cmprslib/lz77c.c              0x00000000   Number         0  __dclz77c.o ABSOLUTE
    ../clib/microlib/division.c              0x00000000   Number         0  uldiv.o ABSOLUTE
    ../clib/microlib/division.c              0x00000000   Number         0  uidiv.o ABSOLUTE
    ../clib/microlib/init/entry.s            0x00000000   Number         0  entry2.o ABSOLUTE
    ../clib/microlib/init/entry.s            0x00000000   Number         0  entry.o ABSOLUTE
    ../clib/microlib/init/entry.s            0x00000000   Number         0  entry5.o ABSOLUTE
    ../clib/microlib/init/entry.s            0x00000000   Number         0  entry7a.o ABSOLUTE
    ../clib/microlib/init/entry.s            0x00000000   Number         0  entry7b.o ABSOLUTE
    ../clib/microlib/init/entry.s            0x00000000   Number         0  entry8.o ABSOLUTE
    ../clib/microlib/longlong.c              0x00000000   Number         0  llshl.o ABSOLUTE
    ../clib/microlib/longlong.c              0x00000000   Number         0  llushr.o ABSOLUTE
    ../clib/microlib/longlong.c              0x00000000   Number         0  llsshr.o ABSOLUTE
    ../clib/microlib/printf/printf.c         0x00000000   Number         0  printf1.o ABSOLUTE
    ../clib/microlib/printf/printf.c         0x00000000   Number         0  printf0.o ABSOLUTE
    ../clib/microlib/printf/printf.c         0x00000000   Number         0  printfb.o ABSOLUTE
    ../clib/microlib/printf/printf.c         0x00000000   Number         0  printf8.o ABSOLUTE
    ../clib/microlib/printf/printf.c         0x00000000   Number         0  printf2.o ABSOLUTE
    ../clib/microlib/printf/printf.c         0x00000000   Number         0  printfa.o ABSOLUTE
    ../clib/microlib/printf/printf.c         0x00000000   Number         0  printf7.o ABSOLUTE
    ../clib/microlib/printf/printf.c         0x00000000   Number         0  printf6.o ABSOLUTE
    ../clib/microlib/printf/printf.c         0x00000000   Number         0  printf5.o ABSOLUTE
    ../clib/microlib/printf/printf.c         0x00000000   Number         0  printf4.o ABSOLUTE
    ../clib/microlib/printf/printf.c         0x00000000   Number         0  printf3.o ABSOLUTE
    ../clib/microlib/printf/stubs.s          0x00000000   Number         0  stubs.o ABSOLUTE
    ../clib/microlib/stubs.s                 0x00000000   Number         0  useno.o ABSOLUTE
    ../clib/microlib/stubs.s                 0x00000000   Number         0  iusefp.o ABSOLUTE
    ../fplib/microlib/fpadd.c                0x00000000   Number         0  dadd.o ABSOLUTE
    ../fplib/microlib/fpdiv.c                0x00000000   Number         0  ddiv.o ABSOLUTE
    ../fplib/microlib/fpepilogue.c           0x00000000   Number         0  depilogue.o ABSOLUTE
    ../fplib/microlib/fpfix.c                0x00000000   Number         0  dfixul.o ABSOLUTE
    ../fplib/microlib/fpmul.c                0x00000000   Number         0  dmul.o ABSOLUTE
    C:\Software\Keil\ARM\Startup\NXP\LPC17xx\system_LPC17xx.c 0x00000000   Number         0  system_lpc17xx.o ABSOLUTE
    C:\\Software\\Keil\\ARM\\Startup\\NXP\\LPC17xx\\system_LPC17xx.c 0x00000000   Number         0  system_lpc17xx.o ABSOLUTE
    SRC\CM\HAL_CM3.c                         0x00000000   Number         0  hal_cm3.o ABSOLUTE
    SRC\CM\SVC_Table.s                       0x00000000   Number         0  SVC_Table.o ABSOLUTE
    SRC\CM\rt_Event.c                        0x00000000   Number         0  rt_event.o ABSOLUTE
    SRC\CM\rt_List.c                         0x00000000   Number         0  rt_list.o ABSOLUTE
    SRC\CM\rt_Mailbox.c                      0x00000000   Number         0  rt_mailbox.o ABSOLUTE
    SRC\CM\rt_MemBox.c                       0x00000000   Number         0  rt_membox.o ABSOLUTE
    SRC\CM\rt_Mutex.c                        0x00000000   Number         0  rt_mutex.o ABSOLUTE
    SRC\CM\rt_Robin.c                        0x00000000   Number         0  rt_robin.o ABSOLUTE
    SRC\CM\rt_Semaphore.c                    0x00000000   Number         0  rt_semaphore.o ABSOLUTE
    SRC\CM\rt_System.c                       0x00000000   Number         0  rt_system.o ABSOLUTE
    SRC\CM\rt_Task.c                         0x00000000   Number         0  rt_task.o ABSOLUTE
    SRC\CM\rt_Time.c                         0x00000000   Number         0  rt_time.o ABSOLUTE
    SRC\CM\rt_Timer.c                        0x00000000   Number         0  rt_timer.o ABSOLUTE
    SRC\\CM\\HAL_CM3.c                       0x00000000   Number         0  hal_cm3.o ABSOLUTE
    SRC\\CM\\rt_System.c                     0x00000000   Number         0  rt_system.o ABSOLUTE
    cdrcmple.s                               0x00000000   Number         0  cdrcmple.o ABSOLUTE
    dc.s                                     0x00000000   Number         0  dc.o ABSOLUTE
    handlers.s                               0x00000000   Number         0  handlers.o ABSOLUTE
    init.s                                   0x00000000   Number         0  init.o ABSOLUTE
    src\Controller.c                         0x00000000   Number         0  controller.o ABSOLUTE
    src\GLCDRenderLIB.c                      0x00000000   Number         0  glcdrenderlib.o ABSOLUTE
    src\GLCD_SPI_LPC1700.c                   0x00000000   Number         0  glcd_spi_lpc1700.o ABSOLUTE
    src\GLCD_Scroll.c                        0x00000000   Number         0  glcd_scroll.o ABSOLUTE
    src\RTX_config.c                         0x00000000   Number         0  rtx_config.o ABSOLUTE
    src\Retarget.c                           0x00000000   Number         0  retarget.o ABSOLUTE
    src\\Controller.c                        0x00000000   Number         0  controller.o ABSOLUTE
    src\\GLCDRenderLIB.c                     0x00000000   Number         0  glcdrenderlib.o ABSOLUTE
    src\\GLCD_SPI_LPC1700.c                  0x00000000   Number         0  glcd_spi_lpc1700.o ABSOLUTE
    src\\GLCD_Scroll.c                       0x00000000   Number         0  glcd_scroll.o ABSOLUTE
    src\\led.c                               0x00000000   Number         0  led.o ABSOLUTE
    src\\main.c                              0x00000000   Number         0  main.o ABSOLUTE
    src\\timer.c                             0x00000000   Number         0  timer.o ABSOLUTE
    src\\uart.c                              0x00000000   Number         0  uart.o ABSOLUTE
    src\led.c                                0x00000000   Number         0  led.o ABSOLUTE
    src\main.c                               0x00000000   Number         0  main.o ABSOLUTE
    src\timer.c                              0x00000000   Number         0  timer.o ABSOLUTE
    src\uart.c                               0x00000000   Number         0  uart.o ABSOLUTE
    startup_LPC17xx.s                        0x00000000   Number         0  startup_lpc17xx.o ABSOLUTE
    .ARM.Collect$$$$00000000                 0x000000cc   Section        0  entry.o(.ARM.Collect$$$$00000000)
    .ARM.Collect$$$$00000001                 0x000000cc   Section        4  entry2.o(.ARM.Collect$$$$00000001)
    .ARM.Collect$$$$00000004                 0x000000d0   Section        4  entry5.o(.ARM.Collect$$$$00000004)
    .ARM.Collect$$$$00000008                 0x000000d4   Section        0  entry7b.o(.ARM.Collect$$$$00000008)
    .ARM.Collect$$$$00000009                 0x000000d4   Section        8  entry8.o(.ARM.Collect$$$$00000009)
    .ARM.Collect$$$$00002712                 0x000000dc   Section        4  entry2.o(.ARM.Collect$$$$00002712)
    __lit__00000000                          0x000000dc   Data           4  entry2.o(.ARM.Collect$$$$00002712)
    .emb_text                                0x000000e0   Section      340  hal_cm3.o(.emb_text)
    .text                                    0x00000234   Section       36  startup_lpc17xx.o(.text)
    .text                                    0x00000258   Section        0  led.o(.text)
    .text                                    0x000002dc   Section        0  rtx_config.o(.text)
    SVC_TABLE                                0x000002e8   Section        4  SVC_Table.o(SVC_TABLE)
    i.__scatterload_copy                     0x000002ec   Section       14  handlers.o(i.__scatterload_copy)
    i.__scatterload_null                     0x000002fa   Section        2  handlers.o(i.__scatterload_null)
    .ARM.__at_0x02FC                         0x000002fc   Section        4  startup_lpc17xx.o(.ARM.__at_0x02FC)
    .text                                    0x00000300   Section        0  system_lpc17xx.o(.text)
    .text                                    0x00000618   Section        0  main.o(.text)
    .text                                    0x00000c10   Section        0  retarget.o(.text)
    .text                                    0x00000c70   Section        0  uart.o(.text)
    NVIC_EnableIRQ                           0x00000fc9   Thumb Code    24  uart.o(.text)
    .text                                    0x0000101c   Section        0  controller.o(.text)
    .text                                    0x00001228   Section        0  glcd_scroll.o(.text)
    .text                                    0x0000157c   Section        0  glcd_spi_lpc1700.o(.text)
    delay                                    0x0000157d   Thumb Code    14  glcd_spi_lpc1700.o(.text)
    spi_tran_man                             0x0000158b   Thumb Code   124  glcd_spi_lpc1700.o(.text)
    wr_cmd                                   0x00001607   Thumb Code    36  glcd_spi_lpc1700.o(.text)
    wr_dat                                   0x0000162b   Thumb Code    36  glcd_spi_lpc1700.o(.text)
    rd_reg                                   0x0000164f   Thumb Code    66  glcd_spi_lpc1700.o(.text)
    rd_id_man                                0x00001691   Thumb Code   132  glcd_spi_lpc1700.o(.text)
    spi_tran                                 0x00002203   Thumb Code    26  glcd_spi_lpc1700.o(.text)
    wr_dat_start                             0x0000221d   Thumb Code    16  glcd_spi_lpc1700.o(.text)
    wr_dat_stop                              0x0000222d   Thumb Code     8  glcd_spi_lpc1700.o(.text)
    wr_dat_only                              0x00002235   Thumb Code    18  glcd_spi_lpc1700.o(.text)
    wr_reg                                   0x00002247   Thumb Code    20  glcd_spi_lpc1700.o(.text)
    .text                                    0x00002264   Section        0  glcdrenderlib.o(.text)
    .text                                    0x00002324   Section        0  uldiv.o(.text)
    .text                                    0x00002386   Section        0  uidiv.o(.text)
    .text                                    0x000023b2   Section        0  llshl.o(.text)
    .text                                    0x000023d0   Section        0  llushr.o(.text)
    .text                                    0x000023f0   Section       36  init.o(.text)
    .text                                    0x00002414   Section        0  __dclz77c.o(.text)
    i.__0printf$3                            0x00002474   Section        0  printf3.o(i.__0printf$3)
    i.__scatterload_zeroinit                 0x00002494   Section       14  handlers.o(i.__scatterload_zeroinit)
    i._init_box                              0x000024a2   Section        0  rt_membox.o(i._init_box)
    i._printf_core                           0x000024e8   Section        0  printf3.o(i._printf_core)
    _printf_core                             0x000024e9   Thumb Code   436  printf3.o(i._printf_core)
    i.dbg_init                               0x000026a0   Section        0  hal_cm3.o(i.dbg_init)
    i.dbg_task_notify                        0x000026d0   Section        0  hal_cm3.o(i.dbg_task_notify)
    i.dbg_task_switch                        0x000026f0   Section        0  hal_cm3.o(i.dbg_task_switch)
    i.last_line                              0x00002700   Section        0  glcd_scroll.o(i.last_line)
    i.last_window_line                       0x00002720   Section        0  glcd_scroll.o(i.last_window_line)
    i.os_tick_init                           0x00002740   Section        0  rt_system.o(i.os_tick_init)
    i.os_tick_irqack                         0x00002768   Section        0  rt_system.o(i.os_tick_irqack)
    i.rt_alloc_box                           0x0000276a   Section        0  rt_membox.o(i.rt_alloc_box)
    i.rt_block                               0x00002784   Section        0  rt_task.o(i.rt_block)
    i.rt_chk_robin                           0x000027bc   Section        0  rt_robin.o(i.rt_chk_robin)
    i.rt_dec_dly                             0x00002804   Section        0  rt_list.o(i.rt_dec_dly)
    i.rt_dispatch                            0x00002878   Section        0  rt_task.o(i.rt_dispatch)
    i.rt_evt_psh                             0x000028bc   Section        0  rt_event.o(i.rt_evt_psh)
    i.rt_free_box                            0x00002908   Section        0  rt_membox.o(i.rt_free_box)
    i.rt_get_first                           0x00002928   Section        0  rt_list.o(i.rt_get_first)
    i.rt_get_same_rdy_prio                   0x00002950   Section        0  rt_list.o(i.rt_get_same_rdy_prio)
    i.rt_init_context                        0x00002974   Section        0  rt_task.o(i.rt_init_context)
    rt_init_context                          0x00002975   Thumb Code    64  rt_task.o(i.rt_init_context)
    i.rt_init_robin                          0x000029b8   Section        0  rt_robin.o(i.rt_init_robin)
    i.rt_init_stack                          0x000029d0   Section        0  hal_cm3.o(i.rt_init_stack)
    i.rt_itv_set                             0x00002a20   Section        0  rt_time.o(i.rt_itv_set)
    i.rt_itv_wait                            0x00002a38   Section        0  rt_time.o(i.rt_itv_wait)
    i.rt_mbx_psh                             0x00002a64   Section        0  rt_mailbox.o(i.rt_mbx_psh)
    i.rt_mut_init                            0x00002b24   Section        0  rt_mutex.o(i.rt_mut_init)
    i.rt_mut_release                         0x00002b34   Section        0  rt_mutex.o(i.rt_mut_release)
    i.rt_mut_wait                            0x00002be0   Section        0  rt_mutex.o(i.rt_mut_wait)
    i.rt_pop_req                             0x00002c44   Section        0  rt_system.o(i.rt_pop_req)
    i.rt_put_dly                             0x00002cbc   Section        0  rt_list.o(i.rt_put_dly)
    i.rt_put_prio                            0x00002d04   Section        0  rt_list.o(i.rt_put_prio)
    i.rt_put_rdy_first                       0x00002d3c   Section        0  rt_list.o(i.rt_put_rdy_first)
    i.rt_resort_prio                         0x00002d50   Section        0  rt_list.o(i.rt_resort_prio)
    i.rt_rmv_dly                             0x00002d84   Section        0  rt_list.o(i.rt_rmv_dly)
    i.rt_rmv_list                            0x00002dac   Section        0  rt_list.o(i.rt_rmv_list)
    i.rt_sem_psh                             0x00002ddc   Section        0  rt_semaphore.o(i.rt_sem_psh)
    i.rt_stk_check                           0x00002e10   Section        0  rt_system.o(i.rt_stk_check)
    i.rt_switch_req                          0x00002e34   Section        0  rt_task.o(i.rt_switch_req)
    i.rt_sys_init                            0x00002e5c   Section        0  rt_task.o(i.rt_sys_init)
    i.rt_systick                             0x00002fb4   Section        0  rt_system.o(i.rt_systick)
    i.rt_tmr_tick                            0x00002ff0   Section        0  rt_timer.o(i.rt_tmr_tick)
    i.rt_tsk_create                          0x00003030   Section        0  rt_task.o(i.rt_tsk_create)
    i.rt_tsk_delete                          0x000030c4   Section        0  rt_task.o(i.rt_tsk_delete)
    i.rt_tsk_pass                            0x00003180   Section        0  rt_task.o(i.rt_tsk_pass)
    .constdata                               0x000031b0   Section        8  led.o(.constdata)
    .constdata                               0x000031b8   Section       40  rtx_config.o(.constdata)
    __tagsym$$used                           0x000031cc   Number         0  rtx_config.o(.constdata)
    __tagsym$$used                           0x000031d0   Number         0  rtx_config.o(.constdata)
    .constdata                               0x000031e0   Section     6272  glcd_spi_lpc1700.o(.constdata)
    .data                                    0x10000000   Section        4  system_lpc17xx.o(.data)
    .data                                    0x10000004   Section       31  main.o(.data)
    .data                                    0x10000024   Section        8  retarget.o(.data)
    .data                                    0x1000002c   Section        4  rtx_config.o(.data)
    .data                                    0x10000030   Section       32  uart.o(.data)
    .data                                    0x10000050   Section        3  controller.o(.data)
    .data                                    0x10000054   Section       20  glcd_scroll.o(.data)
    .data                                    0x10000068   Section        5  glcd_spi_lpc1700.o(.data)
    Color                                    0x10000068   Data           4  glcd_spi_lpc1700.o(.data)
    Himax                                    0x1000006c   Data           1  glcd_spi_lpc1700.o(.data)
    .data                                    0x1000006e   Section     4000  glcdrenderlib.o(.data)
    .data                                    0x10001010   Section        8  rt_task.o(.data)
    .data                                    0x10001018   Section        4  rt_time.o(.data)
    .data                                    0x1000101c   Section        1  hal_cm3.o(.data)
    .data                                    0x10001020   Section        8  rt_system.o(.data)
    os_lock                                  0x10001020   Data           1  rt_system.o(.data)
    os_psh_flag                              0x10001021   Data           1  rt_system.o(.data)
    pend_flags                               0x10001022   Data           1  rt_system.o(.data)
    .data                                    0x10001028   Section        8  rt_robin.o(.data)
    .data                                    0x10001030   Section        8  rt_timer.o(.data)
    .bss                                     0x10001038   Section       60  main.o(.bss)
    .bss                                     0x10001078   Section     4060  rtx_config.o(.bss)
    .bss                                     0x10002054   Section      128  uart.o(.bss)
    .bss                                     0x100020d4   Section      525  glcd_scroll.o(.bss)
    .bss                                     0x100022e4   Section       48  rt_task.o(.bss)
    .bss                                     0x10002314   Section       48  rt_list.o(.bss)
    STACK                                    0x10002348   Section     8192  startup_lpc17xx.o(STACK)

    Global Symbols

    Symbol Name                              Value     Ov Type        Size  Object(Section)

    BuildAttributes$$THM_ISAv4$P$D$K$B$S$PE$A:L22UL41UL21$X:L11$S22US41US21$IEEE1$IW$USESV6$~STKCKD$USESV7$~SHL$OSPACE$ROPI$EBA8$MICROLIB$REQ8$PRES8$EABIv2 0x00000000   Number         0  anon$$obj.o ABSOLUTE
    __ARM_use_no_argv                        0x00000000   Number         0  main.o ABSOLUTE
    __Vectors                                0x00000000   Data           4  startup_lpc17xx.o(RESET)
    __use_no_errno                           0x00000000   Number         0  useno.o ABSOLUTE
    __use_no_exception_handling              0x00000000   Number         0  useno.o ABSOLUTE
    __use_no_fp                              0x00000000   Number         0  useno.o ABSOLUTE
    __use_no_heap                            0x00000000   Number         0  useno.o ABSOLUTE
    __use_no_heap_region                     0x00000000   Number         0  useno.o ABSOLUTE
    __use_no_semihosting                     0x00000000   Number         0  useno.o ABSOLUTE
    __use_no_semihosting_swi                 0x00000000   Number         0  useno.o ABSOLUTE
    __use_no_signal_handling                 0x00000000   Number         0  useno.o ABSOLUTE
    _printf_a                                0x00000000   Number         0  stubs.o ABSOLUTE
    _printf_c                                0x00000000   Number         0  stubs.o ABSOLUTE
    _printf_charcount                        0x00000000   Number         0  stubs.o ABSOLUTE
    _printf_d                                0x00000000   Number         0  stubs.o ABSOLUTE
    _printf_e                                0x00000000   Number         0  stubs.o ABSOLUTE
    _printf_f                                0x00000000   Number         0  stubs.o ABSOLUTE
    _printf_flags                            0x00000000   Number         0  stubs.o ABSOLUTE
    _printf_fp_dec                           0x00000000   Number         0  stubs.o ABSOLUTE
    _printf_fp_hex                           0x00000000   Number         0  stubs.o ABSOLUTE
    _printf_g                                0x00000000   Number         0  stubs.o ABSOLUTE
    _printf_i                                0x00000000   Number         0  stubs.o ABSOLUTE
    _printf_int_dec                          0x00000000   Number         0  stubs.o ABSOLUTE
    _printf_l                                0x00000000   Number         0  stubs.o ABSOLUTE
    _printf_lc                               0x00000000   Number         0  stubs.o ABSOLUTE
    _printf_ll                               0x00000000   Number         0  stubs.o ABSOLUTE
    _printf_lld                              0x00000000   Number         0  stubs.o ABSOLUTE
    _printf_lli                              0x00000000   Number         0  stubs.o ABSOLUTE
    _printf_llo                              0x00000000   Number         0  stubs.o ABSOLUTE
    _printf_llu                              0x00000000   Number         0  stubs.o ABSOLUTE
    _printf_llx                              0x00000000   Number         0  stubs.o ABSOLUTE
    _printf_longlong_dec                     0x00000000   Number         0  stubs.o ABSOLUTE
    _printf_longlong_hex                     0x00000000   Number         0  stubs.o ABSOLUTE
    _printf_longlong_oct                     0x00000000   Number         0  stubs.o ABSOLUTE
    _printf_ls                               0x00000000   Number         0  stubs.o ABSOLUTE
    _printf_mbtowc                           0x00000000   Number         0  stubs.o ABSOLUTE
    _printf_n                                0x00000000   Number         0  stubs.o ABSOLUTE
    _printf_o                                0x00000000   Number         0  stubs.o ABSOLUTE
    _printf_p                                0x00000000   Number         0  stubs.o ABSOLUTE
    _printf_percent                          0x00000000   Number         0  stubs.o ABSOLUTE
    _printf_pre_padding                      0x00000000   Number         0  stubs.o ABSOLUTE
    _printf_return_value                     0x00000000   Number         0  stubs.o ABSOLUTE
    _printf_s                                0x00000000   Number         0  stubs.o ABSOLUTE
    _printf_sizespec                         0x00000000   Number         0  stubs.o ABSOLUTE
    _printf_str                              0x00000000   Number         0  stubs.o ABSOLUTE
    _printf_truncate_signed                  0x00000000   Number         0  stubs.o ABSOLUTE
    _printf_truncate_unsigned                0x00000000   Number         0  stubs.o ABSOLUTE
    _printf_u                                0x00000000   Number         0  stubs.o ABSOLUTE
    _printf_wc                               0x00000000   Number         0  stubs.o ABSOLUTE
    _printf_wctomb                           0x00000000   Number         0  stubs.o ABSOLUTE
    _printf_widthprec                        0x00000000   Number         0  stubs.o ABSOLUTE
    _printf_x                                0x00000000   Number         0  stubs.o ABSOLUTE
    _clock_init                               - Undefined Weak Reference
    __main                                   0x000000cd   Thumb Code     0  entry.o(.ARM.Collect$$$$00000000)
    _main_stk                                0x000000cd   Thumb Code     0  entry2.o(.ARM.Collect$$$$00000001)
    _main_scatterload                        0x000000d1   Thumb Code     0  entry5.o(.ARM.Collect$$$$00000004)
    __main_after_scatterload                 0x000000d5   Thumb Code     0  entry5.o(.ARM.Collect$$$$00000004)
    _main_clock                              0x000000d5   Thumb Code     0  entry7b.o(.ARM.Collect$$$$00000008)
    _main_init                               0x000000d5   Thumb Code     0  entry8.o(.ARM.Collect$$$$00000009)
    rt_set_PSP                               0x000000e1   Thumb Code     6  hal_cm3.o(.emb_text)
    rt_get_PSP                               0x000000e7   Thumb Code     6  hal_cm3.o(.emb_text)
    os_set_env                               0x000000ed   Thumb Code    24  hal_cm3.o(.emb_text)
    _alloc_box                               0x00000109   Thumb Code    28  hal_cm3.o(.emb_text)
    _free_box                                0x00000129   Thumb Code    28  hal_cm3.o(.emb_text)
    SVC_Handler                              0x00000149   Thumb Code   124  hal_cm3.o(.emb_text)
    PendSV_Handler                           0x000001d1   Thumb Code    76  hal_cm3.o(.emb_text)
    SysTick_Handler                          0x00000221   Thumb Code     8  hal_cm3.o(.emb_text)
    OS_Tick_Handler                          0x00000229   Thumb Code    12  hal_cm3.o(.emb_text)
    Reset_Handler                            0x00000235   Thumb Code     8  startup_lpc17xx.o(.text)
    NMI_Handler                              0x0000023d   Thumb Code     2  startup_lpc17xx.o(.text)
    HardFault_Handler                        0x0000023f   Thumb Code     2  startup_lpc17xx.o(.text)
    MemManage_Handler                        0x00000241   Thumb Code     2  startup_lpc17xx.o(.text)
    BusFault_Handler                         0x00000243   Thumb Code     2  startup_lpc17xx.o(.text)
    UsageFault_Handler                       0x00000245   Thumb Code     2  startup_lpc17xx.o(.text)
    DebugMon_Handler                         0x00000249   Thumb Code     2  startup_lpc17xx.o(.text)
    ADC_IRQHandler                           0x0000024f   Thumb Code     0  startup_lpc17xx.o(.text)
    BOD_IRQHandler                           0x0000024f   Thumb Code     0  startup_lpc17xx.o(.text)
    CANActivity_IRQHandler                   0x0000024f   Thumb Code     0  startup_lpc17xx.o(.text)
    CAN_IRQHandler                           0x0000024f   Thumb Code     0  startup_lpc17xx.o(.text)
    DMA_IRQHandler                           0x0000024f   Thumb Code     0  startup_lpc17xx.o(.text)
    EINT0_IRQHandler                         0x0000024f   Thumb Code     0  startup_lpc17xx.o(.text)
    EINT1_IRQHandler                         0x0000024f   Thumb Code     0  startup_lpc17xx.o(.text)
    EINT2_IRQHandler                         0x0000024f   Thumb Code     0  startup_lpc17xx.o(.text)
    EINT3_IRQHandler                         0x0000024f   Thumb Code     0  startup_lpc17xx.o(.text)
    ENET_IRQHandler                          0x0000024f   Thumb Code     0  startup_lpc17xx.o(.text)
    I2C0_IRQHandler                          0x0000024f   Thumb Code     0  startup_lpc17xx.o(.text)
    I2C1_IRQHandler                          0x0000024f   Thumb Code     0  startup_lpc17xx.o(.text)
    I2C2_IRQHandler                          0x0000024f   Thumb Code     0  startup_lpc17xx.o(.text)
    I2S_IRQHandler                           0x0000024f   Thumb Code     0  startup_lpc17xx.o(.text)
    MCPWM_IRQHandler                         0x0000024f   Thumb Code     0  startup_lpc17xx.o(.text)
    PLL0_IRQHandler                          0x0000024f   Thumb Code     0  startup_lpc17xx.o(.text)
    PLL1_IRQHandler                          0x0000024f   Thumb Code     0  startup_lpc17xx.o(.text)
    PWM1_IRQHandler                          0x0000024f   Thumb Code     0  startup_lpc17xx.o(.text)
    QEI_IRQHandler                           0x0000024f   Thumb Code     0  startup_lpc17xx.o(.text)
    RIT_IRQHandler                           0x0000024f   Thumb Code     0  startup_lpc17xx.o(.text)
    RTC_IRQHandler                           0x0000024f   Thumb Code     0  startup_lpc17xx.o(.text)
    SPI_IRQHandler                           0x0000024f   Thumb Code     0  startup_lpc17xx.o(.text)
    SSP0_IRQHandler                          0x0000024f   Thumb Code     0  startup_lpc17xx.o(.text)
    SSP1_IRQHandler                          0x0000024f   Thumb Code     0  startup_lpc17xx.o(.text)
    TIMER0_IRQHandler                        0x0000024f   Thumb Code     0  startup_lpc17xx.o(.text)
    TIMER1_IRQHandler                        0x0000024f   Thumb Code     0  startup_lpc17xx.o(.text)
    TIMER2_IRQHandler                        0x0000024f   Thumb Code     0  startup_lpc17xx.o(.text)
    TIMER3_IRQHandler                        0x0000024f   Thumb Code     0  startup_lpc17xx.o(.text)
    UART2_IRQHandler                         0x0000024f   Thumb Code     0  startup_lpc17xx.o(.text)
    UART3_IRQHandler                         0x0000024f   Thumb Code     0  startup_lpc17xx.o(.text)
    USBActivity_IRQHandler                   0x0000024f   Thumb Code     0  startup_lpc17xx.o(.text)
    USB_IRQHandler                           0x0000024f   Thumb Code     0  startup_lpc17xx.o(.text)
    WDT_IRQHandler                           0x0000024f   Thumb Code     0  startup_lpc17xx.o(.text)
    LED_setup                                0x00000259   Thumb Code    34  led.o(.text)
    LED_set                                  0x0000027b   Thumb Code    26  led.o(.text)
    LED_clear                                0x00000295   Thumb Code    26  led.o(.text)
    LED_display                              0x000002af   Thumb Code    38  led.o(.text)
    os_idle_demon                            0x000002dd   Thumb Code     4  rtx_config.o(.text)
    os_tmr_call                              0x000002e1   Thumb Code     2  rtx_config.o(.text)
    os_error                                 0x000002e3   Thumb Code     4  rtx_config.o(.text)
    SVC_Count                                0x000002e8   Data           4  SVC_Table.o(SVC_TABLE)
    SVC_Table                                0x000002ec   Data           0  SVC_Table.o(SVC_TABLE)
    __scatterload_copy                       0x000002ed   Thumb Code    14  handlers.o(i.__scatterload_copy)
    __scatterload_null                       0x000002fb   Thumb Code     2  handlers.o(i.__scatterload_null)
    SystemCoreClockUpdate                    0x00000301   Thumb Code   424  system_lpc17xx.o(.text)
    __RL_RTX_VER                             0x00000460   Number         0  rt_system.o ABSOLUTE
    SystemInit                               0x000004a9   Thumb Code   290  system_lpc17xx.o(.text)
    Task_MenuUpdate                          0x00000619   Thumb Code    10  main.o(.text)
    clearTEXEL                               0x00000623   Thumb Code    32  main.o(.text)
    renderBullet                             0x00000643   Thumb Code    64  main.o(.text)
    PathExist_TEXEL_Space                    0x00000683   Thumb Code    54  main.o(.text)
    PathExist_Screen_Space                   0x000006b9   Thumb Code    72  main.o(.text)
    Task_Render                              0x00000701   Thumb Code   286  main.o(.text)
    Task_InputHandler                        0x0000081f   Thumb Code   410  main.o(.text)
    Task_CharMapUpdate                       0x000009b9   Thumb Code    10  main.o(.text)
    Task_ProjectilesUpdate                   0x000009c3   Thumb Code   278  main.o(.text)
    Task_TrapUpdate                          0x00000ad9   Thumb Code    10  main.o(.text)
    Task_EnemyUpdate                         0x00000ae3   Thumb Code    10  main.o(.text)
    start_tasks                              0x00000aed   Thumb Code   138  main.o(.text)
    init                                     0x00000b77   Thumb Code    40  main.o(.text)
    main                                     0x00000b9f   Thumb Code    36  main.o(.text)
    sendchar                                 0x00000c11   Thumb Code    30  retarget.o(.text)
    getkey                                   0x00000c2f   Thumb Code     6  retarget.o(.text)
    fputc                                    0x00000c35   Thumb Code    14  retarget.o(.text)
    fgetc                                    0x00000c43   Thumb Code    20  retarget.o(.text)
    ferror                                   0x00000c57   Thumb Code     8  retarget.o(.text)
    _ttywrch                                 0x00000c5f   Thumb Code    12  retarget.o(.text)
    _sys_exit                                0x00000c6b   Thumb Code     4  retarget.o(.text)
    Free                                     0x00000c71   Thumb Code     6  uart.o(.text)
    Lock                                     0x00000c77   Thumb Code    28  uart.o(.text)
    LockRcv                                  0x00000c93   Thumb Code    28  uart.o(.text)
    LockSnd                                  0x00000caf   Thumb Code    28  uart.o(.text)
    FreeRcv                                  0x00000ccb   Thumb Code    28  uart.o(.text)
    FreeSnd                                  0x00000ce7   Thumb Code    28  uart.o(.text)
    UART0_IRQHandler                         0x00000d03   Thumb Code    86  uart.o(.text)
    UART1_IRQHandler                         0x00000d59   Thumb Code    88  uart.o(.text)
    getFrequency                             0x00000db1   Thumb Code    64  uart.o(.text)
    UARTInit                                 0x00000df1   Thumb Code   176  uart.o(.text)
    UARTSend                                 0x00000ea1   Thumb Code   112  uart.o(.text)
    UARTSendChar                             0x00000f11   Thumb Code    24  uart.o(.text)
    UARTRecieve                              0x00000f29   Thumb Code   134  uart.o(.text)
    UARTReceiveChar                          0x00000faf   Thumb Code    26  uart.o(.text)
    initJoystick                             0x0000101d   Thumb Code    14  controller.o(.text)
    readJoystick                             0x0000102b   Thumb Code    64  controller.o(.text)
    logJoystick                              0x0000106b   Thumb Code   124  controller.o(.text)
    initPotentiometer                        0x000010e7   Thumb Code    44  controller.o(.text)
    readPotentiometer                        0x00001113   Thumb Code    38  controller.o(.text)
    logPotetiometer                          0x00001139   Thumb Code    30  controller.o(.text)
    initPushBtn                              0x00001157   Thumb Code    14  controller.o(.text)
    readPushBtn                              0x00001165   Thumb Code    12  controller.o(.text)
    init_scroll                              0x00001229   Thumb Code    50  glcd_scroll.o(.text)
    refresh_lcd                              0x0000125b   Thumb Code    66  glcd_scroll.o(.text)
    append_char                              0x0000129d   Thumb Code   216  glcd_scroll.o(.text)
    print_text                               0x00001375   Thumb Code    24  glcd_scroll.o(.text)
    print_string                             0x0000138d   Thumb Code    34  glcd_scroll.o(.text)
    moveUp                                   0x000013af   Thumb Code    58  glcd_scroll.o(.text)
    moveDown                                 0x000013e9   Thumb Code    60  glcd_scroll.o(.text)
    moveFirst                                0x00001425   Thumb Code    42  glcd_scroll.o(.text)
    moveLast                                 0x0000144f   Thumb Code    82  glcd_scroll.o(.text)
    initJoyStick                             0x000014a1   Thumb Code    98  glcd_scroll.o(.text)
    joyStickBusyWaitingMonitor               0x00001503   Thumb Code    86  glcd_scroll.o(.text)
    GLCD_Init                                0x00001715   Thumb Code  1514  glcd_spi_lpc1700.o(.text)
    GLCD_SetWindow                           0x00001cff   Thumb Code   168  glcd_spi_lpc1700.o(.text)
    GLCD_WindowMax                           0x00001da7   Thumb Code    26  glcd_spi_lpc1700.o(.text)
    GLCD_PutPixel                            0x00001dc1   Thumb Code   118  glcd_spi_lpc1700.o(.text)
    GLCD_SetTextColor                        0x00001e37   Thumb Code     6  glcd_spi_lpc1700.o(.text)
    GLCD_SetBackColor                        0x00001e3d   Thumb Code     6  glcd_spi_lpc1700.o(.text)
    GLCD_Clear                               0x00001e43   Thumb Code    42  glcd_spi_lpc1700.o(.text)
    GLCD_DrawChar                            0x00001e6d   Thumb Code   150  glcd_spi_lpc1700.o(.text)
    GLCD_DisplayChar                         0x00001f03   Thumb Code    84  glcd_spi_lpc1700.o(.text)
    GLCD_DisplayString                       0x00001f57   Thumb Code    40  glcd_spi_lpc1700.o(.text)
    GLCD_ClearLn                             0x00001f7f   Thumb Code    94  glcd_spi_lpc1700.o(.text)
    GLCD_Bargraph                            0x00001fdd   Thumb Code    98  glcd_spi_lpc1700.o(.text)
    GLCD_Bitmap                              0x0000203f   Thumb Code    82  glcd_spi_lpc1700.o(.text)
    GLCD_Bitmap_Yfliped                      0x00002091   Thumb Code    82  glcd_spi_lpc1700.o(.text)
    GLCD_Bitmap_XYfliped                     0x000020e3   Thumb Code    82  glcd_spi_lpc1700.o(.text)
    GLCD_Bitmap_ROT                          0x00002135   Thumb Code   176  glcd_spi_lpc1700.o(.text)
    GLCD_ScrollVertical                      0x000021e5   Thumb Code     2  glcd_spi_lpc1700.o(.text)
    GLCD_WrCmd                               0x000021e7   Thumb Code    12  glcd_spi_lpc1700.o(.text)
    GLCD_WrReg                               0x000021f3   Thumb Code    16  glcd_spi_lpc1700.o(.text)
    draw_TEXEL                               0x00002265   Thumb Code   172  glcdrenderlib.o(.text)
    __aeabi_uldivmod                         0x00002325   Thumb Code    98  uldiv.o(.text)
    __aeabi_uidiv                            0x00002387   Thumb Code     0  uidiv.o(.text)
    __aeabi_uidivmod                         0x00002387   Thumb Code    44  uidiv.o(.text)
    __aeabi_llsl                             0x000023b3   Thumb Code    30  llshl.o(.text)
    _ll_shift_l                              0x000023b3   Thumb Code     0  llshl.o(.text)
    __aeabi_llsr                             0x000023d1   Thumb Code    32  llushr.o(.text)
    _ll_ushift_r                             0x000023d1   Thumb Code     0  llushr.o(.text)
    __scatterload                            0x000023f1   Thumb Code    28  init.o(.text)
    __scatterload_rt2                        0x000023f1   Thumb Code     0  init.o(.text)
    __decompress                             0x00002415   Thumb Code     0  __dclz77c.o(.text)
    __decompress2                            0x00002415   Thumb Code    96  __dclz77c.o(.text)
    __0printf$3                              0x00002475   Thumb Code    22  printf3.o(i.__0printf$3)
    __1printf$3                              0x00002475   Thumb Code     0  printf3.o(i.__0printf$3)
    __2printf                                0x00002475   Thumb Code     0  printf3.o(i.__0printf$3)
    __scatterload_zeroinit                   0x00002495   Thumb Code    14  handlers.o(i.__scatterload_zeroinit)
    _init_box                                0x000024a3   Thumb Code    70  rt_membox.o(i._init_box)
    dbg_init                                 0x000026a1   Thumb Code    34  hal_cm3.o(i.dbg_init)
    dbg_task_notify                          0x000026d1   Thumb Code    32  hal_cm3.o(i.dbg_task_notify)
    dbg_task_switch                          0x000026f1   Thumb Code    16  hal_cm3.o(i.dbg_task_switch)
    last_line                                0x00002701   Thumb Code    22  glcd_scroll.o(i.last_line)
    last_window_line                         0x00002721   Thumb Code    22  glcd_scroll.o(i.last_window_line)
    os_tick_init                             0x00002741   Thumb Code    32  rt_system.o(i.os_tick_init)
    os_tick_irqack                           0x00002769   Thumb Code     2  rt_system.o(i.os_tick_irqack)
    rt_alloc_box                             0x0000276b   Thumb Code    26  rt_membox.o(i.rt_alloc_box)
    rt_block                                 0x00002785   Thumb Code    48  rt_task.o(i.rt_block)
    rt_chk_robin                             0x000027bd   Thumb Code    60  rt_robin.o(i.rt_chk_robin)
    rt_dec_dly                               0x00002805   Thumb Code   106  rt_list.o(i.rt_dec_dly)
    rt_dispatch                              0x00002879   Thumb Code    60  rt_task.o(i.rt_dispatch)
    rt_evt_psh                               0x000028bd   Thumb Code    72  rt_event.o(i.rt_evt_psh)
    rt_free_box                              0x00002909   Thumb Code    32  rt_membox.o(i.rt_free_box)
    rt_get_first                             0x00002929   Thumb Code    40  rt_list.o(i.rt_get_first)
    rt_get_same_rdy_prio                     0x00002951   Thumb Code    26  rt_list.o(i.rt_get_same_rdy_prio)
    rt_init_robin                            0x000029b9   Thumb Code    14  rt_robin.o(i.rt_init_robin)
    rt_init_stack                            0x000029d1   Thumb Code    70  hal_cm3.o(i.rt_init_stack)
    rt_itv_set                               0x00002a21   Thumb Code    16  rt_time.o(i.rt_itv_set)
    rt_itv_wait                              0x00002a39   Thumb Code    34  rt_time.o(i.rt_itv_wait)
    rt_mbx_psh                               0x00002a65   Thumb Code   188  rt_mailbox.o(i.rt_mbx_psh)
    rt_mut_init                              0x00002b25   Thumb Code    16  rt_mutex.o(i.rt_mut_init)
    rt_mut_release                           0x00002b35   Thumb Code   164  rt_mutex.o(i.rt_mut_release)
    rt_mut_wait                              0x00002be1   Thumb Code    96  rt_mutex.o(i.rt_mut_wait)
    rt_pop_req                               0x00002c45   Thumb Code   106  rt_system.o(i.rt_pop_req)
    rt_put_dly                               0x00002cbd   Thumb Code    68  rt_list.o(i.rt_put_dly)
    rt_put_prio                              0x00002d05   Thumb Code    54  rt_list.o(i.rt_put_prio)
    rt_put_rdy_first                         0x00002d3d   Thumb Code    14  rt_list.o(i.rt_put_rdy_first)
    rt_resort_prio                           0x00002d51   Thumb Code    46  rt_list.o(i.rt_resort_prio)
    rt_rmv_dly                               0x00002d85   Thumb Code    40  rt_list.o(i.rt_rmv_dly)
    rt_rmv_list                              0x00002dad   Thumb Code    44  rt_list.o(i.rt_rmv_list)
    rt_sem_psh                               0x00002ddd   Thumb Code    46  rt_semaphore.o(i.rt_sem_psh)
    rt_stk_check                             0x00002e11   Thumb Code    28  rt_system.o(i.rt_stk_check)
    rt_switch_req                            0x00002e35   Thumb Code    30  rt_task.o(i.rt_switch_req)
    rt_sys_init                              0x00002e5d   Thumb Code   266  rt_task.o(i.rt_sys_init)
    rt_systick                               0x00002fb5   Thumb Code    48  rt_system.o(i.rt_systick)
    rt_tmr_tick                              0x00002ff1   Thumb Code    56  rt_timer.o(i.rt_tmr_tick)
    rt_tsk_create                            0x00003031   Thumb Code   126  rt_task.o(i.rt_tsk_create)
    rt_tsk_delete                            0x000030c5   Thumb Code   162  rt_task.o(i.rt_tsk_delete)
    rt_tsk_pass                              0x00003181   Thumb Code    38  rt_task.o(i.rt_tsk_pass)
    led_pos                                  0x000031b0   Data           8  led.o(.constdata)
    os_maxtaskrun                            0x000031b8   Data           2  rtx_config.o(.constdata)
    os_stackinfo                             0x000031bc   Data           4  rtx_config.o(.constdata)
    os_rrobin                                0x000031c0   Data           4  rtx_config.o(.constdata)
    os_trv                                   0x000031c4   Data           4  rtx_config.o(.constdata)
    os_flags                                 0x000031c8   Data           1  rtx_config.o(.constdata)
    os_clockrate                             0x000031cc   Data           4  rtx_config.o(.constdata)
    os_timernum                              0x000031d0   Data           4  rtx_config.o(.constdata)
    mp_tcb_size                              0x000031d4   Data           2  rtx_config.o(.constdata)
    mp_stk_size                              0x000031d8   Data           4  rtx_config.o(.constdata)
    os_fifo_size                             0x000031dc   Data           1  rtx_config.o(.constdata)
    mp_tmr_size                              0x000031de   Data           2  rtx_config.o(.constdata)
    Font_6x8_h                               0x000031e0   Data         896  glcd_spi_lpc1700.o(.constdata)
    Font_16x24_h                             0x00003560   Data        5376  glcd_spi_lpc1700.o(.constdata)
    Region$$Table$$Base                      0x00004a60   Number         0  anon$$obj.o(Region$$Table)
    Region$$Table$$Limit                     0x00004a80   Number         0  anon$$obj.o(Region$$Table)
    SystemCoreClock                          0x10000000   Data           4  system_lpc17xx.o(.data)
    Bullet_quant                             0x10000004   Data           1  main.o(.data)
    map                                      0x10000006   Data          24  main.o(.data)
    prevPotentio                             0x1000001e   Data           2  main.o(.data)
    Hiro                                     0x10000020   Data           3  main.o(.data)
    __stdout                                 0x10000024   Data           4  retarget.o(.data)
    __stdin                                  0x10000028   Data           4  retarget.o(.data)
    m_tmr                                    0x1000002c   Data           4  rtx_config.o(.data)
    ITM_RxBuffer                             0x10000030   Data           4  uart.o(.data)
    UART0TxEmpty                             0x10000034   Data           1  uart.o(.data)
    UART1TxEmpty                             0x10000035   Data           1  uart.o(.data)
    UART0Count                               0x10000038   Data           4  uart.o(.data)
    UART1Count                               0x1000003c   Data           4  uart.o(.data)
    i                                        0x10000040   Data           4  uart.o(.data)
    UART0Status                              0x10000044   Data           4  uart.o(.data)
    UART1Status                              0x10000048   Data           4  uart.o(.data)
    RcvLock0                                 0x1000004c   Data           1  uart.o(.data)
    SndLock0                                 0x1000004d   Data           1  uart.o(.data)
    RcvLock1                                 0x1000004e   Data           1  uart.o(.data)
    SndLock1                                 0x1000004f   Data           1  uart.o(.data)
    g_prevVal_Potentiometer                  0x10000050   Data           2  controller.o(.data)
    g_prevVal_JoyStick                       0x10000052   Data           1  controller.o(.data)
    cache_start                              0x10000054   Data           4  glcd_scroll.o(.data)
    cache_size                               0x10000058   Data           4  glcd_scroll.o(.data)
    last_col_cahche                          0x1000005c   Data           2  glcd_scroll.o(.data)
    window_start                             0x10000060   Data           4  glcd_scroll.o(.data)
    window_size                              0x10000064   Data           4  glcd_scroll.o(.data)
    bitmap_player                            0x1000006e   Data         800  glcdrenderlib.o(.data)
    bitmap_zombie                            0x1000038e   Data         800  glcdrenderlib.o(.data)
    bitmap_potion                            0x100006ae   Data         800  glcdrenderlib.o(.data)
    bitmap_ghost                             0x100009ce   Data         800  glcdrenderlib.o(.data)
    bitmap_rat                               0x10000cee   Data         800  glcdrenderlib.o(.data)
    os_tsk                                   0x10001010   Data           8  rt_task.o(.data)
    os_time                                  0x10001018   Data           4  rt_time.o(.data)
    dbg_msg                                  0x1000101c   Data           1  hal_cm3.o(.data)
    os_tick_irqn                             0x10001024   Data           4  rt_system.o(.data)
    os_robin                                 0x10001028   Data           8  rt_robin.o(.data)
    os_tmr                                   0x10001030   Data           8  rt_timer.o(.data)
    Bullets                                  0x10001038   Data          24  main.o(.bss)
    mutex_Hiro                               0x10001050   Data          12  main.o(.bss)
    mutex_map                                0x1000105c   Data          12  main.o(.bss)
    mutex_bullets                            0x10001068   Data          12  main.o(.bss)
    mp_tcb                                   0x10001078   Data         300  rtx_config.o(.bss)
    mp_stk                                   0x100011a8   Data        3600  rtx_config.o(.bss)
    os_fifo                                  0x10001fb8   Data         132  rtx_config.o(.bss)
    os_active_TCB                            0x1000203c   Data          24  rtx_config.o(.bss)
    UART0Buffer                              0x10002054   Data          64  uart.o(.bss)
    UART1Buffer                              0x10002094   Data          64  uart.o(.bss)
    chache                                   0x100020d4   Data         525  glcd_scroll.o(.bss)
    os_idle_TCB                              0x100022e4   Data          48  rt_task.o(.bss)
    os_rdy                                   0x10002314   Data          24  rt_list.o(.bss)
    os_dly                                   0x1000232c   Data          24  rt_list.o(.bss)
    __initial_sp                             0x10004348   Data           0  startup_lpc17xx.o(STACK)



==============================================================================

Memory Map of the image

  Image Entry point : 0x000000cd

  Load Region LR_IROM1 (Base: 0x00000000, Size: 0x00005ab8, Max: 0x00080000, ABSOLUTE, COMPRESSED[0x00004c60])

    Execution Region ER_IROM1 (Base: 0x00000000, Size: 0x00004a80, Max: 0x00080000, ABSOLUTE)

    Base Addr    Size         Type   Attr      Idx    E Section Name        Object

    0x00000000   0x000000cc   Data   RO            3    RESET               startup_lpc17xx.o
    0x000000cc   0x00000000   Code   RO          935  * .ARM.Collect$$$$00000000  mc_w.l(entry.o)
    0x000000cc   0x00000004   Code   RO         1201    .ARM.Collect$$$$00000001  mc_w.l(entry2.o)
    0x000000d0   0x00000004   Code   RO         1204    .ARM.Collect$$$$00000004  mc_w.l(entry5.o)
    0x000000d4   0x00000000   Code   RO         1206    .ARM.Collect$$$$00000008  mc_w.l(entry7b.o)
    0x000000d4   0x00000008   Code   RO         1207    .ARM.Collect$$$$00000009  mc_w.l(entry8.o)
    0x000000dc   0x00000004   Code   RO         1202    .ARM.Collect$$$$00002712  mc_w.l(entry2.o)
    0x000000e0   0x00000154   Code   RO          520    .emb_text           RTX_CM3.LIB(hal_cm3.o)
    0x00000234   0x00000024   Code   RO            5    .text               startup_lpc17xx.o
    0x00000258   0x00000084   Code   RO          108    .text               led.o
    0x000002dc   0x0000000a   Code   RO          161    .text               rtx_config.o
    0x000002e6   0x00000002   PAD
    0x000002e8   0x00000004   Code   RO          779    SVC_TABLE           RTX_CM3.LIB(SVC_Table.o)
    0x000002ec   0x0000000e   Code   RO         1233    i.__scatterload_copy  mc_w.l(handlers.o)
    0x000002fa   0x00000002   Code   RO         1234    i.__scatterload_null  mc_w.l(handlers.o)
    0x000002fc   0x00000004   Code   RO            4    .ARM.__at_0x02FC    startup_lpc17xx.o
    0x00000300   0x00000318   Code   RO           15    .text               system_lpc17xx.o
    0x00000618   0x000005f8   Code   RO           58    .text               main.o
    0x00000c10   0x0000005e   Code   RO          136    .text               retarget.o
    0x00000c6e   0x00000002   PAD
    0x00000c70   0x000003ac   Code   RO          206    .text               uart.o
    0x0000101c   0x0000020c   Code   RO          233    .text               controller.o
    0x00001228   0x00000354   Code   RO          260    .text               glcd_scroll.o
    0x0000157c   0x00000ce8   Code   RO          309    .text               glcd_spi_lpc1700.o
    0x00002264   0x000000c0   Code   RO          339    .text               glcdrenderlib.o
    0x00002324   0x00000062   Code   RO          938    .text               mc_w.l(uldiv.o)
    0x00002386   0x0000002c   Code   RO         1208    .text               mc_w.l(uidiv.o)
    0x000023b2   0x0000001e   Code   RO         1210    .text               mc_w.l(llshl.o)
    0x000023d0   0x00000020   Code   RO         1212    .text               mc_w.l(llushr.o)
    0x000023f0   0x00000024   Code   RO         1225    .text               mc_w.l(init.o)
    0x00002414   0x00000060   Code   RO         1239    .text               mc_w.l(__dclz77c.o)
    0x00002474   0x00000020   Code   RO         1029    i.__0printf$3       mc_w.l(printf3.o)
    0x00002494   0x0000000e   Code   RO         1235    i.__scatterload_zeroinit  mc_w.l(handlers.o)
    0x000024a2   0x00000046   Code   RO          746    i._init_box         RTX_CM3.LIB(rt_membox.o)
    0x000024e8   0x000001b8   Code   RO         1036    i._printf_core      mc_w.l(printf3.o)
    0x000026a0   0x00000030   Code   RO          521    i.dbg_init          RTX_CM3.LIB(hal_cm3.o)
    0x000026d0   0x00000020   Code   RO          522    i.dbg_task_notify   RTX_CM3.LIB(hal_cm3.o)
    0x000026f0   0x00000010   Code   RO          523    i.dbg_task_switch   RTX_CM3.LIB(hal_cm3.o)
    0x00002700   0x00000020   Code   RO          279    i.last_line         glcd_scroll.o
    0x00002720   0x00000020   Code   RO          284    i.last_window_line  glcd_scroll.o
    0x00002740   0x00000028   Code   RO          562    i.os_tick_init      RTX_CM3.LIB(rt_system.o)
    0x00002768   0x00000002   Code   RO          563    i.os_tick_irqack    RTX_CM3.LIB(rt_system.o)
    0x0000276a   0x0000001a   Code   RO          747    i.rt_alloc_box      RTX_CM3.LIB(rt_membox.o)
    0x00002784   0x00000038   Code   RO          360    i.rt_block          RTX_CM3.LIB(rt_task.o)
    0x000027bc   0x00000048   Code   RO          724    i.rt_chk_robin      RTX_CM3.LIB(rt_robin.o)
    0x00002804   0x00000074   Code   RO          645    i.rt_dec_dly        RTX_CM3.LIB(rt_list.o)
    0x00002878   0x00000044   Code   RO          361    i.rt_dispatch       RTX_CM3.LIB(rt_task.o)
    0x000028bc   0x0000004c   Code   RO          785    i.rt_evt_psh        RTX_CM3.LIB(rt_event.o)
    0x00002908   0x00000020   Code   RO          748    i.rt_free_box       RTX_CM3.LIB(rt_membox.o)
    0x00002928   0x00000028   Code   RO          646    i.rt_get_first      RTX_CM3.LIB(rt_list.o)
    0x00002950   0x00000024   Code   RO          647    i.rt_get_same_rdy_prio  RTX_CM3.LIB(rt_list.o)
    0x00002974   0x00000044   Code   RO          362    i.rt_init_context   RTX_CM3.LIB(rt_task.o)
    0x000029b8   0x00000018   Code   RO          725    i.rt_init_robin     RTX_CM3.LIB(rt_robin.o)
    0x000029d0   0x00000050   Code   RO          524    i.rt_init_stack     RTX_CM3.LIB(hal_cm3.o)
    0x00002a20   0x00000018   Code   RO          460    i.rt_itv_set        RTX_CM3.LIB(rt_time.o)
    0x00002a38   0x0000002c   Code   RO          461    i.rt_itv_wait       RTX_CM3.LIB(rt_time.o)
    0x00002a64   0x000000c0   Code   RO          828    i.rt_mbx_psh        RTX_CM3.LIB(rt_mailbox.o)
    0x00002b24   0x00000010   Code   RO          496    i.rt_mut_init       RTX_CM3.LIB(rt_mutex.o)
    0x00002b34   0x000000ac   Code   RO          497    i.rt_mut_release    RTX_CM3.LIB(rt_mutex.o)
    0x00002be0   0x00000064   Code   RO          498    i.rt_mut_wait       RTX_CM3.LIB(rt_mutex.o)
    0x00002c44   0x00000078   Code   RO          564    i.rt_pop_req        RTX_CM3.LIB(rt_system.o)
    0x00002cbc   0x00000048   Code   RO          649    i.rt_put_dly        RTX_CM3.LIB(rt_list.o)
    0x00002d04   0x00000036   Code   RO          650    i.rt_put_prio       RTX_CM3.LIB(rt_list.o)
    0x00002d3a   0x00000002   PAD
    0x00002d3c   0x00000014   Code   RO          651    i.rt_put_rdy_first  RTX_CM3.LIB(rt_list.o)
    0x00002d50   0x00000034   Code   RO          652    i.rt_resort_prio    RTX_CM3.LIB(rt_list.o)
    0x00002d84   0x00000028   Code   RO          653    i.rt_rmv_dly        RTX_CM3.LIB(rt_list.o)
    0x00002dac   0x00000030   Code   RO          654    i.rt_rmv_list       RTX_CM3.LIB(rt_list.o)
    0x00002ddc   0x00000034   Code   RO          874    i.rt_sem_psh        RTX_CM3.LIB(rt_semaphore.o)
    0x00002e10   0x00000024   Code   RO          567    i.rt_stk_check      RTX_CM3.LIB(rt_system.o)
    0x00002e34   0x00000028   Code   RO          363    i.rt_switch_req     RTX_CM3.LIB(rt_task.o)
    0x00002e5c   0x00000158   Code   RO          364    i.rt_sys_init       RTX_CM3.LIB(rt_task.o)
    0x00002fb4   0x0000003c   Code   RO          569    i.rt_systick        RTX_CM3.LIB(rt_system.o)
    0x00002ff0   0x00000040   Code   RO          910    i.rt_tmr_tick       RTX_CM3.LIB(rt_timer.o)
    0x00003030   0x00000094   Code   RO          365    i.rt_tsk_create     RTX_CM3.LIB(rt_task.o)
    0x000030c4   0x000000bc   Code   RO          366    i.rt_tsk_delete     RTX_CM3.LIB(rt_task.o)
    0x00003180   0x00000030   Code   RO          367    i.rt_tsk_pass       RTX_CM3.LIB(rt_task.o)
    0x000031b0   0x00000008   Data   RO          109    .constdata          led.o
    0x000031b8   0x00000028   Data   RO          163    .constdata          rtx_config.o
    0x000031e0   0x00001880   Data   RO          310    .constdata          glcd_spi_lpc1700.o
    0x00004a60   0x00000020   Data   RO         1231    Region$$Table       anon$$obj.o


    Execution Region RW_IRAM1 (Base: 0x10000000, Size: 0x00004348, Max: 0x00008000, ABSOLUTE, COMPRESSED[0x000001e0])

    Base Addr    Size         Type   Attr      Idx    E Section Name        Object

    0x10000000   0x00000004   Data   RW           16    .data               system_lpc17xx.o
    0x10000004   0x0000001f   Data   RW           60    .data               main.o
    0x10000023   0x00000001   PAD
    0x10000024   0x00000008   Data   RW          137    .data               retarget.o
    0x1000002c   0x00000004   Data   RW          164    .data               rtx_config.o
    0x10000030   0x00000020   Data   RW          208    .data               uart.o
    0x10000050   0x00000003   Data   RW          234    .data               controller.o
    0x10000053   0x00000001   PAD
    0x10000054   0x00000014   Data   RW          262    .data               glcd_scroll.o
    0x10000068   0x00000005   Data   RW          311    .data               glcd_spi_lpc1700.o
    0x1000006d   0x00000001   PAD
    0x1000006e   0x00000fa0   Data   RW          340    .data               glcdrenderlib.o
    0x1000100e   0x00000002   PAD
    0x10001010   0x00000008   Data   RW          371    .data               RTX_CM3.LIB(rt_task.o)
    0x10001018   0x00000004   Data   RW          463    .data               RTX_CM3.LIB(rt_time.o)
    0x1000101c   0x00000001   Data   RW          525    .data               RTX_CM3.LIB(hal_cm3.o)
    0x1000101d   0x00000003   PAD
    0x10001020   0x00000008   Data   RW          572    .data               RTX_CM3.LIB(rt_system.o)
    0x10001028   0x00000008   Data   RW          726    .data               RTX_CM3.LIB(rt_robin.o)
    0x10001030   0x00000008   Data   RW          911    .data               RTX_CM3.LIB(rt_timer.o)
    0x10001038   0x0000003c   Zero   RW           59    .bss                main.o
    0x10001074   0x00000004   PAD
    0x10001078   0x00000fdc   Zero   RW          162    .bss                rtx_config.o
    0x10002054   0x00000080   Zero   RW          207    .bss                uart.o
    0x100020d4   0x0000020d   Zero   RW          261    .bss                glcd_scroll.o
    0x100022e1   0x00000003   PAD
    0x100022e4   0x00000030   Zero   RW          370    .bss                RTX_CM3.LIB(rt_task.o)
    0x10002314   0x00000030   Zero   RW          655    .bss                RTX_CM3.LIB(rt_list.o)
    0x10002344   0x00000004   PAD
    0x10002348   0x00002000   Zero   RW            1    STACK               startup_lpc17xx.o


==============================================================================

Image component sizes


      Code (inc. data)   RO Data    RW Data    ZI Data      Debug   Object Name

       524        184          0          3          0       2297   controller.o
       916         56          0         20        525       5477   glcd_scroll.o
      3304         62       6272          5          0      10041   glcd_spi_lpc1700.o
       192         26          0       4000          0       1477   glcdrenderlib.o
       132          8          8          0          0      17968   led.o
      1528        130          0         31         60      11738   main.o
        94          0          0          8          0       3002   retarget.o
        10          0         40          4       4060       1740   rtx_config.o
        40         12        204          0       8192        856   startup_lpc17xx.o
       792         78          0          4          0       5225   system_lpc17xx.o
       940         60          0         32        128      28907   uart.o

    ----------------------------------------------------------------------
      8476        616       6556       4112      12972      88728   Object Totals
         0          0         32          0          0          0   (incl. Generated)
         4          0          0          5          7          0   (incl. Padding)

    ----------------------------------------------------------------------

      Code (inc. data)   RO Data    RW Data    ZI Data      Debug   Library Member Name

         4          4          0          0          0        136   SVC_Table.o
       516         56          0          1          0       2465   hal_cm3.o
        76          4          0          0          0        541   rt_event.o
       478         40          0          0         48       4249   rt_list.o
       192          4          0          0          0        605   rt_mailbox.o
       128          0          0          0          0       1489   rt_membox.o
       288         12          0          0          0       1601   rt_mutex.o
        96         22          0          8          0        962   rt_robin.o
        52          6          0          0          0        453   rt_semaphore.o
       258         42          0          8          0       2962   rt_system.o
       960        166          0          8         48       6716   rt_task.o
        68         18          0          4          0        937   rt_time.o
        64          8          0          8          0        583   rt_timer.o
        96          0          0          0          0          0   __dclz77c.o
         0          0          0          0          0          0   entry.o
         8          4          0          0          0          0   entry2.o
         4          0          0          0          0          0   entry5.o
         0          0          0          0          0          0   entry7b.o
         8          4          0          0          0          0   entry8.o
        30          0          0          0          0          0   handlers.o
        36          8          0          0          0         68   init.o
        30          0          0          0          0         68   llshl.o
        32          0          0          0          0         68   llushr.o
       472         14          0          0          0        180   printf3.o
        44          0          0          0          0         80   uidiv.o
        98          0          0          0          0         92   uldiv.o

    ----------------------------------------------------------------------
      4040        412          0         40        100      24255   Library Totals
         2          0          0          3          4          0   (incl. Padding)

    ----------------------------------------------------------------------

      Code (inc. data)   RO Data    RW Data    ZI Data      Debug   Library Name

      3180        382          0         37         96      23699   RTX_CM3.LIB
       858         30          0          0          0        556   mc_w.l

    ----------------------------------------------------------------------
      4040        412          0         40        100      24255   Library Totals

    ----------------------------------------------------------------------

==============================================================================


      Code (inc. data)   RO Data    RW Data    ZI Data      Debug   

     12516       1028       6556       4152      13072     109655   Grand Totals
     12516       1028       6556        480      13072     109655   ELF Image Totals (compressed)
     12516       1028       6556        480          0          0   ROM Totals

==============================================================================

    Total RO  Size (Code + RO Data)                19072 (  18.63kB)
    Total RW  Size (RW Data + ZI Data)             17224 (  16.82kB)
    Total ROM Size (Code + RO Data + RW Data)      19552 (  19.09kB)

==============================================================================

